<!doctype html public "-//w3c//dtd html 4.0 transitional//en">
<html><head>
<title>Static Call Graph - [.\build\audio.axf]</title></head>
<body><HR>
<H1>Static Call Graph for image .\build\audio.axf</H1><HR>
<BR><P>#&#060CALLGRAPH&#062# ARM Linker, 5060528: Last Updated: Thu Nov 30 12:14:29 2017
<BR><P>
<H3>Maximum Stack Usage =        584 bytes + Unknown(Cycles, Untraceable Function Pointers)</H3><H3>
Call chain for Maximum Stack Depth:</H3>
main &rArr; $Super$$main &rArr; start() &rArr; increment_sequence(std::vector&lang;int, std::allocator&lang;int&rang;&rang;&) &rArr; std::vector&lang;int, std::allocator&lang;int&rang;&rang;::_C_insert_aux(int*, const int&) &rArr; std::allocator&lang;int&rang;::allocate(unsigned, const void*) &rArr; __rw::__rw_allocate(unsigned, int) &rArr; __rw::__rw_throw(int, ...) &rArr; std::__rw_exception::_C_vformat(int, std::__va_list) &rArr; [local to rwstdexcept_cpp]::__rw::__rw_vfmatstr(char*, unsigned, int, std::__va_list) &rArr; sscanf &rArr; __vfscanf_char &rArr; __vfscanf &rArr; _scanf_real
<P>
<H3>
Mutually Recursive functions
</H3> <LI><a href="#[1a]">NMI_Handler</a>&nbsp;&nbsp;&nbsp;&rArr;&nbsp;&nbsp;&nbsp;<a href="#[1a]">NMI_Handler</a><BR>
 <LI><a href="#[1b]">HardFault_Handler</a>&nbsp;&nbsp;&nbsp;&rArr;&nbsp;&nbsp;&nbsp;<a href="#[1b]">HardFault_Handler</a><BR>
 <LI><a href="#[1c]">MemManage_Handler</a>&nbsp;&nbsp;&nbsp;&rArr;&nbsp;&nbsp;&nbsp;<a href="#[1c]">MemManage_Handler</a><BR>
 <LI><a href="#[1d]">BusFault_Handler</a>&nbsp;&nbsp;&nbsp;&rArr;&nbsp;&nbsp;&nbsp;<a href="#[1d]">BusFault_Handler</a><BR>
 <LI><a href="#[1e]">UsageFault_Handler</a>&nbsp;&nbsp;&nbsp;&rArr;&nbsp;&nbsp;&nbsp;<a href="#[1e]">UsageFault_Handler</a><BR>
 <LI><a href="#[1f]">SVC_Handler</a>&nbsp;&nbsp;&nbsp;&rArr;&nbsp;&nbsp;&nbsp;<a href="#[1f]">SVC_Handler</a><BR>
 <LI><a href="#[20]">DebugMon_Handler</a>&nbsp;&nbsp;&nbsp;&rArr;&nbsp;&nbsp;&nbsp;<a href="#[20]">DebugMon_Handler</a><BR>
 <LI><a href="#[21]">PendSV_Handler</a>&nbsp;&nbsp;&nbsp;&rArr;&nbsp;&nbsp;&nbsp;<a href="#[21]">PendSV_Handler</a><BR>
 <LI><a href="#[22]">SysTick_Handler</a>&nbsp;&nbsp;&nbsp;&rArr;&nbsp;&nbsp;&nbsp;<a href="#[22]">SysTick_Handler</a><BR>
 <LI><a href="#[35]">ADC_IRQHandler</a>&nbsp;&nbsp;&nbsp;&rArr;&nbsp;&nbsp;&nbsp;<a href="#[35]">ADC_IRQHandler</a><BR>
 <LI><a href="#[185]">std::basic_string&lang;char, std::char_traits&lang;char&rang;, std::allocator&lang;char&rang;&rang;::_C_getRep(unsigned, unsigned)</a>&nbsp;&nbsp;&nbsp;&rArr;&nbsp;&nbsp;&nbsp;<a href="#[10a]">__rw::__rw_allocate(unsigned, int)</a><BR>
 <LI><a href="#[187]">std::basic_string&lang;char, std::char_traits&lang;char&rang;, std::allocator&lang;char&rang;&rang;::replace(unsigned, unsigned, const char*, unsigned, unsigned, unsigned)</a>&nbsp;&nbsp;&nbsp;&rArr;&nbsp;&nbsp;&nbsp;<a href="#[107]">__rw::__rw_throw(int, ...)</a><BR>
</UL>
<P>
<H3>
Function Pointers
</H3><UL>
 <LI><a href="#[67]">&lang;Func1&rang;</a> from SerialBase.o(i.<Func1>) referenced from SerialBase.o(i._ZN4mbed10SerialBaseC1E7PinNameS1_)
 <LI><a href="#[66]">&lang;Func5&rang;</a> from locale.o(i.<Func5>) referenced from locale.o(i._ZN4__rw15__rw_locale_impC1EPKcjj)
 <LI><a href="#[35]">ADC_IRQHandler</a> from startup_stm32f401xe.o(.text) referenced from startup_stm32f401xe.o(RESET)
 <LI><a href="#[1d]">BusFault_Handler</a> from startup_stm32f401xe.o(.text) referenced from startup_stm32f401xe.o(RESET)
 <LI><a href="#[2e]">DMA1_Stream0_IRQHandler</a> from startup_stm32f401xe.o(.text) referenced from startup_stm32f401xe.o(RESET)
 <LI><a href="#[2f]">DMA1_Stream1_IRQHandler</a> from startup_stm32f401xe.o(.text) referenced from startup_stm32f401xe.o(RESET)
 <LI><a href="#[30]">DMA1_Stream2_IRQHandler</a> from startup_stm32f401xe.o(.text) referenced from startup_stm32f401xe.o(RESET)
 <LI><a href="#[31]">DMA1_Stream3_IRQHandler</a> from startup_stm32f401xe.o(.text) referenced from startup_stm32f401xe.o(RESET)
 <LI><a href="#[32]">DMA1_Stream4_IRQHandler</a> from startup_stm32f401xe.o(.text) referenced from startup_stm32f401xe.o(RESET)
 <LI><a href="#[33]">DMA1_Stream5_IRQHandler</a> from startup_stm32f401xe.o(.text) referenced from startup_stm32f401xe.o(RESET)
 <LI><a href="#[34]">DMA1_Stream6_IRQHandler</a> from startup_stm32f401xe.o(.text) referenced from startup_stm32f401xe.o(RESET)
 <LI><a href="#[49]">DMA1_Stream7_IRQHandler</a> from startup_stm32f401xe.o(.text) referenced from startup_stm32f401xe.o(RESET)
 <LI><a href="#[4d]">DMA2_Stream0_IRQHandler</a> from startup_stm32f401xe.o(.text) referenced from startup_stm32f401xe.o(RESET)
 <LI><a href="#[4e]">DMA2_Stream1_IRQHandler</a> from startup_stm32f401xe.o(.text) referenced from startup_stm32f401xe.o(RESET)
 <LI><a href="#[4f]">DMA2_Stream2_IRQHandler</a> from startup_stm32f401xe.o(.text) referenced from startup_stm32f401xe.o(RESET)
 <LI><a href="#[50]">DMA2_Stream3_IRQHandler</a> from startup_stm32f401xe.o(.text) referenced from startup_stm32f401xe.o(RESET)
 <LI><a href="#[51]">DMA2_Stream4_IRQHandler</a> from startup_stm32f401xe.o(.text) referenced from startup_stm32f401xe.o(RESET)
 <LI><a href="#[53]">DMA2_Stream5_IRQHandler</a> from startup_stm32f401xe.o(.text) referenced from startup_stm32f401xe.o(RESET)
 <LI><a href="#[54]">DMA2_Stream6_IRQHandler</a> from startup_stm32f401xe.o(.text) referenced from startup_stm32f401xe.o(RESET)
 <LI><a href="#[55]">DMA2_Stream7_IRQHandler</a> from startup_stm32f401xe.o(.text) referenced from startup_stm32f401xe.o(RESET)
 <LI><a href="#[20]">DebugMon_Handler</a> from startup_stm32f401xe.o(.text) referenced from startup_stm32f401xe.o(RESET)
 <LI><a href="#[29]">EXTI0_IRQHandler</a> from startup_stm32f401xe.o(.text) referenced from startup_stm32f401xe.o(RESET)
 <LI><a href="#[46]">EXTI15_10_IRQHandler</a> from startup_stm32f401xe.o(.text) referenced from startup_stm32f401xe.o(RESET)
 <LI><a href="#[2a]">EXTI1_IRQHandler</a> from startup_stm32f401xe.o(.text) referenced from startup_stm32f401xe.o(RESET)
 <LI><a href="#[2b]">EXTI2_IRQHandler</a> from startup_stm32f401xe.o(.text) referenced from startup_stm32f401xe.o(RESET)
 <LI><a href="#[2c]">EXTI3_IRQHandler</a> from startup_stm32f401xe.o(.text) referenced from startup_stm32f401xe.o(RESET)
 <LI><a href="#[2d]">EXTI4_IRQHandler</a> from startup_stm32f401xe.o(.text) referenced from startup_stm32f401xe.o(RESET)
 <LI><a href="#[36]">EXTI9_5_IRQHandler</a> from startup_stm32f401xe.o(.text) referenced from startup_stm32f401xe.o(RESET)
 <LI><a href="#[27]">FLASH_IRQHandler</a> from startup_stm32f401xe.o(.text) referenced from startup_stm32f401xe.o(RESET)
 <LI><a href="#[59]">FPU_IRQHandler</a> from startup_stm32f401xe.o(.text) referenced from startup_stm32f401xe.o(RESET)
 <LI><a href="#[1b]">HardFault_Handler</a> from startup_stm32f401xe.o(.text) referenced from startup_stm32f401xe.o(RESET)
 <LI><a href="#[3f]">I2C1_ER_IRQHandler</a> from startup_stm32f401xe.o(.text) referenced from startup_stm32f401xe.o(RESET)
 <LI><a href="#[3e]">I2C1_EV_IRQHandler</a> from startup_stm32f401xe.o(.text) referenced from startup_stm32f401xe.o(RESET)
 <LI><a href="#[41]">I2C2_ER_IRQHandler</a> from startup_stm32f401xe.o(.text) referenced from startup_stm32f401xe.o(RESET)
 <LI><a href="#[40]">I2C2_EV_IRQHandler</a> from startup_stm32f401xe.o(.text) referenced from startup_stm32f401xe.o(RESET)
 <LI><a href="#[58]">I2C3_ER_IRQHandler</a> from startup_stm32f401xe.o(.text) referenced from startup_stm32f401xe.o(RESET)
 <LI><a href="#[57]">I2C3_EV_IRQHandler</a> from startup_stm32f401xe.o(.text) referenced from startup_stm32f401xe.o(RESET)
 <LI><a href="#[1c]">MemManage_Handler</a> from startup_stm32f401xe.o(.text) referenced from startup_stm32f401xe.o(RESET)
 <LI><a href="#[1a]">NMI_Handler</a> from startup_stm32f401xe.o(.text) referenced from startup_stm32f401xe.o(RESET)
 <LI><a href="#[52]">OTG_FS_IRQHandler</a> from startup_stm32f401xe.o(.text) referenced from startup_stm32f401xe.o(RESET)
 <LI><a href="#[48]">OTG_FS_WKUP_IRQHandler</a> from startup_stm32f401xe.o(.text) referenced from startup_stm32f401xe.o(RESET)
 <LI><a href="#[24]">PVD_IRQHandler</a> from startup_stm32f401xe.o(.text) referenced from startup_stm32f401xe.o(RESET)
 <LI><a href="#[21]">PendSV_Handler</a> from startup_stm32f401xe.o(.text) referenced from startup_stm32f401xe.o(RESET)
 <LI><a href="#[28]">RCC_IRQHandler</a> from startup_stm32f401xe.o(.text) referenced from startup_stm32f401xe.o(RESET)
 <LI><a href="#[47]">RTC_Alarm_IRQHandler</a> from startup_stm32f401xe.o(.text) referenced from startup_stm32f401xe.o(RESET)
 <LI><a href="#[26]">RTC_WKUP_IRQHandler</a> from startup_stm32f401xe.o(.text) referenced from startup_stm32f401xe.o(RESET)
 <LI><a href="#[19]">Reset_Handler</a> from startup_stm32f401xe.o(.text) referenced from startup_stm32f401xe.o(RESET)
 <LI><a href="#[4a]">SDIO_IRQHandler</a> from startup_stm32f401xe.o(.text) referenced from startup_stm32f401xe.o(RESET)
 <LI><a href="#[42]">SPI1_IRQHandler</a> from startup_stm32f401xe.o(.text) referenced from startup_stm32f401xe.o(RESET)
 <LI><a href="#[43]">SPI2_IRQHandler</a> from startup_stm32f401xe.o(.text) referenced from startup_stm32f401xe.o(RESET)
 <LI><a href="#[4c]">SPI3_IRQHandler</a> from startup_stm32f401xe.o(.text) referenced from startup_stm32f401xe.o(RESET)
 <LI><a href="#[5a]">SPI4_IRQHandler</a> from startup_stm32f401xe.o(.text) referenced from startup_stm32f401xe.o(RESET)
 <LI><a href="#[1f]">SVC_Handler</a> from startup_stm32f401xe.o(.text) referenced from startup_stm32f401xe.o(RESET)
 <LI><a href="#[22]">SysTick_Handler</a> from startup_stm32f401xe.o(.text) referenced from startup_stm32f401xe.o(RESET)
 <LI><a href="#[5d]">SystemInit</a> from system_stm32f4xx.o(i.SystemInit) referenced from startup_stm32f401xe.o(.text)
 <LI><a href="#[25]">TAMP_STAMP_IRQHandler</a> from startup_stm32f401xe.o(.text) referenced from startup_stm32f401xe.o(RESET)
 <LI><a href="#[37]">TIM1_BRK_TIM9_IRQHandler</a> from startup_stm32f401xe.o(.text) referenced from startup_stm32f401xe.o(RESET)
 <LI><a href="#[3a]">TIM1_CC_IRQHandler</a> from startup_stm32f401xe.o(.text) referenced from startup_stm32f401xe.o(RESET)
 <LI><a href="#[39]">TIM1_TRG_COM_TIM11_IRQHandler</a> from startup_stm32f401xe.o(.text) referenced from startup_stm32f401xe.o(RESET)
 <LI><a href="#[38]">TIM1_UP_TIM10_IRQHandler</a> from startup_stm32f401xe.o(.text) referenced from startup_stm32f401xe.o(RESET)
 <LI><a href="#[3b]">TIM2_IRQHandler</a> from startup_stm32f401xe.o(.text) referenced from startup_stm32f401xe.o(RESET)
 <LI><a href="#[3c]">TIM3_IRQHandler</a> from startup_stm32f401xe.o(.text) referenced from startup_stm32f401xe.o(RESET)
 <LI><a href="#[3d]">TIM4_IRQHandler</a> from startup_stm32f401xe.o(.text) referenced from startup_stm32f401xe.o(RESET)
 <LI><a href="#[4b]">TIM5_IRQHandler</a> from startup_stm32f401xe.o(.text) referenced from startup_stm32f401xe.o(RESET)
 <LI><a href="#[44]">USART1_IRQHandler</a> from startup_stm32f401xe.o(.text) referenced from startup_stm32f401xe.o(RESET)
 <LI><a href="#[45]">USART2_IRQHandler</a> from startup_stm32f401xe.o(.text) referenced from startup_stm32f401xe.o(RESET)
 <LI><a href="#[56]">USART6_IRQHandler</a> from startup_stm32f401xe.o(.text) referenced from startup_stm32f401xe.o(RESET)
 <LI><a href="#[1e]">UsageFault_Handler</a> from startup_stm32f401xe.o(.text) referenced from startup_stm32f401xe.o(RESET)
 <LI><a href="#[23]">WWDG_IRQHandler</a> from startup_stm32f401xe.o(.text) referenced from startup_stm32f401xe.o(RESET)
 <LI><a href="#[6b]">__default_new_handler()</a> from arm_newhandler_noexceptions.o(.text) referenced from new.o(i._Znwj)
 <LI><a href="#[63]">[local to arm_exceptions_c]::__default_terminate_handler()</a> from arm_exceptions_globs.o(.text) referenced from arm_exceptions_globs.o(.text)
 <LI><a href="#[7e]">__rw::__rw_facet_base::_C_initfacet(const std::locale&)</a> from char.o(i._ZN4__rw15__rw_facet_base12_C_initfacetERKSt6locale) referenced from rwstdexcept.o(.constdata__ZTVNSt6locale5facetE)
 <LI><a href="#[7e]">__rw::__rw_facet_base::_C_initfacet(const std::locale&)</a> from char.o(i._ZN4__rw15__rw_facet_base12_C_initfacetERKSt6locale) referenced from rwstdexcept.o(.constdata__ZTVSt8messagesIcE)
 <LI><a href="#[73]">__rw::__rw_facet_maker&lang;std::ctype&lang;char&rang;&rang;::_C_maker_func(int, const char*, unsigned)</a> from rwstdexcept.o(t._ZN4__rw16__rw_facet_makerISt5ctypeIcEE13_C_maker_funcEiPKcj) referenced from rwstdexcept.o(t._ZNKSt8messagesIcE6do_getEiiiRKSs)
 <LI><a href="#[70]">__rw::__rw_locale_vector&lang;__rw::__rw_cat*&rang;::~__rw_locale_vector()</a> from rwcats.o(t._ZN4__rw18__rw_locale_vectorIPNS_8__rw_catEED1Ev) referenced from rwcats.o(i.__sti___10_rwcats_cpp_64e8068e)
 <LI><a href="#[6a]">__rw::__rw_locale_vector&lang;std::__rw_open_cat_data&rang;::~__rw_locale_vector()</a> from messages.o(t._ZN4__rw18__rw_locale_vectorISt18__rw_open_cat_dataED1Ev) referenced from messages.o(i._ZSt13__rw_get_catsv)
 <LI><a href="#[8e]">__rw::__rw_throw_exception_noex(int, char*)</a> from rwthrowproc_impl_noex.o(i._ZN4__rw25__rw_throw_exception_noexEiPc) referenced from rwthrowproc_noex.o(.data)
 <LI><a href="#[75]">mbed::FileHandle::~FileHandle__sub_object()</a> from retarget.o(i._ZN4mbed10FileHandleD2Ev) referenced from retarget.o(.constdata__ZTVN4mbed10FileHandleE)
 <LI><a href="#[68]">mbed::SerialBase::_irq_handler(unsigned, SerialIrq)</a> from SerialBase.o(i._ZN4mbed10SerialBase12_irq_handlerEj9SerialIrq) referenced from SerialBase.o(i._ZN4mbed10SerialBaseC1E7PinNameS1_)
 <LI><a href="#[5c]">mbed::Serial::~Serial()</a> from Serial.o(i._ZN4mbed6SerialD1Ev) referenced from Serial.o(.constdata__ZTVN4mbed6SerialE)
 <LI><a href="#[5c]">mbed::Serial::~Serial()</a> from Serial.o(i._ZN4mbed6SerialD1Ev) referenced from main.o(.text)
 <LI><a href="#[77]">mbed::Stream::close()</a> from Stream.o(i._ZN4mbed6Stream5closeEv) referenced from Serial.o(.constdata__ZTVN4mbed6SerialE)
 <LI><a href="#[77]">mbed::Stream::close()</a> from Stream.o(i._ZN4mbed6Stream5closeEv) referenced from Stream.o(.constdata__ZTVN4mbed6StreamE)
 <LI><a href="#[78]">mbed::Stream::lseek(long, int)</a> from Stream.o(i._ZN4mbed6Stream5lseekEli) referenced from Serial.o(.constdata__ZTVN4mbed6SerialE)
 <LI><a href="#[78]">mbed::Stream::lseek(long, int)</a> from Stream.o(i._ZN4mbed6Stream5lseekEli) referenced from Stream.o(.constdata__ZTVN4mbed6StreamE)
 <LI><a href="#[76]">mbed::Stream::write(const void*, unsigned)</a> from Stream.o(i._ZN4mbed6Stream5writeEPKvj) referenced from Serial.o(.constdata__ZTVN4mbed6SerialE)
 <LI><a href="#[76]">mbed::Stream::write(const void*, unsigned)</a> from Stream.o(i._ZN4mbed6Stream5writeEPKvj) referenced from Stream.o(.constdata__ZTVN4mbed6StreamE)
 <LI><a href="#[7a]">mbed::Stream::~Stream__sub_object()</a> from Stream.o(i._ZN4mbed6StreamD2Ev) referenced from Stream.o(.constdata__ZTVN4mbed6StreamE)
 <LI><a href="#[7b]">mbed::FileBase::~FileBase()</a> from FileBase.o(i._ZN4mbed8FileBaseD1Ev) referenced from FileBase.o(.constdata__ZTVN4mbed8FileBaseE)
 <LI><a href="#[7c]">mbed::FileLike::~FileLike__sub_object()</a> from FileLike.o(i._ZN4mbed8FileLikeD2Ev) referenced from FileLike.o(.constdata__ZTVN4mbed8FileLikeE)
 <LI><a href="#[83]">std::__rw_exception::what() const</a> from rwstdexcept.o(i._ZNKSt14__rw_exception4whatEv) referenced from rwstdexcept.o(.constdata__ZTVSt14__rw_exception)
 <LI><a href="#[89]">std::messages&lang;char&rang;::do_get(int, int, int, const std::basic_string&lang;char, std::char_traits&lang;char&rang;, std::allocator&lang;char&rang;&rang;&) const</a> from rwstdexcept.o(t._ZNKSt8messagesIcE6do_getEiiiRKSs) referenced from rwstdexcept.o(.constdata__ZTVSt8messagesIcE)
 <LI><a href="#[88]">std::messages&lang;char&rang;::do_open(const std::basic_string&lang;char, std::char_traits&lang;char&rang;, std::allocator&lang;char&rang;&rang;&, const std::locale&) const</a> from rwstdexcept.o(t._ZNKSt8messagesIcE7do_openERKSsRKSt6locale) referenced from rwstdexcept.o(.constdata__ZTVSt8messagesIcE)
 <LI><a href="#[65]">std::basic_string&lang;char, std::char_traits&lang;char&rang;, std::allocator&lang;char&rang;&rang;::~basic_string()</a> from char.o(t._ZNSsD1Ev) referenced from locale.o(i._ZN4__rw15__rw_locale_impC1EPKcjj)
 <LI><a href="#[65]">std::basic_string&lang;char, std::char_traits&lang;char&rang;, std::allocator&lang;char&rang;&rang;::~basic_string()</a> from char.o(t._ZNSsD1Ev) referenced from locale.o(t._ZN4__rw18__rw_locale_vectorISsED1Ev)
 <LI><a href="#[80]">std::ctype_byname&lang;char&rang;::~ctype_byname__deallocating()</a> from char.o(i._ZNSt12ctype_bynameIcED0Ev) referenced from char.o(.constdata__ZTVSt12ctype_bynameIcE)
 <LI><a href="#[7f]">std::ctype_byname&lang;char&rang;::~ctype_byname()</a> from char.o(i._ZNSt12ctype_bynameIcED1Ev) referenced from char.o(.constdata__ZTVSt12ctype_bynameIcE)
 <LI><a href="#[82]">std::__rw_exception::~__rw_exception()</a> from rwstdexcept.o(i._ZNSt14__rw_exceptionD1Ev) referenced from rwstdexcept.o(.constdata__ZTVSt14__rw_exception)
 <LI><a href="#[72]">std::__rw_open_cat_data::__rw_open_cat_data()</a> from messages.o(i._ZNSt18__rw_open_cat_dataC1Ev) referenced from messages.o(t._ZN4__rw18__rw_locale_vectorISt18__rw_open_cat_dataE6resizeEj)
 <LI><a href="#[71]">std::__rw_open_cat_data::~__rw_open_cat_data()</a> from messages.o(i._ZNSt18__rw_open_cat_dataD1Ev) referenced from messages.o(t._ZN4__rw18__rw_locale_vectorISt18__rw_open_cat_dataE6resizeEj)
 <LI><a href="#[71]">std::__rw_open_cat_data::~__rw_open_cat_data()</a> from messages.o(i._ZNSt18__rw_open_cat_dataD1Ev) referenced from messages.o(t._ZN4__rw18__rw_locale_vectorISt18__rw_open_cat_dataED1Ev)
 <LI><a href="#[81]">std::ctype&lang;char&rang;::_C_initfacet(const std::locale&)</a> from char.o(i._ZNSt5ctypeIcE12_C_initfacetERKSt6locale) referenced from char.o(.constdata__ZTVSt12ctype_bynameIcE)
 <LI><a href="#[81]">std::ctype&lang;char&rang;::_C_initfacet(const std::locale&)</a> from char.o(i._ZNSt5ctypeIcE12_C_initfacetERKSt6locale) referenced from char.o(.constdata__ZTVSt5ctypeIcE)
 <LI><a href="#[85]">std::ctype&lang;char&rang;::~ctype__deallocating()</a> from char.o(i._ZNSt5ctypeIcED0Ev) referenced from char.o(.constdata__ZTVSt5ctypeIcE)
 <LI><a href="#[84]">std::ctype&lang;char&rang;::~ctype()</a> from char.o(i._ZNSt5ctypeIcED1Ev) referenced from char.o(.constdata__ZTVSt5ctypeIcE)
 <LI><a href="#[7d]">std::locale::facet::~facet__deallocating()</a> from rwstdexcept.o(i._ZNSt6locale5facetD0Ev) referenced from rwstdexcept.o(.constdata__ZTVNSt6locale5facetE)
 <LI><a href="#[69]">std::locale::~locale()</a> from locale.o(i._ZNSt6localeD1Ev) referenced from locale.o(i._ZNSt6locale7classicEv)
 <LI><a href="#[87]">std::messages&lang;char&rang;::~messages__deallocating()</a> from rwstdexcept.o(i._ZNSt8messagesIcED0Ev) referenced from rwstdexcept.o(.constdata__ZTVSt8messagesIcE)
 <LI><a href="#[86]">std::messages&lang;char&rang;::~messages()</a> from rwstdexcept.o(i._ZNSt8messagesIcED1Ev) referenced from rwstdexcept.o(.constdata__ZTVSt8messagesIcE)
 <LI><a href="#[79]">thunk{-92} to mbed::Serial::_putc(int)</a> from Serial.o(i._ZThn92_N4mbed6Serial5_putcEi) referenced from Serial.o(.constdata__ZTVN4mbed6SerialE)
 <LI><a href="#[6f]">operator delete[] (void*)</a> from array_del.o(i._ZdaPv) referenced from cxa_vec_new.o(i.__cxa_vec_new)
 <LI><a href="#[74]">__cxa_pure_virtual</a> from pure_virt.o(i.__cxa_pure_virtual) referenced 6 times from retarget.o(.constdata__ZTVN4mbed10FileHandleE)
 <LI><a href="#[74]">__cxa_pure_virtual</a> from pure_virt.o(i.__cxa_pure_virtual) referenced 2 times from Stream.o(.constdata__ZTVN4mbed6StreamE)
 <LI><a href="#[74]">__cxa_pure_virtual</a> from pure_virt.o(i.__cxa_pure_virtual) referenced 6 times from FileLike.o(.constdata__ZTVN4mbed8FileLikeE)
 <LI><a href="#[5e]">__main</a> from entry.o(.ARM.Collect$$$$00000000) referenced from startup_stm32f401xe.o(.text)
 <LI><a href="#[8c]">__sti___10_locale_cpp_ff99fc7b</a> from locale.o(i.__sti___10_locale_cpp_ff99fc7b) referenced from locale.o(.init_array)
 <LI><a href="#[8d]">__sti___10_rwcats_cpp_64e8068e</a> from rwcats.o(i.__sti___10_rwcats_cpp_64e8068e) referenced from rwcats.o(.init_array)
 <LI><a href="#[8b]">__sti___8_char_cpp_a3dc957a</a> from char.o(i.__sti___8_char_cpp_a3dc957a) referenced from char.o(.init_array)
 <LI><a href="#[8a]">__sti___8_main_cpp_button1</a> from main.o(.text) referenced from main.o(.init_array)
 <LI><a href="#[60]">_sbackspace</a> from _sgetc.o(.text) referenced 2 times from __0sscanf.o(.text)
 <LI><a href="#[61]">_scanf_char_input</a> from scanf_char.o(.text) referenced from scanf_char.o(.text)
 <LI><a href="#[5f]">_sgetc</a> from _sgetc.o(.text) referenced 2 times from __0sscanf.o(.text)
 <LI><a href="#[6e]">_snputc</a> from printfa.o(i._snputc) referenced from printfa.o(i.__0vsnprintf)
 <LI><a href="#[6d]">_sputc</a> from printfa.o(i._sputc) referenced from printfa.o(i.__0sprintf)
 <LI><a href="#[6c]">fputc</a> from fputc_fp.o(.text) referenced from printfa.o(i.__0fprintf)
 <LI><a href="#[6c]">fputc</a> from fputc_fp.o(.text) referenced from printfa.o(i.__0vfprintf)
 <LI><a href="#[62]">isspace</a> from isspace_o.o(.text) referenced from scanf_char.o(.text)
 <LI><a href="#[5b]">main</a> from retarget.o(i.$Sub$$main) referenced from entry9a.o(.ARM.Collect$$$$0000000B)
 <LI><a href="#[64]">timer_irq_handler</a> from hal_tick.o(i.timer_irq_handler) referenced from hal_tick.o(i.HAL_InitTick)
</UL>
<P>
<H3>
Global Symbols
</H3>
<P><STRONG><a name="[5e]"></a>__main</STRONG> (Thumb, 0 bytes, Stack size unknown bytes, entry.o(.ARM.Collect$$$$00000000))
<BR>[Address Reference Count : 1]<UL><LI> startup_stm32f401xe.o(.text)
</UL>
<P><STRONG><a name="[190]"></a>_main_stk</STRONG> (Thumb, 0 bytes, Stack size unknown bytes, entry2.o(.ARM.Collect$$$$00000001))

<P><STRONG><a name="[90]"></a>_main_scatterload</STRONG> (Thumb, 0 bytes, Stack size unknown bytes, entry5.o(.ARM.Collect$$$$00000004))
<BR><BR>[Calls]<UL><LI><a href="#[91]">&gt;&gt;</a>&nbsp;&nbsp;&nbsp;__scatterload
</UL>

<P><STRONG><a name="[d8]"></a>__main_after_scatterload</STRONG> (Thumb, 0 bytes, Stack size unknown bytes, entry5.o(.ARM.Collect$$$$00000004))
<BR><BR>[Called By]<UL><LI><a href="#[91]">&gt;&gt;</a>&nbsp;&nbsp;&nbsp;__scatterload
</UL>

<P><STRONG><a name="[92]"></a>__use_full_stdio</STRONG> (Thumb, 0 bytes, Stack size unknown bytes, entry6b.o(.ARM.Collect$$$$00000006))
<BR><BR>[Stack]<UL><LI>Max Depth = 296 + Unknown Stack Size
<LI>Call Chain = __use_full_stdio &rArr; _initio &rArr; _sys_open &rArr; __0sscanf &rArr; __vfscanf_char &rArr; __vfscanf &rArr; _scanf_real
</UL>
<BR>[Calls]<UL><LI><a href="#[93]">&gt;&gt;</a>&nbsp;&nbsp;&nbsp;_initio
</UL>

<P><STRONG><a name="[b3]"></a>__main_after_initio</STRONG> (Thumb, 0 bytes, Stack size unknown bytes, entry6b.o(.ARM.Collect$$$$00000006))
<BR><BR>[Called By]<UL><LI><a href="#[93]">&gt;&gt;</a>&nbsp;&nbsp;&nbsp;_initio
</UL>

<P><STRONG><a name="[191]"></a>_main_clock</STRONG> (Thumb, 0 bytes, Stack size unknown bytes, entry7b.o(.ARM.Collect$$$$00000008))

<P><STRONG><a name="[94]"></a>_main_cpp_init$empty</STRONG> (Thumb, 0 bytes, Stack size unknown bytes, entry8a.o(.ARM.Collect$$$$00000009))
<BR><BR>[Stack]<UL><LI>Max Depth = 16 + Unknown Stack Size
<LI>Call Chain = _main_cpp_init$empty &rArr; __cpp_initialize__aeabi_
</UL>
<BR>[Calls]<UL><LI><a href="#[8f]">&gt;&gt;</a>&nbsp;&nbsp;&nbsp;__cpp_initialize__aeabi_
</UL>

<P><STRONG><a name="[192]"></a>_main_cpp_init</STRONG> (Thumb, 0 bytes, Stack size unknown bytes, entry8b.o(.ARM.Collect$$$$0000000A))

<P><STRONG><a name="[193]"></a>_main_init</STRONG> (Thumb, 0 bytes, Stack size unknown bytes, entry9a.o(.ARM.Collect$$$$0000000B))

<P><STRONG><a name="[194]"></a>__rt_final_cpp</STRONG> (Thumb, 0 bytes, Stack size unknown bytes, entry10a.o(.ARM.Collect$$$$0000000D))

<P><STRONG><a name="[95]"></a>__rt_final_cpp$nonempty</STRONG> (Thumb, 0 bytes, Stack size unknown bytes, entry10b.o(.ARM.Collect$$$$0000000E))
<BR><BR>[Stack]<UL><LI>Max Depth = 32 + Unknown Stack Size
<LI>Call Chain = __rt_final_cpp$nonempty &rArr; __cxa_finalize &rArr; free
</UL>
<BR>[Calls]<UL><LI><a href="#[96]">&gt;&gt;</a>&nbsp;&nbsp;&nbsp;__cxa_finalize
</UL>

<P><STRONG><a name="[195]"></a>__rt_final_exit</STRONG> (Thumb, 0 bytes, Stack size unknown bytes, entry11a.o(.ARM.Collect$$$$0000000F))

<P><STRONG><a name="[97]"></a>toggle_led(int)</STRONG> (Thumb, 276 bytes, Stack size 8 bytes, main.o(.text))
<BR><BR>[Stack]<UL><LI>Max Depth = 104<LI>Call Chain = toggle_led(int) &rArr; mbed::PwmOut::period(float) &rArr; pwmout_period &rArr; pwmout_period_us &rArr; pwmout_write &rArr; HAL_TIM_PWM_ConfigChannel
</UL>
<BR>[Calls]<UL><LI><a href="#[9a]">&gt;&gt;</a>&nbsp;&nbsp;&nbsp;mbed::PwmOut::operator =(float)
<LI><a href="#[99]">&gt;&gt;</a>&nbsp;&nbsp;&nbsp;mbed::PwmOut::period(float)
<LI><a href="#[98]">&gt;&gt;</a>&nbsp;&nbsp;&nbsp;mbed::DigitalOut::operator =(int)
<LI><a href="#[9b]">&gt;&gt;</a>&nbsp;&nbsp;&nbsp;wait
</UL>
<BR>[Called By]<UL><LI><a href="#[a7]">&gt;&gt;</a>&nbsp;&nbsp;&nbsp;start()
<LI><a href="#[a1]">&gt;&gt;</a>&nbsp;&nbsp;&nbsp;display_sequence(std::vector&lang;int, std::allocator&lang;int&rang;&rang;&)
<LI><a href="#[9c]">&gt;&gt;</a>&nbsp;&nbsp;&nbsp;user_turn(std::vector&lang;int, std::allocator&lang;int&rang;&rang;)
</UL>

<P><STRONG><a name="[9c]"></a>user_turn(std::vector&lang;int, std::allocator&lang;int&rang;&rang;)</STRONG> (Thumb, 434 bytes, Stack size 16 bytes, main.o(.text))
<BR><BR>[Stack]<UL><LI>Max Depth = 120<LI>Call Chain = user_turn(std::vector&lang;int, std::allocator&lang;int&rang;&rang;) &rArr; toggle_led(int) &rArr; mbed::PwmOut::period(float) &rArr; pwmout_period &rArr; pwmout_period_us &rArr; pwmout_write &rArr; HAL_TIM_PWM_ConfigChannel
</UL>
<BR>[Calls]<UL><LI><a href="#[9d]">&gt;&gt;</a>&nbsp;&nbsp;&nbsp;mbed::DigitalIn::operator int()
<LI><a href="#[9b]">&gt;&gt;</a>&nbsp;&nbsp;&nbsp;wait
<LI><a href="#[9e]">&gt;&gt;</a>&nbsp;&nbsp;&nbsp;mbed::Stream::printf(const char*, ...)
<LI><a href="#[97]">&gt;&gt;</a>&nbsp;&nbsp;&nbsp;toggle_led(int)
<LI><a href="#[9f]">&gt;&gt;</a>&nbsp;&nbsp;&nbsp;std::vector&lang;int, std::allocator&lang;int&rang;&rang;::operator [](unsigned)
<LI><a href="#[a0]">&gt;&gt;</a>&nbsp;&nbsp;&nbsp;std::vector&lang;int, std::allocator&lang;int&rang;&rang;::size() const
</UL>
<BR>[Called By]<UL><LI><a href="#[a7]">&gt;&gt;</a>&nbsp;&nbsp;&nbsp;start()
</UL>

<P><STRONG><a name="[a1]"></a>display_sequence(std::vector&lang;int, std::allocator&lang;int&rang;&rang;&)</STRONG> (Thumb, 110 bytes, Stack size 16 bytes, main.o(.text))
<BR><BR>[Stack]<UL><LI>Max Depth = 120<LI>Call Chain = display_sequence(std::vector&lang;int, std::allocator&lang;int&rang;&rang;&) &rArr; toggle_led(int) &rArr; mbed::PwmOut::period(float) &rArr; pwmout_period &rArr; pwmout_period_us &rArr; pwmout_write &rArr; HAL_TIM_PWM_ConfigChannel
</UL>
<BR>[Calls]<UL><LI><a href="#[9b]">&gt;&gt;</a>&nbsp;&nbsp;&nbsp;wait
<LI><a href="#[97]">&gt;&gt;</a>&nbsp;&nbsp;&nbsp;toggle_led(int)
<LI><a href="#[9f]">&gt;&gt;</a>&nbsp;&nbsp;&nbsp;std::vector&lang;int, std::allocator&lang;int&rang;&rang;::operator [](unsigned)
<LI><a href="#[a0]">&gt;&gt;</a>&nbsp;&nbsp;&nbsp;std::vector&lang;int, std::allocator&lang;int&rang;&rang;::size() const
</UL>
<BR>[Called By]<UL><LI><a href="#[a7]">&gt;&gt;</a>&nbsp;&nbsp;&nbsp;start()
</UL>

<P><STRONG><a name="[a2]"></a>increment_sequence(std::vector&lang;int, std::allocator&lang;int&rang;&rang;&)</STRONG> (Thumb, 76 bytes, Stack size 24 bytes, main.o(.text))
<BR><BR>[Stack]<UL><LI>Max Depth = 528<LI>Call Chain = increment_sequence(std::vector&lang;int, std::allocator&lang;int&rang;&rang;&) &rArr; std::vector&lang;int, std::allocator&lang;int&rang;&rang;::_C_insert_aux(int*, const int&) &rArr; std::allocator&lang;int&rang;::allocate(unsigned, const void*) &rArr; __rw::__rw_allocate(unsigned, int) &rArr; __rw::__rw_throw(int, ...) &rArr; std::__rw_exception::_C_vformat(int, std::__va_list) &rArr; [local to rwstdexcept_cpp]::__rw::__rw_vfmatstr(char*, unsigned, int, std::__va_list) &rArr; sscanf &rArr; __vfscanf_char &rArr; __vfscanf &rArr; _scanf_real
</UL>
<BR>[Calls]<UL><LI><a href="#[a5]">&gt;&gt;</a>&nbsp;&nbsp;&nbsp;std::vector&lang;int, std::allocator&lang;int&rang;&rang;::end()
<LI><a href="#[a6]">&gt;&gt;</a>&nbsp;&nbsp;&nbsp;std::vector&lang;int, std::allocator&lang;int&rang;&rang;::_C_insert_aux(int*, const int&)
<LI><a href="#[a4]">&gt;&gt;</a>&nbsp;&nbsp;&nbsp;std::allocator&lang;int&rang;::construct(int*, const int&)
<LI><a href="#[a3]">&gt;&gt;</a>&nbsp;&nbsp;&nbsp;rand
</UL>
<BR>[Called By]<UL><LI><a href="#[a7]">&gt;&gt;</a>&nbsp;&nbsp;&nbsp;start()
</UL>

<P><STRONG><a name="[a7]"></a>start()</STRONG> (Thumb, 416 bytes, Stack size 48 bytes, main.o(.text))
<BR><BR>[Stack]<UL><LI>Max Depth = 576<LI>Call Chain = start() &rArr; increment_sequence(std::vector&lang;int, std::allocator&lang;int&rang;&rang;&) &rArr; std::vector&lang;int, std::allocator&lang;int&rang;&rang;::_C_insert_aux(int*, const int&) &rArr; std::allocator&lang;int&rang;::allocate(unsigned, const void*) &rArr; __rw::__rw_allocate(unsigned, int) &rArr; __rw::__rw_throw(int, ...) &rArr; std::__rw_exception::_C_vformat(int, std::__va_list) &rArr; [local to rwstdexcept_cpp]::__rw::__rw_vfmatstr(char*, unsigned, int, std::__va_list) &rArr; sscanf &rArr; __vfscanf_char &rArr; __vfscanf &rArr; _scanf_real
</UL>
<BR>[Calls]<UL><LI><a href="#[9b]">&gt;&gt;</a>&nbsp;&nbsp;&nbsp;wait
<LI><a href="#[9e]">&gt;&gt;</a>&nbsp;&nbsp;&nbsp;mbed::Stream::printf(const char*, ...)
<LI><a href="#[a2]">&gt;&gt;</a>&nbsp;&nbsp;&nbsp;increment_sequence(std::vector&lang;int, std::allocator&lang;int&rang;&rang;&)
<LI><a href="#[a1]">&gt;&gt;</a>&nbsp;&nbsp;&nbsp;display_sequence(std::vector&lang;int, std::allocator&lang;int&rang;&rang;&)
<LI><a href="#[9c]">&gt;&gt;</a>&nbsp;&nbsp;&nbsp;user_turn(std::vector&lang;int, std::allocator&lang;int&rang;&rang;)
<LI><a href="#[97]">&gt;&gt;</a>&nbsp;&nbsp;&nbsp;toggle_led(int)
<LI><a href="#[9f]">&gt;&gt;</a>&nbsp;&nbsp;&nbsp;std::vector&lang;int, std::allocator&lang;int&rang;&rang;::operator [](unsigned)
<LI><a href="#[aa]">&gt;&gt;</a>&nbsp;&nbsp;&nbsp;std::vector&lang;int, std::allocator&lang;int&rang;&rang;::~vector()
<LI><a href="#[a9]">&gt;&gt;</a>&nbsp;&nbsp;&nbsp;std::vector&lang;int, std::allocator&lang;int&rang;&rang;::vector(const std::vector&lang;int, std::allocator&lang;int&rang;&rang;&)
<LI><a href="#[a0]">&gt;&gt;</a>&nbsp;&nbsp;&nbsp;std::vector&lang;int, std::allocator&lang;int&rang;&rang;::size() const
<LI><a href="#[a8]">&gt;&gt;</a>&nbsp;&nbsp;&nbsp;srand
</UL>
<BR>[Called By]<UL><LI><a href="#[ab]">&gt;&gt;</a>&nbsp;&nbsp;&nbsp;$Super$$main
</UL>

<P><STRONG><a name="[ab]"></a>$Super$$main</STRONG> (Thumb, 66 bytes, Stack size 0 bytes, main.o(.text))
<BR><BR>[Stack]<UL><LI>Max Depth = 576<LI>Call Chain = $Super$$main &rArr; start() &rArr; increment_sequence(std::vector&lang;int, std::allocator&lang;int&rang;&rang;&) &rArr; std::vector&lang;int, std::allocator&lang;int&rang;&rang;::_C_insert_aux(int*, const int&) &rArr; std::allocator&lang;int&rang;::allocate(unsigned, const void*) &rArr; __rw::__rw_allocate(unsigned, int) &rArr; __rw::__rw_throw(int, ...) &rArr; std::__rw_exception::_C_vformat(int, std::__va_list) &rArr; [local to rwstdexcept_cpp]::__rw::__rw_vfmatstr(char*, unsigned, int, std::__va_list) &rArr; sscanf &rArr; __vfscanf_char &rArr; __vfscanf &rArr; _scanf_real
</UL>
<BR>[Calls]<UL><LI><a href="#[9d]">&gt;&gt;</a>&nbsp;&nbsp;&nbsp;mbed::DigitalIn::operator int()
<LI><a href="#[9b]">&gt;&gt;</a>&nbsp;&nbsp;&nbsp;wait
<LI><a href="#[ac]">&gt;&gt;</a>&nbsp;&nbsp;&nbsp;mbed::SerialBase::baud(int)
<LI><a href="#[a7]">&gt;&gt;</a>&nbsp;&nbsp;&nbsp;start()
</UL>
<BR>[Called By]<UL><LI><a href="#[5b]">&gt;&gt;</a>&nbsp;&nbsp;&nbsp;main
</UL>

<P><STRONG><a name="[19]"></a>Reset_Handler</STRONG> (Thumb, 8 bytes, Stack size 0 bytes, startup_stm32f401xe.o(.text))
<BR>[Address Reference Count : 1]<UL><LI> startup_stm32f401xe.o(RESET)
</UL>
<P><STRONG><a name="[1a]"></a>NMI_Handler</STRONG> (Thumb, 2 bytes, Stack size 0 bytes, startup_stm32f401xe.o(.text))
<BR><BR>[Calls]<UL><LI><a href="#[1a]">&gt;&gt;</a>&nbsp;&nbsp;&nbsp;NMI_Handler
</UL>
<BR>[Called By]<UL><LI><a href="#[1a]">&gt;&gt;</a>&nbsp;&nbsp;&nbsp;NMI_Handler
</UL>
<BR>[Address Reference Count : 1]<UL><LI> startup_stm32f401xe.o(RESET)
</UL>
<P><STRONG><a name="[1b]"></a>HardFault_Handler</STRONG> (Thumb, 2 bytes, Stack size 0 bytes, startup_stm32f401xe.o(.text))
<BR><BR>[Calls]<UL><LI><a href="#[1b]">&gt;&gt;</a>&nbsp;&nbsp;&nbsp;HardFault_Handler
</UL>
<BR>[Called By]<UL><LI><a href="#[1b]">&gt;&gt;</a>&nbsp;&nbsp;&nbsp;HardFault_Handler
</UL>
<BR>[Address Reference Count : 1]<UL><LI> startup_stm32f401xe.o(RESET)
</UL>
<P><STRONG><a name="[1c]"></a>MemManage_Handler</STRONG> (Thumb, 2 bytes, Stack size 0 bytes, startup_stm32f401xe.o(.text))
<BR><BR>[Calls]<UL><LI><a href="#[1c]">&gt;&gt;</a>&nbsp;&nbsp;&nbsp;MemManage_Handler
</UL>
<BR>[Called By]<UL><LI><a href="#[1c]">&gt;&gt;</a>&nbsp;&nbsp;&nbsp;MemManage_Handler
</UL>
<BR>[Address Reference Count : 1]<UL><LI> startup_stm32f401xe.o(RESET)
</UL>
<P><STRONG><a name="[1d]"></a>BusFault_Handler</STRONG> (Thumb, 2 bytes, Stack size 0 bytes, startup_stm32f401xe.o(.text))
<BR><BR>[Calls]<UL><LI><a href="#[1d]">&gt;&gt;</a>&nbsp;&nbsp;&nbsp;BusFault_Handler
</UL>
<BR>[Called By]<UL><LI><a href="#[1d]">&gt;&gt;</a>&nbsp;&nbsp;&nbsp;BusFault_Handler
</UL>
<BR>[Address Reference Count : 1]<UL><LI> startup_stm32f401xe.o(RESET)
</UL>
<P><STRONG><a name="[1e]"></a>UsageFault_Handler</STRONG> (Thumb, 2 bytes, Stack size 0 bytes, startup_stm32f401xe.o(.text))
<BR><BR>[Calls]<UL><LI><a href="#[1e]">&gt;&gt;</a>&nbsp;&nbsp;&nbsp;UsageFault_Handler
</UL>
<BR>[Called By]<UL><LI><a href="#[1e]">&gt;&gt;</a>&nbsp;&nbsp;&nbsp;UsageFault_Handler
</UL>
<BR>[Address Reference Count : 1]<UL><LI> startup_stm32f401xe.o(RESET)
</UL>
<P><STRONG><a name="[1f]"></a>SVC_Handler</STRONG> (Thumb, 2 bytes, Stack size 0 bytes, startup_stm32f401xe.o(.text))
<BR><BR>[Calls]<UL><LI><a href="#[1f]">&gt;&gt;</a>&nbsp;&nbsp;&nbsp;SVC_Handler
</UL>
<BR>[Called By]<UL><LI><a href="#[1f]">&gt;&gt;</a>&nbsp;&nbsp;&nbsp;SVC_Handler
</UL>
<BR>[Address Reference Count : 1]<UL><LI> startup_stm32f401xe.o(RESET)
</UL>
<P><STRONG><a name="[20]"></a>DebugMon_Handler</STRONG> (Thumb, 2 bytes, Stack size 0 bytes, startup_stm32f401xe.o(.text))
<BR><BR>[Calls]<UL><LI><a href="#[20]">&gt;&gt;</a>&nbsp;&nbsp;&nbsp;DebugMon_Handler
</UL>
<BR>[Called By]<UL><LI><a href="#[20]">&gt;&gt;</a>&nbsp;&nbsp;&nbsp;DebugMon_Handler
</UL>
<BR>[Address Reference Count : 1]<UL><LI> startup_stm32f401xe.o(RESET)
</UL>
<P><STRONG><a name="[21]"></a>PendSV_Handler</STRONG> (Thumb, 2 bytes, Stack size 0 bytes, startup_stm32f401xe.o(.text))
<BR><BR>[Calls]<UL><LI><a href="#[21]">&gt;&gt;</a>&nbsp;&nbsp;&nbsp;PendSV_Handler
</UL>
<BR>[Called By]<UL><LI><a href="#[21]">&gt;&gt;</a>&nbsp;&nbsp;&nbsp;PendSV_Handler
</UL>
<BR>[Address Reference Count : 1]<UL><LI> startup_stm32f401xe.o(RESET)
</UL>
<P><STRONG><a name="[22]"></a>SysTick_Handler</STRONG> (Thumb, 2 bytes, Stack size 0 bytes, startup_stm32f401xe.o(.text))
<BR><BR>[Calls]<UL><LI><a href="#[22]">&gt;&gt;</a>&nbsp;&nbsp;&nbsp;SysTick_Handler
</UL>
<BR>[Called By]<UL><LI><a href="#[22]">&gt;&gt;</a>&nbsp;&nbsp;&nbsp;SysTick_Handler
</UL>
<BR>[Address Reference Count : 1]<UL><LI> startup_stm32f401xe.o(RESET)
</UL>
<P><STRONG><a name="[35]"></a>ADC_IRQHandler</STRONG> (Thumb, 0 bytes, Stack size 0 bytes, startup_stm32f401xe.o(.text))
<BR><BR>[Calls]<UL><LI><a href="#[35]">&gt;&gt;</a>&nbsp;&nbsp;&nbsp;ADC_IRQHandler
</UL>
<BR>[Called By]<UL><LI><a href="#[35]">&gt;&gt;</a>&nbsp;&nbsp;&nbsp;ADC_IRQHandler
</UL>
<BR>[Address Reference Count : 1]<UL><LI> startup_stm32f401xe.o(RESET)
</UL>
<P><STRONG><a name="[2e]"></a>DMA1_Stream0_IRQHandler</STRONG> (Thumb, 0 bytes, Stack size 0 bytes, startup_stm32f401xe.o(.text))
<BR>[Address Reference Count : 1]<UL><LI> startup_stm32f401xe.o(RESET)
</UL>
<P><STRONG><a name="[2f]"></a>DMA1_Stream1_IRQHandler</STRONG> (Thumb, 0 bytes, Stack size 0 bytes, startup_stm32f401xe.o(.text))
<BR>[Address Reference Count : 1]<UL><LI> startup_stm32f401xe.o(RESET)
</UL>
<P><STRONG><a name="[30]"></a>DMA1_Stream2_IRQHandler</STRONG> (Thumb, 0 bytes, Stack size 0 bytes, startup_stm32f401xe.o(.text))
<BR>[Address Reference Count : 1]<UL><LI> startup_stm32f401xe.o(RESET)
</UL>
<P><STRONG><a name="[31]"></a>DMA1_Stream3_IRQHandler</STRONG> (Thumb, 0 bytes, Stack size 0 bytes, startup_stm32f401xe.o(.text))
<BR>[Address Reference Count : 1]<UL><LI> startup_stm32f401xe.o(RESET)
</UL>
<P><STRONG><a name="[32]"></a>DMA1_Stream4_IRQHandler</STRONG> (Thumb, 0 bytes, Stack size 0 bytes, startup_stm32f401xe.o(.text))
<BR>[Address Reference Count : 1]<UL><LI> startup_stm32f401xe.o(RESET)
</UL>
<P><STRONG><a name="[33]"></a>DMA1_Stream5_IRQHandler</STRONG> (Thumb, 0 bytes, Stack size 0 bytes, startup_stm32f401xe.o(.text))
<BR>[Address Reference Count : 1]<UL><LI> startup_stm32f401xe.o(RESET)
</UL>
<P><STRONG><a name="[34]"></a>DMA1_Stream6_IRQHandler</STRONG> (Thumb, 0 bytes, Stack size 0 bytes, startup_stm32f401xe.o(.text))
<BR>[Address Reference Count : 1]<UL><LI> startup_stm32f401xe.o(RESET)
</UL>
<P><STRONG><a name="[49]"></a>DMA1_Stream7_IRQHandler</STRONG> (Thumb, 0 bytes, Stack size 0 bytes, startup_stm32f401xe.o(.text))
<BR>[Address Reference Count : 1]<UL><LI> startup_stm32f401xe.o(RESET)
</UL>
<P><STRONG><a name="[4d]"></a>DMA2_Stream0_IRQHandler</STRONG> (Thumb, 0 bytes, Stack size 0 bytes, startup_stm32f401xe.o(.text))
<BR>[Address Reference Count : 1]<UL><LI> startup_stm32f401xe.o(RESET)
</UL>
<P><STRONG><a name="[4e]"></a>DMA2_Stream1_IRQHandler</STRONG> (Thumb, 0 bytes, Stack size 0 bytes, startup_stm32f401xe.o(.text))
<BR>[Address Reference Count : 1]<UL><LI> startup_stm32f401xe.o(RESET)
</UL>
<P><STRONG><a name="[4f]"></a>DMA2_Stream2_IRQHandler</STRONG> (Thumb, 0 bytes, Stack size 0 bytes, startup_stm32f401xe.o(.text))
<BR>[Address Reference Count : 1]<UL><LI> startup_stm32f401xe.o(RESET)
</UL>
<P><STRONG><a name="[50]"></a>DMA2_Stream3_IRQHandler</STRONG> (Thumb, 0 bytes, Stack size 0 bytes, startup_stm32f401xe.o(.text))
<BR>[Address Reference Count : 1]<UL><LI> startup_stm32f401xe.o(RESET)
</UL>
<P><STRONG><a name="[51]"></a>DMA2_Stream4_IRQHandler</STRONG> (Thumb, 0 bytes, Stack size 0 bytes, startup_stm32f401xe.o(.text))
<BR>[Address Reference Count : 1]<UL><LI> startup_stm32f401xe.o(RESET)
</UL>
<P><STRONG><a name="[53]"></a>DMA2_Stream5_IRQHandler</STRONG> (Thumb, 0 bytes, Stack size 0 bytes, startup_stm32f401xe.o(.text))
<BR>[Address Reference Count : 1]<UL><LI> startup_stm32f401xe.o(RESET)
</UL>
<P><STRONG><a name="[54]"></a>DMA2_Stream6_IRQHandler</STRONG> (Thumb, 0 bytes, Stack size 0 bytes, startup_stm32f401xe.o(.text))
<BR>[Address Reference Count : 1]<UL><LI> startup_stm32f401xe.o(RESET)
</UL>
<P><STRONG><a name="[55]"></a>DMA2_Stream7_IRQHandler</STRONG> (Thumb, 0 bytes, Stack size 0 bytes, startup_stm32f401xe.o(.text))
<BR>[Address Reference Count : 1]<UL><LI> startup_stm32f401xe.o(RESET)
</UL>
<P><STRONG><a name="[29]"></a>EXTI0_IRQHandler</STRONG> (Thumb, 0 bytes, Stack size 0 bytes, startup_stm32f401xe.o(.text))
<BR>[Address Reference Count : 1]<UL><LI> startup_stm32f401xe.o(RESET)
</UL>
<P><STRONG><a name="[46]"></a>EXTI15_10_IRQHandler</STRONG> (Thumb, 0 bytes, Stack size 0 bytes, startup_stm32f401xe.o(.text))
<BR>[Address Reference Count : 1]<UL><LI> startup_stm32f401xe.o(RESET)
</UL>
<P><STRONG><a name="[2a]"></a>EXTI1_IRQHandler</STRONG> (Thumb, 0 bytes, Stack size 0 bytes, startup_stm32f401xe.o(.text))
<BR>[Address Reference Count : 1]<UL><LI> startup_stm32f401xe.o(RESET)
</UL>
<P><STRONG><a name="[2b]"></a>EXTI2_IRQHandler</STRONG> (Thumb, 0 bytes, Stack size 0 bytes, startup_stm32f401xe.o(.text))
<BR>[Address Reference Count : 1]<UL><LI> startup_stm32f401xe.o(RESET)
</UL>
<P><STRONG><a name="[2c]"></a>EXTI3_IRQHandler</STRONG> (Thumb, 0 bytes, Stack size 0 bytes, startup_stm32f401xe.o(.text))
<BR>[Address Reference Count : 1]<UL><LI> startup_stm32f401xe.o(RESET)
</UL>
<P><STRONG><a name="[2d]"></a>EXTI4_IRQHandler</STRONG> (Thumb, 0 bytes, Stack size 0 bytes, startup_stm32f401xe.o(.text))
<BR>[Address Reference Count : 1]<UL><LI> startup_stm32f401xe.o(RESET)
</UL>
<P><STRONG><a name="[36]"></a>EXTI9_5_IRQHandler</STRONG> (Thumb, 0 bytes, Stack size 0 bytes, startup_stm32f401xe.o(.text))
<BR>[Address Reference Count : 1]<UL><LI> startup_stm32f401xe.o(RESET)
</UL>
<P><STRONG><a name="[27]"></a>FLASH_IRQHandler</STRONG> (Thumb, 0 bytes, Stack size 0 bytes, startup_stm32f401xe.o(.text))
<BR>[Address Reference Count : 1]<UL><LI> startup_stm32f401xe.o(RESET)
</UL>
<P><STRONG><a name="[59]"></a>FPU_IRQHandler</STRONG> (Thumb, 0 bytes, Stack size 0 bytes, startup_stm32f401xe.o(.text))
<BR>[Address Reference Count : 1]<UL><LI> startup_stm32f401xe.o(RESET)
</UL>
<P><STRONG><a name="[3f]"></a>I2C1_ER_IRQHandler</STRONG> (Thumb, 0 bytes, Stack size 0 bytes, startup_stm32f401xe.o(.text))
<BR>[Address Reference Count : 1]<UL><LI> startup_stm32f401xe.o(RESET)
</UL>
<P><STRONG><a name="[3e]"></a>I2C1_EV_IRQHandler</STRONG> (Thumb, 0 bytes, Stack size 0 bytes, startup_stm32f401xe.o(.text))
<BR>[Address Reference Count : 1]<UL><LI> startup_stm32f401xe.o(RESET)
</UL>
<P><STRONG><a name="[41]"></a>I2C2_ER_IRQHandler</STRONG> (Thumb, 0 bytes, Stack size 0 bytes, startup_stm32f401xe.o(.text))
<BR>[Address Reference Count : 1]<UL><LI> startup_stm32f401xe.o(RESET)
</UL>
<P><STRONG><a name="[40]"></a>I2C2_EV_IRQHandler</STRONG> (Thumb, 0 bytes, Stack size 0 bytes, startup_stm32f401xe.o(.text))
<BR>[Address Reference Count : 1]<UL><LI> startup_stm32f401xe.o(RESET)
</UL>
<P><STRONG><a name="[58]"></a>I2C3_ER_IRQHandler</STRONG> (Thumb, 0 bytes, Stack size 0 bytes, startup_stm32f401xe.o(.text))
<BR>[Address Reference Count : 1]<UL><LI> startup_stm32f401xe.o(RESET)
</UL>
<P><STRONG><a name="[57]"></a>I2C3_EV_IRQHandler</STRONG> (Thumb, 0 bytes, Stack size 0 bytes, startup_stm32f401xe.o(.text))
<BR>[Address Reference Count : 1]<UL><LI> startup_stm32f401xe.o(RESET)
</UL>
<P><STRONG><a name="[52]"></a>OTG_FS_IRQHandler</STRONG> (Thumb, 0 bytes, Stack size 0 bytes, startup_stm32f401xe.o(.text))
<BR>[Address Reference Count : 1]<UL><LI> startup_stm32f401xe.o(RESET)
</UL>
<P><STRONG><a name="[48]"></a>OTG_FS_WKUP_IRQHandler</STRONG> (Thumb, 0 bytes, Stack size 0 bytes, startup_stm32f401xe.o(.text))
<BR>[Address Reference Count : 1]<UL><LI> startup_stm32f401xe.o(RESET)
</UL>
<P><STRONG><a name="[24]"></a>PVD_IRQHandler</STRONG> (Thumb, 0 bytes, Stack size 0 bytes, startup_stm32f401xe.o(.text))
<BR>[Address Reference Count : 1]<UL><LI> startup_stm32f401xe.o(RESET)
</UL>
<P><STRONG><a name="[28]"></a>RCC_IRQHandler</STRONG> (Thumb, 0 bytes, Stack size 0 bytes, startup_stm32f401xe.o(.text))
<BR>[Address Reference Count : 1]<UL><LI> startup_stm32f401xe.o(RESET)
</UL>
<P><STRONG><a name="[47]"></a>RTC_Alarm_IRQHandler</STRONG> (Thumb, 0 bytes, Stack size 0 bytes, startup_stm32f401xe.o(.text))
<BR>[Address Reference Count : 1]<UL><LI> startup_stm32f401xe.o(RESET)
</UL>
<P><STRONG><a name="[26]"></a>RTC_WKUP_IRQHandler</STRONG> (Thumb, 0 bytes, Stack size 0 bytes, startup_stm32f401xe.o(.text))
<BR>[Address Reference Count : 1]<UL><LI> startup_stm32f401xe.o(RESET)
</UL>
<P><STRONG><a name="[4a]"></a>SDIO_IRQHandler</STRONG> (Thumb, 0 bytes, Stack size 0 bytes, startup_stm32f401xe.o(.text))
<BR>[Address Reference Count : 1]<UL><LI> startup_stm32f401xe.o(RESET)
</UL>
<P><STRONG><a name="[42]"></a>SPI1_IRQHandler</STRONG> (Thumb, 0 bytes, Stack size 0 bytes, startup_stm32f401xe.o(.text))
<BR>[Address Reference Count : 1]<UL><LI> startup_stm32f401xe.o(RESET)
</UL>
<P><STRONG><a name="[43]"></a>SPI2_IRQHandler</STRONG> (Thumb, 0 bytes, Stack size 0 bytes, startup_stm32f401xe.o(.text))
<BR>[Address Reference Count : 1]<UL><LI> startup_stm32f401xe.o(RESET)
</UL>
<P><STRONG><a name="[4c]"></a>SPI3_IRQHandler</STRONG> (Thumb, 0 bytes, Stack size 0 bytes, startup_stm32f401xe.o(.text))
<BR>[Address Reference Count : 1]<UL><LI> startup_stm32f401xe.o(RESET)
</UL>
<P><STRONG><a name="[5a]"></a>SPI4_IRQHandler</STRONG> (Thumb, 0 bytes, Stack size 0 bytes, startup_stm32f401xe.o(.text))
<BR>[Address Reference Count : 1]<UL><LI> startup_stm32f401xe.o(RESET)
</UL>
<P><STRONG><a name="[25]"></a>TAMP_STAMP_IRQHandler</STRONG> (Thumb, 0 bytes, Stack size 0 bytes, startup_stm32f401xe.o(.text))
<BR>[Address Reference Count : 1]<UL><LI> startup_stm32f401xe.o(RESET)
</UL>
<P><STRONG><a name="[37]"></a>TIM1_BRK_TIM9_IRQHandler</STRONG> (Thumb, 0 bytes, Stack size 0 bytes, startup_stm32f401xe.o(.text))
<BR>[Address Reference Count : 1]<UL><LI> startup_stm32f401xe.o(RESET)
</UL>
<P><STRONG><a name="[3a]"></a>TIM1_CC_IRQHandler</STRONG> (Thumb, 0 bytes, Stack size 0 bytes, startup_stm32f401xe.o(.text))
<BR>[Address Reference Count : 1]<UL><LI> startup_stm32f401xe.o(RESET)
</UL>
<P><STRONG><a name="[39]"></a>TIM1_TRG_COM_TIM11_IRQHandler</STRONG> (Thumb, 0 bytes, Stack size 0 bytes, startup_stm32f401xe.o(.text))
<BR>[Address Reference Count : 1]<UL><LI> startup_stm32f401xe.o(RESET)
</UL>
<P><STRONG><a name="[38]"></a>TIM1_UP_TIM10_IRQHandler</STRONG> (Thumb, 0 bytes, Stack size 0 bytes, startup_stm32f401xe.o(.text))
<BR>[Address Reference Count : 1]<UL><LI> startup_stm32f401xe.o(RESET)
</UL>
<P><STRONG><a name="[3b]"></a>TIM2_IRQHandler</STRONG> (Thumb, 0 bytes, Stack size 0 bytes, startup_stm32f401xe.o(.text))
<BR>[Address Reference Count : 1]<UL><LI> startup_stm32f401xe.o(RESET)
</UL>
<P><STRONG><a name="[3c]"></a>TIM3_IRQHandler</STRONG> (Thumb, 0 bytes, Stack size 0 bytes, startup_stm32f401xe.o(.text))
<BR>[Address Reference Count : 1]<UL><LI> startup_stm32f401xe.o(RESET)
</UL>
<P><STRONG><a name="[3d]"></a>TIM4_IRQHandler</STRONG> (Thumb, 0 bytes, Stack size 0 bytes, startup_stm32f401xe.o(.text))
<BR>[Address Reference Count : 1]<UL><LI> startup_stm32f401xe.o(RESET)
</UL>
<P><STRONG><a name="[4b]"></a>TIM5_IRQHandler</STRONG> (Thumb, 0 bytes, Stack size 0 bytes, startup_stm32f401xe.o(.text))
<BR>[Address Reference Count : 1]<UL><LI> startup_stm32f401xe.o(RESET)
</UL>
<P><STRONG><a name="[44]"></a>USART1_IRQHandler</STRONG> (Thumb, 0 bytes, Stack size 0 bytes, startup_stm32f401xe.o(.text))
<BR>[Address Reference Count : 1]<UL><LI> startup_stm32f401xe.o(RESET)
</UL>
<P><STRONG><a name="[45]"></a>USART2_IRQHandler</STRONG> (Thumb, 0 bytes, Stack size 0 bytes, startup_stm32f401xe.o(.text))
<BR>[Address Reference Count : 1]<UL><LI> startup_stm32f401xe.o(RESET)
</UL>
<P><STRONG><a name="[56]"></a>USART6_IRQHandler</STRONG> (Thumb, 0 bytes, Stack size 0 bytes, startup_stm32f401xe.o(.text))
<BR>[Address Reference Count : 1]<UL><LI> startup_stm32f401xe.o(RESET)
</UL>
<P><STRONG><a name="[23]"></a>WWDG_IRQHandler</STRONG> (Thumb, 0 bytes, Stack size 0 bytes, startup_stm32f401xe.o(.text))
<BR>[Address Reference Count : 1]<UL><LI> startup_stm32f401xe.o(RESET)
</UL>
<P><STRONG><a name="[93]"></a>_initio</STRONG> (Thumb, 20 bytes, Stack size 0 bytes, initio_oe.o(.text))
<BR><BR>[Stack]<UL><LI>Max Depth = 296 + Unknown Stack Size
<LI>Call Chain = _initio &rArr; _sys_open &rArr; __0sscanf &rArr; __vfscanf_char &rArr; __vfscanf &rArr; _scanf_real
</UL>
<BR>[Calls]<UL><LI><a href="#[b2]">&gt;&gt;</a>&nbsp;&nbsp;&nbsp;_sys_open
<LI><a href="#[b3]">&gt;&gt;</a>&nbsp;&nbsp;&nbsp;__main_after_initio
</UL>
<BR>[Called By]<UL><LI><a href="#[92]">&gt;&gt;</a>&nbsp;&nbsp;&nbsp;__use_full_stdio
</UL>

<P><STRONG><a name="[6c]"></a>fputc</STRONG> (Thumb, 40 bytes, Stack size 16 bytes, fputc_fp.o(.text))
<BR><BR>[Stack]<UL><LI>Max Depth = 208<LI>Call Chain = fputc &rArr; _sys_write &rArr; serial_init &rArr; pinmap_pinout &rArr; pin_function &rArr; Set_GPIO_Clock &rArr; error &rArr; exit &rArr; mbed_die &rArr; wait_ms &rArr; us_ticker_read &rArr; HAL_InitTick &rArr; NVIC_SetVector &rArr; __aeabi_memmove4
</UL>
<BR>[Calls]<UL><LI><a href="#[b4]">&gt;&gt;</a>&nbsp;&nbsp;&nbsp;_sys_write
</UL>
<BR>[Address Reference Count : 2]<UL><LI> printfa.o(i.__0fprintf)
<LI> printfa.o(i.__0vfprintf)
</UL>
<P><STRONG><a name="[a3]"></a>rand</STRONG> (Thumb, 20 bytes, Stack size 0 bytes, rand.o(.text))
<BR><BR>[Called By]<UL><LI><a href="#[a2]">&gt;&gt;</a>&nbsp;&nbsp;&nbsp;increment_sequence(std::vector&lang;int, std::allocator&lang;int&rang;&rang;&)
</UL>

<P><STRONG><a name="[a8]"></a>srand</STRONG> (Thumb, 6 bytes, Stack size 0 bytes, rand.o(.text))
<BR><BR>[Called By]<UL><LI><a href="#[a7]">&gt;&gt;</a>&nbsp;&nbsp;&nbsp;start()
</UL>

<P><STRONG><a name="[196]"></a>___aeabi_memcpy$move</STRONG> (Thumb, 64 bytes, Stack size 8 bytes, memmovea.o(.text), UNUSED)

<P><STRONG><a name="[197]"></a>___aeabi_memcpy4$move</STRONG> (Thumb, 0 bytes, Stack size 8 bytes, memmovea.o(.text), UNUSED)

<P><STRONG><a name="[198]"></a>___aeabi_memcpy8$move</STRONG> (Thumb, 0 bytes, Stack size 8 bytes, memmovea.o(.text), UNUSED)

<P><STRONG><a name="[199]"></a>___aeabi_memmove4$base</STRONG> (Thumb, 0 bytes, Stack size 8 bytes, memmovea.o(.text), UNUSED)

<P><STRONG><a name="[189]"></a>__aeabi_memmove</STRONG> (Thumb, 0 bytes, Stack size 8 bytes, memmovea.o(.text))
<BR><BR>[Stack]<UL><LI>Max Depth = 8<LI>Call Chain = __aeabi_memmove
</UL>
<BR>[Called By]<UL><LI><a href="#[187]">&gt;&gt;</a>&nbsp;&nbsp;&nbsp;std::basic_string&lang;char, std::char_traits&lang;char&rang;, std::allocator&lang;char&rang;&rang;::replace(unsigned, unsigned, const char*, unsigned, unsigned, unsigned)
</UL>

<P><STRONG><a name="[19a]"></a>__aeabi_memmove8</STRONG> (Thumb, 0 bytes, Stack size 8 bytes, memmovea.o(.text), UNUSED)

<P><STRONG><a name="[b6]"></a>__aeabi_memset</STRONG> (Thumb, 14 bytes, Stack size 0 bytes, memseta.o(.text), UNUSED)
<BR><BR>[Called By]<UL><LI><a href="#[b7]">&gt;&gt;</a>&nbsp;&nbsp;&nbsp;_memset$wrapper
<LI><a href="#[b5]">&gt;&gt;</a>&nbsp;&nbsp;&nbsp;__aeabi_memclr
</UL>

<P><STRONG><a name="[19b]"></a>__aeabi_memset4</STRONG> (Thumb, 0 bytes, Stack size 0 bytes, memseta.o(.text), UNUSED)

<P><STRONG><a name="[19c]"></a>__aeabi_memset8</STRONG> (Thumb, 0 bytes, Stack size 0 bytes, memseta.o(.text), UNUSED)

<P><STRONG><a name="[b5]"></a>__aeabi_memclr</STRONG> (Thumb, 4 bytes, Stack size 0 bytes, memseta.o(.text), UNUSED)
<BR><BR>[Calls]<UL><LI><a href="#[b6]">&gt;&gt;</a>&nbsp;&nbsp;&nbsp;__aeabi_memset
</UL>

<P><STRONG><a name="[118]"></a>__aeabi_memclr4</STRONG> (Thumb, 0 bytes, Stack size 0 bytes, memseta.o(.text))
<BR><BR>[Called By]<UL><LI><a href="#[ad]">&gt;&gt;</a>&nbsp;&nbsp;&nbsp;mbed::DigitalIn::DigitalIn(PinName)
<LI><a href="#[ae]">&gt;&gt;</a>&nbsp;&nbsp;&nbsp;mbed::DigitalOut::DigitalOut(PinName)
<LI><a href="#[12a]">&gt;&gt;</a>&nbsp;&nbsp;&nbsp;fopen
</UL>

<P><STRONG><a name="[19d]"></a>__aeabi_memclr8</STRONG> (Thumb, 0 bytes, Stack size 0 bytes, memseta.o(.text), UNUSED)

<P><STRONG><a name="[b7]"></a>_memset$wrapper</STRONG> (Thumb, 18 bytes, Stack size 8 bytes, memseta.o(.text), UNUSED)
<BR><BR>[Calls]<UL><LI><a href="#[b6]">&gt;&gt;</a>&nbsp;&nbsp;&nbsp;__aeabi_memset
</UL>

<P><STRONG><a name="[10d]"></a>strlen</STRONG> (Thumb, 14 bytes, Stack size 0 bytes, strlen.o(.text))
<BR><BR>[Called By]<UL><LI><a href="#[12c]">&gt;&gt;</a>&nbsp;&nbsp;&nbsp;mbed::FileBase::lookup(const char*, unsigned)
<LI><a href="#[14e]">&gt;&gt;</a>&nbsp;&nbsp;&nbsp;std::basic_string&lang;char, std::char_traits&lang;char&rang;, std::allocator&lang;char&rang;&rang;::operator =(const char*)
<LI><a href="#[104]">&gt;&gt;</a>&nbsp;&nbsp;&nbsp;std::basic_string&lang;char, std::char_traits&lang;char&rang;, std::allocator&lang;char&rang;&rang;::basic_string(const char*, const std::allocator&lang;char&rang;&)
<LI><a href="#[10c]">&gt;&gt;</a>&nbsp;&nbsp;&nbsp;__rw::__rw_locale_imp::__rw_locale_imp(const char*, unsigned, unsigned)
<LI><a href="#[114]">&gt;&gt;</a>&nbsp;&nbsp;&nbsp;__rw::__rw_use_c_lib_locale::__rw_use_c_lib_locale(const char*, int)
<LI><a href="#[109]">&gt;&gt;</a>&nbsp;&nbsp;&nbsp;std::__rw_exception::_C_vformat(int, std::__va_list)
</UL>

<P><STRONG><a name="[144]"></a>strcmp</STRONG> (Thumb, 28 bytes, Stack size 8 bytes, strcmp.o(.text))
<BR><BR>[Stack]<UL><LI>Max Depth = 8<LI>Call Chain = strcmp
</UL>
<BR>[Called By]<UL><LI><a href="#[b2]">&gt;&gt;</a>&nbsp;&nbsp;&nbsp;_sys_open
<LI><a href="#[143]">&gt;&gt;</a>&nbsp;&nbsp;&nbsp;std::ctype_byname&lang;char&rang;::_C_get_mask_table(const char*)
</UL>

<P><STRONG><a name="[12d]"></a>strncmp</STRONG> (Thumb, 30 bytes, Stack size 12 bytes, strncmp.o(.text))
<BR><BR>[Stack]<UL><LI>Max Depth = 12<LI>Call Chain = strncmp
</UL>
<BR>[Called By]<UL><LI><a href="#[12c]">&gt;&gt;</a>&nbsp;&nbsp;&nbsp;mbed::FileBase::lookup(const char*, unsigned)
</UL>

<P><STRONG><a name="[b8]"></a>__0sscanf</STRONG> (Thumb, 48 bytes, Stack size 72 bytes, __0sscanf.o(.text))
<BR><BR>[Stack]<UL><LI>Max Depth = 264<LI>Call Chain = __0sscanf &rArr; __vfscanf_char &rArr; __vfscanf &rArr; _scanf_real
</UL>
<BR>[Calls]<UL><LI><a href="#[b9]">&gt;&gt;</a>&nbsp;&nbsp;&nbsp;__vfscanf_char
</UL>
<BR>[Called By]<UL><LI><a href="#[b2]">&gt;&gt;</a>&nbsp;&nbsp;&nbsp;_sys_open
</UL>

<P><STRONG><a name="[ba]"></a>_scanf_int</STRONG> (Thumb, 332 bytes, Stack size 56 bytes, _scanf_int.o(.text))
<BR><BR>[Stack]<UL><LI>Max Depth = 56<LI>Call Chain = _scanf_int
</UL>
<BR>[Calls]<UL><LI><a href="#[bb]">&gt;&gt;</a>&nbsp;&nbsp;&nbsp;_chval
</UL>
<BR>[Called By]<UL><LI><a href="#[ca]">&gt;&gt;</a>&nbsp;&nbsp;&nbsp;__vfscanf
</UL>

<P><STRONG><a name="[8f]"></a>__cpp_initialize__aeabi_</STRONG> (Thumb, 22 bytes, Stack size 16 bytes, cpp_init.o(.text))
<BR><BR>[Stack]<UL><LI>Max Depth = 16<LI>Call Chain = __cpp_initialize__aeabi_
</UL>
<BR>[Called By]<UL><LI><a href="#[94]">&gt;&gt;</a>&nbsp;&nbsp;&nbsp;_main_cpp_init$empty
</UL>

<P><STRONG><a name="[b1]"></a>__aeabi_atexit</STRONG> (Thumb, 46 bytes, Stack size 24 bytes, aeabi_atexit.o(.text))
<BR><BR>[Stack]<UL><LI>Max Depth = 44<LI>Call Chain = __aeabi_atexit &rArr; malloc
</UL>
<BR>[Calls]<UL><LI><a href="#[bd]">&gt;&gt;</a>&nbsp;&nbsp;&nbsp;__rt_ddtor_pointer_addr
<LI><a href="#[bc]">&gt;&gt;</a>&nbsp;&nbsp;&nbsp;malloc
</UL>
<BR>[Called By]<UL><LI><a href="#[8a]">&gt;&gt;</a>&nbsp;&nbsp;&nbsp;__sti___8_main_cpp_button1
<LI><a href="#[13a]">&gt;&gt;</a>&nbsp;&nbsp;&nbsp;std::locale::classic()
<LI><a href="#[8d]">&gt;&gt;</a>&nbsp;&nbsp;&nbsp;__sti___10_rwcats_cpp_64e8068e
<LI><a href="#[136]">&gt;&gt;</a>&nbsp;&nbsp;&nbsp;std::__rw_get_cats()
</UL>

<P><STRONG><a name="[6b]"></a>__default_new_handler()</STRONG> (Thumb, 4 bytes, Stack size 0 bytes, arm_newhandler_noexceptions.o(.text))
<BR><BR>[Stack]<UL><LI>Max Depth = 52<LI>Call Chain = __default_new_handler() &rArr; std::terminate() &rArr; __cxa_get_globals &rArr; __ARM_exceptions_buffer_init &rArr; malloc
</UL>
<BR>[Calls]<UL><LI><a href="#[be]">&gt;&gt;</a>&nbsp;&nbsp;&nbsp;std::terminate()
</UL>
<BR>[Address Reference Count : 1]<UL><LI> new.o(i._Znwj)
</UL>
<P><STRONG><a name="[19e]"></a>__aeabi_uidiv</STRONG> (Thumb, 0 bytes, Stack size 12 bytes, uidiv.o(.text), UNUSED)

<P><STRONG><a name="[163]"></a>__aeabi_uidivmod</STRONG> (Thumb, 44 bytes, Stack size 12 bytes, uidiv.o(.text), UNUSED)
<BR><BR>[Called By]<UL><LI><a href="#[152]">&gt;&gt;</a>&nbsp;&nbsp;&nbsp;_printf_core
</UL>

<P><STRONG><a name="[bf]"></a>__aeabi_uldivmod</STRONG> (Thumb, 98 bytes, Stack size 40 bytes, uldiv.o(.text), UNUSED)
<BR><BR>[Calls]<UL><LI><a href="#[c0]">&gt;&gt;</a>&nbsp;&nbsp;&nbsp;__aeabi_llsr
<LI><a href="#[c1]">&gt;&gt;</a>&nbsp;&nbsp;&nbsp;__aeabi_llsl
</UL>
<BR>[Called By]<UL><LI><a href="#[152]">&gt;&gt;</a>&nbsp;&nbsp;&nbsp;_printf_core
<LI><a href="#[15f]">&gt;&gt;</a>&nbsp;&nbsp;&nbsp;_fp_digits
</UL>

<P><STRONG><a name="[142]"></a>___aeabi_memcpy$base</STRONG> (Thumb, 36 bytes, Stack size 0 bytes, memcpya.o(.text))
<BR><BR>[Called By]<UL><LI><a href="#[141]">&gt;&gt;</a>&nbsp;&nbsp;&nbsp;std::char_traits&lang;char&rang;::copy(char*, const char*, unsigned)
</UL>

<P><STRONG><a name="[19f]"></a>___aeabi_memcpy4$base</STRONG> (Thumb, 0 bytes, Stack size 0 bytes, memcpya.o(.text), UNUSED)

<P><STRONG><a name="[1a0]"></a>__aeabi_memcpy8</STRONG> (Thumb, 0 bytes, Stack size 0 bytes, memcpya.o(.text), UNUSED)

<P><STRONG><a name="[bb]"></a>_chval</STRONG> (Thumb, 28 bytes, Stack size 0 bytes, _chval.o(.text))
<BR><BR>[Called By]<UL><LI><a href="#[ba]">&gt;&gt;</a>&nbsp;&nbsp;&nbsp;_scanf_int
<LI><a href="#[c2]">&gt;&gt;</a>&nbsp;&nbsp;&nbsp;_scanf_longlong
</UL>

<P><STRONG><a name="[c2]"></a>_scanf_longlong</STRONG> (Thumb, 342 bytes, Stack size 56 bytes, _scanf_longlong.o(.text))
<BR><BR>[Stack]<UL><LI>Max Depth = 56<LI>Call Chain = _scanf_longlong
</UL>
<BR>[Calls]<UL><LI><a href="#[bb]">&gt;&gt;</a>&nbsp;&nbsp;&nbsp;_chval
</UL>
<BR>[Called By]<UL><LI><a href="#[ca]">&gt;&gt;</a>&nbsp;&nbsp;&nbsp;__vfscanf
</UL>

<P><STRONG><a name="[db]"></a>_scanf_string</STRONG> (Thumb, 224 bytes, Stack size 56 bytes, _scanf_str.o(.text))
<BR><BR>[Stack]<UL><LI>Max Depth = 56<LI>Call Chain = _scanf_string
</UL>
<BR>[Called By]<UL><LI><a href="#[ca]">&gt;&gt;</a>&nbsp;&nbsp;&nbsp;__vfscanf
</UL>

<P><STRONG><a name="[da]"></a>_scanf_real</STRONG> (Thumb, 0 bytes, Stack size 104 bytes, scanf_fp.o(.text))
<BR><BR>[Stack]<UL><LI>Max Depth = 104<LI>Call Chain = _scanf_real
</UL>
<BR>[Called By]<UL><LI><a href="#[ca]">&gt;&gt;</a>&nbsp;&nbsp;&nbsp;__vfscanf
</UL>

<P><STRONG><a name="[c7]"></a>_scanf_really_real</STRONG> (Thumb, 556 bytes, Stack size 104 bytes, scanf_fp.o(.text), UNUSED)
<BR><BR>[Calls]<UL><LI><a href="#[c9]">&gt;&gt;</a>&nbsp;&nbsp;&nbsp;__aeabi_d2f
<LI><a href="#[c8]">&gt;&gt;</a>&nbsp;&nbsp;&nbsp;_is_digit
<LI><a href="#[c3]">&gt;&gt;</a>&nbsp;&nbsp;&nbsp;_fp_value
</UL>

<P><STRONG><a name="[b9]"></a>__vfscanf_char</STRONG> (Thumb, 20 bytes, Stack size 0 bytes, scanf_char.o(.text))
<BR><BR>[Stack]<UL><LI>Max Depth = 192<LI>Call Chain = __vfscanf_char &rArr; __vfscanf &rArr; _scanf_real
</UL>
<BR>[Calls]<UL><LI><a href="#[ca]">&gt;&gt;</a>&nbsp;&nbsp;&nbsp;__vfscanf
</UL>
<BR>[Called By]<UL><LI><a href="#[b8]">&gt;&gt;</a>&nbsp;&nbsp;&nbsp;__0sscanf
<LI><a href="#[d9]">&gt;&gt;</a>&nbsp;&nbsp;&nbsp;sscanf
</UL>

<P><STRONG><a name="[5f]"></a>_sgetc</STRONG> (Thumb, 30 bytes, Stack size 0 bytes, _sgetc.o(.text))
<BR>[Address Reference Count : 2]<UL><LI> __0sscanf.o(.text)
<LI> sscanf.o(.text)
</UL>
<P><STRONG><a name="[60]"></a>_sbackspace</STRONG> (Thumb, 34 bytes, Stack size 0 bytes, _sgetc.o(.text))
<BR>[Address Reference Count : 2]<UL><LI> __0sscanf.o(.text)
<LI> sscanf.o(.text)
</UL>
<P><STRONG><a name="[1a1]"></a>__I$use$fp</STRONG> (Thumb, 0 bytes, Stack size 0 bytes, iusefp.o(.text), UNUSED)

<P><STRONG><a name="[bd]"></a>__rt_ddtor_pointer_addr</STRONG> (Thumb, 4 bytes, Stack size 0 bytes, cpp_dtor.o(.text))
<BR><BR>[Called By]<UL><LI><a href="#[b1]">&gt;&gt;</a>&nbsp;&nbsp;&nbsp;__aeabi_atexit
<LI><a href="#[96]">&gt;&gt;</a>&nbsp;&nbsp;&nbsp;__cxa_finalize
</UL>

<P><STRONG><a name="[150]"></a>__rt_new_handler_addr</STRONG> (Thumb, 4 bytes, Stack size 0 bytes, cpp_memory.o(.text))
<BR><BR>[Called By]<UL><LI><a href="#[fd]">&gt;&gt;</a>&nbsp;&nbsp;&nbsp;operator new(unsigned)
</UL>

<P><STRONG><a name="[d6]"></a>__rt_eh_globals_addr</STRONG> (Thumb, 12 bytes, Stack size 0 bytes, cpp_memory.o(.text))
<BR><BR>[Called By]<UL><LI><a href="#[d5]">&gt;&gt;</a>&nbsp;&nbsp;&nbsp;__cxa_get_globals
</UL>

<P><STRONG><a name="[15b]"></a>__rt_SIGPVFN</STRONG> (Thumb, 2 bytes, Stack size 0 bytes, cpp_signal.o(.text))
<BR><BR>[Called By]<UL><LI><a href="#[74]">&gt;&gt;</a>&nbsp;&nbsp;&nbsp;__cxa_pure_virtual
</UL>

<P><STRONG><a name="[96]"></a>__cxa_finalize</STRONG> (Thumb, 66 bytes, Stack size 24 bytes, cxa_finalize.o(.text))
<BR><BR>[Stack]<UL><LI>Max Depth = 32<LI>Call Chain = __cxa_finalize &rArr; free
</UL>
<BR>[Calls]<UL><LI><a href="#[bd]">&gt;&gt;</a>&nbsp;&nbsp;&nbsp;__rt_ddtor_pointer_addr
<LI><a href="#[cb]">&gt;&gt;</a>&nbsp;&nbsp;&nbsp;free
</UL>
<BR>[Called By]<UL><LI><a href="#[95]">&gt;&gt;</a>&nbsp;&nbsp;&nbsp;__rt_final_cpp$nonempty
</UL>

<P><STRONG><a name="[cc]"></a>__aeabi_dadd</STRONG> (Thumb, 322 bytes, Stack size 48 bytes, dadd.o(.text), UNUSED)
<BR><BR>[Calls]<UL><LI><a href="#[cf]">&gt;&gt;</a>&nbsp;&nbsp;&nbsp;_double_round
<LI><a href="#[ce]">&gt;&gt;</a>&nbsp;&nbsp;&nbsp;_double_epilogue
<LI><a href="#[cd]">&gt;&gt;</a>&nbsp;&nbsp;&nbsp;__aeabi_lasr
<LI><a href="#[c1]">&gt;&gt;</a>&nbsp;&nbsp;&nbsp;__aeabi_llsl
</UL>
<BR>[Called By]<UL><LI><a href="#[15f]">&gt;&gt;</a>&nbsp;&nbsp;&nbsp;_fp_digits
<LI><a href="#[d1]">&gt;&gt;</a>&nbsp;&nbsp;&nbsp;__aeabi_drsub
<LI><a href="#[d0]">&gt;&gt;</a>&nbsp;&nbsp;&nbsp;__aeabi_dsub
</UL>

<P><STRONG><a name="[d0]"></a>__aeabi_dsub</STRONG> (Thumb, 6 bytes, Stack size 0 bytes, dadd.o(.text), UNUSED)
<BR><BR>[Calls]<UL><LI><a href="#[cc]">&gt;&gt;</a>&nbsp;&nbsp;&nbsp;__aeabi_dadd
</UL>

<P><STRONG><a name="[d1]"></a>__aeabi_drsub</STRONG> (Thumb, 6 bytes, Stack size 0 bytes, dadd.o(.text), UNUSED)
<BR><BR>[Calls]<UL><LI><a href="#[cc]">&gt;&gt;</a>&nbsp;&nbsp;&nbsp;__aeabi_dadd
</UL>

<P><STRONG><a name="[c5]"></a>__aeabi_dmul</STRONG> (Thumb, 228 bytes, Stack size 48 bytes, dmul.o(.text), UNUSED)
<BR><BR>[Calls]<UL><LI><a href="#[ce]">&gt;&gt;</a>&nbsp;&nbsp;&nbsp;_double_epilogue
</UL>
<BR>[Called By]<UL><LI><a href="#[15f]">&gt;&gt;</a>&nbsp;&nbsp;&nbsp;_fp_digits
<LI><a href="#[c3]">&gt;&gt;</a>&nbsp;&nbsp;&nbsp;_fp_value
</UL>

<P><STRONG><a name="[c6]"></a>__aeabi_ddiv</STRONG> (Thumb, 222 bytes, Stack size 32 bytes, ddiv.o(.text), UNUSED)
<BR><BR>[Calls]<UL><LI><a href="#[cf]">&gt;&gt;</a>&nbsp;&nbsp;&nbsp;_double_round
</UL>
<BR>[Called By]<UL><LI><a href="#[15f]">&gt;&gt;</a>&nbsp;&nbsp;&nbsp;_fp_digits
<LI><a href="#[c3]">&gt;&gt;</a>&nbsp;&nbsp;&nbsp;_fp_value
</UL>

<P><STRONG><a name="[d2]"></a>__aeabi_d2ulz</STRONG> (Thumb, 48 bytes, Stack size 0 bytes, dfixul.o(.text), UNUSED)
<BR><BR>[Calls]<UL><LI><a href="#[c0]">&gt;&gt;</a>&nbsp;&nbsp;&nbsp;__aeabi_llsr
<LI><a href="#[c1]">&gt;&gt;</a>&nbsp;&nbsp;&nbsp;__aeabi_llsl
</UL>
<BR>[Called By]<UL><LI><a href="#[15f]">&gt;&gt;</a>&nbsp;&nbsp;&nbsp;_fp_digits
</UL>

<P><STRONG><a name="[160]"></a>__aeabi_cdrcmple</STRONG> (Thumb, 48 bytes, Stack size 0 bytes, cdrcmple.o(.text), UNUSED)
<BR><BR>[Called By]<UL><LI><a href="#[15f]">&gt;&gt;</a>&nbsp;&nbsp;&nbsp;_fp_digits
</UL>

<P><STRONG><a name="[d3]"></a>__aeabi_vec_delete</STRONG> (Thumb, 14 bytes, Stack size 8 bytes, aeabi_vec_delete_noexceptions.o(.text))
<BR><BR>[Stack]<UL><LI>Max Depth = 32<LI>Call Chain = __aeabi_vec_delete &rArr; __aeabi_vec_dtor_cookie &rArr; __aeabi_vec_dtor
</UL>
<BR>[Calls]<UL><LI><a href="#[d4]">&gt;&gt;</a>&nbsp;&nbsp;&nbsp;__aeabi_vec_dtor_cookie
<LI><a href="#[6f]">&gt;&gt;</a>&nbsp;&nbsp;&nbsp;operator delete[] (void*)
</UL>
<BR>[Called By]<UL><LI><a href="#[113]">&gt;&gt;</a>&nbsp;&nbsp;&nbsp;__rw::__rw_locale_vector&lang;std::basic_string&lang;char, std::char_traits&lang;char&rang;, std::allocator&lang;char&rang;&rang;&rang;::~__rw_locale_vector()
<LI><a href="#[10c]">&gt;&gt;</a>&nbsp;&nbsp;&nbsp;__rw::__rw_locale_imp::__rw_locale_imp(const char*, unsigned, unsigned)
<LI><a href="#[6a]">&gt;&gt;</a>&nbsp;&nbsp;&nbsp;__rw::__rw_locale_vector&lang;std::__rw_open_cat_data&rang;::~__rw_locale_vector()
<LI><a href="#[137]">&gt;&gt;</a>&nbsp;&nbsp;&nbsp;__rw::__rw_locale_vector&lang;std::__rw_open_cat_data&rang;::resize(unsigned)
</UL>

<P><STRONG><a name="[be]"></a>std::terminate()</STRONG> (Thumb, 26 bytes, Stack size 8 bytes, arm_exceptions_terminate.o(.text))
<BR><BR>[Stack]<UL><LI>Max Depth = 52<LI>Call Chain = std::terminate() &rArr; __cxa_get_globals &rArr; __ARM_exceptions_buffer_init &rArr; malloc
</UL>
<BR>[Calls]<UL><LI><a href="#[d5]">&gt;&gt;</a>&nbsp;&nbsp;&nbsp;__cxa_get_globals
</UL>
<BR>[Called By]<UL><LI><a href="#[6b]">&gt;&gt;</a>&nbsp;&nbsp;&nbsp;__default_new_handler()
<LI><a href="#[156]">&gt;&gt;</a>&nbsp;&nbsp;&nbsp;__ARM_array_new_general
</UL>

<P><STRONG><a name="[d5]"></a>__cxa_get_globals</STRONG> (Thumb, 62 bytes, Stack size 16 bytes, arm_exceptions_globs.o(.text))
<BR><BR>[Stack]<UL><LI>Max Depth = 44<LI>Call Chain = __cxa_get_globals &rArr; __ARM_exceptions_buffer_init &rArr; malloc
</UL>
<BR>[Calls]<UL><LI><a href="#[d6]">&gt;&gt;</a>&nbsp;&nbsp;&nbsp;__rt_eh_globals_addr
<LI><a href="#[bc]">&gt;&gt;</a>&nbsp;&nbsp;&nbsp;malloc
<LI><a href="#[d7]">&gt;&gt;</a>&nbsp;&nbsp;&nbsp;__ARM_exceptions_buffer_init
</UL>
<BR>[Called By]<UL><LI><a href="#[be]">&gt;&gt;</a>&nbsp;&nbsp;&nbsp;std::terminate()
</UL>

<P><STRONG><a name="[91]"></a>__scatterload</STRONG> (Thumb, 28 bytes, Stack size 0 bytes, init.o(.text))
<BR><BR>[Calls]<UL><LI><a href="#[d8]">&gt;&gt;</a>&nbsp;&nbsp;&nbsp;__main_after_scatterload
</UL>
<BR>[Called By]<UL><LI><a href="#[90]">&gt;&gt;</a>&nbsp;&nbsp;&nbsp;_main_scatterload
</UL>

<P><STRONG><a name="[1a2]"></a>__scatterload_rt2</STRONG> (Thumb, 0 bytes, Stack size 0 bytes, init.o(.text), UNUSED)

<P><STRONG><a name="[c1]"></a>__aeabi_llsl</STRONG> (Thumb, 30 bytes, Stack size 0 bytes, llshl.o(.text), UNUSED)
<BR><BR>[Called By]<UL><LI><a href="#[cc]">&gt;&gt;</a>&nbsp;&nbsp;&nbsp;__aeabi_dadd
<LI><a href="#[d2]">&gt;&gt;</a>&nbsp;&nbsp;&nbsp;__aeabi_d2ulz
<LI><a href="#[ce]">&gt;&gt;</a>&nbsp;&nbsp;&nbsp;_double_epilogue
<LI><a href="#[bf]">&gt;&gt;</a>&nbsp;&nbsp;&nbsp;__aeabi_uldivmod
</UL>

<P><STRONG><a name="[1a3]"></a>_ll_shift_l</STRONG> (Thumb, 0 bytes, Stack size 0 bytes, llshl.o(.text), UNUSED)

<P><STRONG><a name="[c0]"></a>__aeabi_llsr</STRONG> (Thumb, 32 bytes, Stack size 0 bytes, llushr.o(.text), UNUSED)
<BR><BR>[Called By]<UL><LI><a href="#[d2]">&gt;&gt;</a>&nbsp;&nbsp;&nbsp;__aeabi_d2ulz
<LI><a href="#[ce]">&gt;&gt;</a>&nbsp;&nbsp;&nbsp;_double_epilogue
<LI><a href="#[bf]">&gt;&gt;</a>&nbsp;&nbsp;&nbsp;__aeabi_uldivmod
</UL>

<P><STRONG><a name="[1a4]"></a>_ll_ushift_r</STRONG> (Thumb, 0 bytes, Stack size 0 bytes, llushr.o(.text), UNUSED)

<P><STRONG><a name="[cd]"></a>__aeabi_lasr</STRONG> (Thumb, 36 bytes, Stack size 0 bytes, llsshr.o(.text), UNUSED)
<BR><BR>[Called By]<UL><LI><a href="#[cc]">&gt;&gt;</a>&nbsp;&nbsp;&nbsp;__aeabi_dadd
</UL>

<P><STRONG><a name="[1a5]"></a>_ll_sshift_r</STRONG> (Thumb, 0 bytes, Stack size 0 bytes, llsshr.o(.text), UNUSED)

<P><STRONG><a name="[148]"></a>strcat</STRONG> (Thumb, 24 bytes, Stack size 0 bytes, strcat.o(.text))
<BR><BR>[Called By]<UL><LI><a href="#[109]">&gt;&gt;</a>&nbsp;&nbsp;&nbsp;std::__rw_exception::_C_vformat(int, std::__va_list)
</UL>

<P><STRONG><a name="[115]"></a>strcpy</STRONG> (Thumb, 18 bytes, Stack size 0 bytes, strcpy.o(.text))
<BR><BR>[Called By]<UL><LI><a href="#[114]">&gt;&gt;</a>&nbsp;&nbsp;&nbsp;__rw::__rw_use_c_lib_locale::__rw_use_c_lib_locale(const char*, int)
<LI><a href="#[109]">&gt;&gt;</a>&nbsp;&nbsp;&nbsp;std::__rw_exception::_C_vformat(int, std::__va_list)
</UL>

<P><STRONG><a name="[103]"></a>strrchr</STRONG> (Thumb, 32 bytes, Stack size 0 bytes, strrchr.o(.text))
<BR><BR>[Called By]<UL><LI><a href="#[102]">&gt;&gt;</a>&nbsp;&nbsp;&nbsp;[local to rwstdexcept_cpp]::__rw::__rw_vfmatstr(char*, unsigned, int, std::__va_list)
</UL>

<P><STRONG><a name="[d9]"></a>sscanf</STRONG> (Thumb, 48 bytes, Stack size 72 bytes, sscanf.o(.text))
<BR><BR>[Stack]<UL><LI>Max Depth = 264<LI>Call Chain = sscanf &rArr; __vfscanf_char &rArr; __vfscanf &rArr; _scanf_real
</UL>
<BR>[Calls]<UL><LI><a href="#[b9]">&gt;&gt;</a>&nbsp;&nbsp;&nbsp;__vfscanf_char
</UL>
<BR>[Called By]<UL><LI><a href="#[102]">&gt;&gt;</a>&nbsp;&nbsp;&nbsp;[local to rwstdexcept_cpp]::__rw::__rw_vfmatstr(char*, unsigned, int, std::__va_list)
</UL>

<P><STRONG><a name="[ca]"></a>__vfscanf</STRONG> (Thumb, 808 bytes, Stack size 88 bytes, _scanf.o(.text))
<BR><BR>[Stack]<UL><LI>Max Depth = 192<LI>Call Chain = __vfscanf &rArr; _scanf_real
</UL>
<BR>[Calls]<UL><LI><a href="#[ba]">&gt;&gt;</a>&nbsp;&nbsp;&nbsp;_scanf_int
<LI><a href="#[da]">&gt;&gt;</a>&nbsp;&nbsp;&nbsp;_scanf_real
<LI><a href="#[db]">&gt;&gt;</a>&nbsp;&nbsp;&nbsp;_scanf_string
<LI><a href="#[c2]">&gt;&gt;</a>&nbsp;&nbsp;&nbsp;_scanf_longlong
</UL>
<BR>[Called By]<UL><LI><a href="#[b9]">&gt;&gt;</a>&nbsp;&nbsp;&nbsp;__vfscanf_char
</UL>

<P><STRONG><a name="[1a6]"></a>__rt_lib_shutdown_cpp_2</STRONG> (Thumb, 2 bytes, Stack size 0 bytes, cpp_final.o(.text), UNUSED)

<P><STRONG><a name="[cf]"></a>_double_round</STRONG> (Thumb, 30 bytes, Stack size 8 bytes, depilogue.o(.text), UNUSED)
<BR><BR>[Called By]<UL><LI><a href="#[c6]">&gt;&gt;</a>&nbsp;&nbsp;&nbsp;__aeabi_ddiv
<LI><a href="#[cc]">&gt;&gt;</a>&nbsp;&nbsp;&nbsp;__aeabi_dadd
<LI><a href="#[ce]">&gt;&gt;</a>&nbsp;&nbsp;&nbsp;_double_epilogue
</UL>

<P><STRONG><a name="[ce]"></a>_double_epilogue</STRONG> (Thumb, 156 bytes, Stack size 32 bytes, depilogue.o(.text), UNUSED)
<BR><BR>[Calls]<UL><LI><a href="#[cf]">&gt;&gt;</a>&nbsp;&nbsp;&nbsp;_double_round
<LI><a href="#[c0]">&gt;&gt;</a>&nbsp;&nbsp;&nbsp;__aeabi_llsr
<LI><a href="#[c1]">&gt;&gt;</a>&nbsp;&nbsp;&nbsp;__aeabi_llsl
</UL>
<BR>[Called By]<UL><LI><a href="#[c5]">&gt;&gt;</a>&nbsp;&nbsp;&nbsp;__aeabi_dmul
<LI><a href="#[cc]">&gt;&gt;</a>&nbsp;&nbsp;&nbsp;__aeabi_dadd
<LI><a href="#[c4]">&gt;&gt;</a>&nbsp;&nbsp;&nbsp;__aeabi_ul2d
</UL>

<P><STRONG><a name="[c4]"></a>__aeabi_ul2d</STRONG> (Thumb, 24 bytes, Stack size 16 bytes, dfltul.o(.text), UNUSED)
<BR><BR>[Calls]<UL><LI><a href="#[ce]">&gt;&gt;</a>&nbsp;&nbsp;&nbsp;_double_epilogue
</UL>
<BR>[Called By]<UL><LI><a href="#[c3]">&gt;&gt;</a>&nbsp;&nbsp;&nbsp;_fp_value
</UL>

<P><STRONG><a name="[c9]"></a>__aeabi_d2f</STRONG> (Thumb, 56 bytes, Stack size 8 bytes, d2f.o(.text), UNUSED)
<BR><BR>[Calls]<UL><LI><a href="#[dc]">&gt;&gt;</a>&nbsp;&nbsp;&nbsp;_float_round
</UL>
<BR>[Called By]<UL><LI><a href="#[c7]">&gt;&gt;</a>&nbsp;&nbsp;&nbsp;_scanf_really_real
</UL>

<P><STRONG><a name="[d7]"></a>__ARM_exceptions_buffer_init</STRONG> (Thumb, 18 bytes, Stack size 8 bytes, arm_exceptions_mem.o(.text))
<BR><BR>[Stack]<UL><LI>Max Depth = 28<LI>Call Chain = __ARM_exceptions_buffer_init &rArr; malloc
</UL>
<BR>[Calls]<UL><LI><a href="#[bc]">&gt;&gt;</a>&nbsp;&nbsp;&nbsp;malloc
</UL>
<BR>[Called By]<UL><LI><a href="#[d5]">&gt;&gt;</a>&nbsp;&nbsp;&nbsp;__cxa_get_globals
</UL>

<P><STRONG><a name="[1a7]"></a>__ARM_exceptions_buffer_allocate</STRONG> (Thumb, 22 bytes, Stack size 0 bytes, arm_exceptions_mem.o(.text), UNUSED)

<P><STRONG><a name="[1a8]"></a>__ARM_exceptions_buffer_free</STRONG> (Thumb, 20 bytes, Stack size 0 bytes, arm_exceptions_mem.o(.text), UNUSED)

<P><STRONG><a name="[dd]"></a>__rt_ctype_table</STRONG> (Thumb, 4 bytes, Stack size 0 bytes, ctype_o.o(.text))
<BR><BR>[Called By]<UL><LI><a href="#[143]">&gt;&gt;</a>&nbsp;&nbsp;&nbsp;std::ctype_byname&lang;char&rang;::_C_get_mask_table(const char*)
<LI><a href="#[62]">&gt;&gt;</a>&nbsp;&nbsp;&nbsp;isspace
</UL>

<P><STRONG><a name="[62]"></a>isspace</STRONG> (Thumb, 18 bytes, Stack size 8 bytes, isspace_o.o(.text))
<BR><BR>[Stack]<UL><LI>Max Depth = 8<LI>Call Chain = isspace
</UL>
<BR>[Calls]<UL><LI><a href="#[dd]">&gt;&gt;</a>&nbsp;&nbsp;&nbsp;__rt_ctype_table
</UL>
<BR>[Address Reference Count : 1]<UL><LI> scanf_char.o(.text)
</UL>
<P><STRONG><a name="[1a9]"></a>____aeabi_memcpy8$ret$move</STRONG> (Thumb, 0 bytes, Stack size 8 bytes, memmove.o(.text), UNUSED)

<P><STRONG><a name="[1aa]"></a>___aeabi_memmove$ret</STRONG> (Thumb, 0 bytes, Stack size 8 bytes, memmove.o(.text), UNUSED)

<P><STRONG><a name="[1ab]"></a>___aeabi_memmove8$ret</STRONG> (Thumb, 0 bytes, Stack size 8 bytes, memmove.o(.text), UNUSED)

<P><STRONG><a name="[1ac]"></a>__aeabi_memcpy</STRONG> (Thumb, 66 bytes, Stack size 8 bytes, memmove.o(.text), UNUSED)

<P><STRONG><a name="[1ad]"></a>__aeabi_memcpy4</STRONG> (Thumb, 0 bytes, Stack size 8 bytes, memmove.o(.text), UNUSED)

<P><STRONG><a name="[f6]"></a>__aeabi_memmove4</STRONG> (Thumb, 0 bytes, Stack size 8 bytes, memmove.o(.text))
<BR><BR>[Stack]<UL><LI>Max Depth = 8<LI>Call Chain = __aeabi_memmove4
</UL>
<BR>[Called By]<UL><LI><a href="#[e7]">&gt;&gt;</a>&nbsp;&nbsp;&nbsp;NVIC_SetVector
</UL>

<P><STRONG><a name="[10e]"></a>memcpy</STRONG> (Thumb, 0 bytes, Stack size 8 bytes, memmove.o(.text))
<BR><BR>[Stack]<UL><LI>Max Depth = 8<LI>Call Chain = memcpy
</UL>
<BR>[Called By]<UL><LI><a href="#[10c]">&gt;&gt;</a>&nbsp;&nbsp;&nbsp;__rw::__rw_locale_imp::__rw_locale_imp(const char*, unsigned, unsigned)
</UL>

<P><STRONG><a name="[1ae]"></a>memmove</STRONG> (Thumb, 0 bytes, Stack size 8 bytes, memmove.o(.text), UNUSED)

<P><STRONG><a name="[dc]"></a>_float_round</STRONG> (Thumb, 18 bytes, Stack size 0 bytes, fepilogue.o(.text), UNUSED)
<BR><BR>[Called By]<UL><LI><a href="#[c9]">&gt;&gt;</a>&nbsp;&nbsp;&nbsp;__aeabi_d2f
</UL>

<P><STRONG><a name="[1af]"></a>_float_epilogue</STRONG> (Thumb, 92 bytes, Stack size 4 bytes, fepilogue.o(.text), UNUSED)

<P><STRONG><a name="[158]"></a>__cxa_rethrow</STRONG> (Thumb, 2 bytes, Stack size 0 bytes, arm_rethrow_noexceptions.o(.text))
<BR><BR>[Called By]<UL><LI><a href="#[156]">&gt;&gt;</a>&nbsp;&nbsp;&nbsp;__ARM_array_new_general
</UL>

<P><STRONG><a name="[159]"></a>__aeabi_vec_dtor</STRONG> (Thumb, 34 bytes, Stack size 24 bytes, aeabi_vec_dtor_noexceptions.o(.text))
<BR><BR>[Stack]<UL><LI>Max Depth = 24<LI>Call Chain = __aeabi_vec_dtor
</UL>
<BR>[Called By]<UL><LI><a href="#[d4]">&gt;&gt;</a>&nbsp;&nbsp;&nbsp;__aeabi_vec_dtor_cookie
</UL>

<P><STRONG><a name="[157]"></a>__ARM_vec_cleanup</STRONG> (Thumb, 28 bytes, Stack size 24 bytes, ARM_vec_cleanup_noexceptions.o(.text))
<BR><BR>[Stack]<UL><LI>Max Depth = 24<LI>Call Chain = __ARM_vec_cleanup
</UL>
<BR>[Called By]<UL><LI><a href="#[156]">&gt;&gt;</a>&nbsp;&nbsp;&nbsp;__ARM_array_new_general
</UL>

<P><STRONG><a name="[5b]"></a>main</STRONG> (Thumb, 18 bytes, Stack size 8 bytes, retarget.o(i.$Sub$$main))
<BR><BR>[Stack]<UL><LI>Max Depth = 584<LI>Call Chain = main &rArr; $Super$$main &rArr; start() &rArr; increment_sequence(std::vector&lang;int, std::allocator&lang;int&rang;&rang;&) &rArr; std::vector&lang;int, std::allocator&lang;int&rang;&rang;::_C_insert_aux(int*, const int&) &rArr; std::allocator&lang;int&rang;::allocate(unsigned, const void*) &rArr; __rw::__rw_allocate(unsigned, int) &rArr; __rw::__rw_throw(int, ...) &rArr; std::__rw_exception::_C_vformat(int, std::__va_list) &rArr; [local to rwstdexcept_cpp]::__rw::__rw_vfmatstr(char*, unsigned, int, std::__va_list) &rArr; sscanf &rArr; __vfscanf_char &rArr; __vfscanf &rArr; _scanf_real
</UL>
<BR>[Calls]<UL><LI><a href="#[df]">&gt;&gt;</a>&nbsp;&nbsp;&nbsp;mbed_main
<LI><a href="#[ab]">&gt;&gt;</a>&nbsp;&nbsp;&nbsp;$Super$$main
<LI><a href="#[de]">&gt;&gt;</a>&nbsp;&nbsp;&nbsp;mbed_sdk_init
</UL>
<BR>[Address Reference Count : 1]<UL><LI> entry9a.o(.ARM.Collect$$$$0000000B)
</UL>
<P><STRONG><a name="[171]"></a>HAL_GPIO_Init</STRONG> (Thumb, 560 bytes, Stack size 36 bytes, stm32f4xx_hal_gpio.o(i.HAL_GPIO_Init))
<BR><BR>[Stack]<UL><LI>Max Depth = 36<LI>Call Chain = HAL_GPIO_Init
</UL>
<BR>[Called By]<UL><LI><a href="#[16a]">&gt;&gt;</a>&nbsp;&nbsp;&nbsp;pin_function
</UL>

<P><STRONG><a name="[ea]"></a>HAL_GetTick</STRONG> (Thumb, 6 bytes, Stack size 0 bytes, stm32f4xx_hal.o(i.HAL_GetTick))
<BR><BR>[Called By]<UL><LI><a href="#[ee]">&gt;&gt;</a>&nbsp;&nbsp;&nbsp;HAL_RCC_OscConfig
<LI><a href="#[e9]">&gt;&gt;</a>&nbsp;&nbsp;&nbsp;HAL_RCC_ClockConfig
</UL>

<P><STRONG><a name="[17a]"></a>HAL_IncTick</STRONG> (Thumb, 10 bytes, Stack size 0 bytes, stm32f4xx_hal.o(i.HAL_IncTick))
<BR><BR>[Called By]<UL><LI><a href="#[64]">&gt;&gt;</a>&nbsp;&nbsp;&nbsp;timer_irq_handler
</UL>

<P><STRONG><a name="[e2]"></a>HAL_Init</STRONG> (Thumb, 48 bytes, Stack size 8 bytes, stm32f4xx_hal.o(i.HAL_Init))
<BR><BR>[Stack]<UL><LI>Max Depth = 48<LI>Call Chain = HAL_Init &rArr; HAL_InitTick &rArr; NVIC_SetVector &rArr; __aeabi_memmove4
</UL>
<BR>[Calls]<UL><LI><a href="#[e5]">&gt;&gt;</a>&nbsp;&nbsp;&nbsp;HAL_MspInit
<LI><a href="#[e3]">&gt;&gt;</a>&nbsp;&nbsp;&nbsp;HAL_NVIC_SetPriorityGrouping
<LI><a href="#[e4]">&gt;&gt;</a>&nbsp;&nbsp;&nbsp;HAL_InitTick
</UL>
<BR>[Called By]<UL><LI><a href="#[5d]">&gt;&gt;</a>&nbsp;&nbsp;&nbsp;SystemInit
<LI><a href="#[de]">&gt;&gt;</a>&nbsp;&nbsp;&nbsp;mbed_sdk_init
</UL>

<P><STRONG><a name="[e4]"></a>HAL_InitTick</STRONG> (Thumb, 130 bytes, Stack size 8 bytes, hal_tick.o(i.HAL_InitTick))
<BR><BR>[Stack]<UL><LI>Max Depth = 40<LI>Call Chain = HAL_InitTick &rArr; NVIC_SetVector &rArr; __aeabi_memmove4
</UL>
<BR>[Calls]<UL><LI><a href="#[e7]">&gt;&gt;</a>&nbsp;&nbsp;&nbsp;NVIC_SetVector
<LI><a href="#[e8]">&gt;&gt;</a>&nbsp;&nbsp;&nbsp;HAL_TIM_OC_Start
<LI><a href="#[e6]">&gt;&gt;</a>&nbsp;&nbsp;&nbsp;HAL_TIM_OC_Init
</UL>
<BR>[Called By]<UL><LI><a href="#[e2]">&gt;&gt;</a>&nbsp;&nbsp;&nbsp;HAL_Init
<LI><a href="#[e9]">&gt;&gt;</a>&nbsp;&nbsp;&nbsp;HAL_RCC_ClockConfig
<LI><a href="#[17c]">&gt;&gt;</a>&nbsp;&nbsp;&nbsp;us_ticker_read
</UL>

<P><STRONG><a name="[e5]"></a>HAL_MspInit</STRONG> (Thumb, 2 bytes, Stack size 0 bytes, stm32f4xx_hal.o(i.HAL_MspInit))
<BR><BR>[Called By]<UL><LI><a href="#[e2]">&gt;&gt;</a>&nbsp;&nbsp;&nbsp;HAL_Init
</UL>

<P><STRONG><a name="[e3]"></a>HAL_NVIC_SetPriorityGrouping</STRONG> (Thumb, 30 bytes, Stack size 0 bytes, stm32f4xx_hal_cortex.o(i.HAL_NVIC_SetPriorityGrouping))
<BR><BR>[Called By]<UL><LI><a href="#[e2]">&gt;&gt;</a>&nbsp;&nbsp;&nbsp;HAL_Init
</UL>

<P><STRONG><a name="[e9]"></a>HAL_RCC_ClockConfig</STRONG> (Thumb, 498 bytes, Stack size 32 bytes, stm32f4xx_hal_rcc.o(i.HAL_RCC_ClockConfig))
<BR><BR>[Stack]<UL><LI>Max Depth = 72<LI>Call Chain = HAL_RCC_ClockConfig &rArr; HAL_InitTick &rArr; NVIC_SetVector &rArr; __aeabi_memmove4
</UL>
<BR>[Calls]<UL><LI><a href="#[ea]">&gt;&gt;</a>&nbsp;&nbsp;&nbsp;HAL_GetTick
<LI><a href="#[e4]">&gt;&gt;</a>&nbsp;&nbsp;&nbsp;HAL_InitTick
</UL>
<BR>[Called By]<UL><LI><a href="#[5d]">&gt;&gt;</a>&nbsp;&nbsp;&nbsp;SystemInit
<LI><a href="#[f7]">&gt;&gt;</a>&nbsp;&nbsp;&nbsp;SetSysClock_PLL_HSE
</UL>

<P><STRONG><a name="[ec]"></a>HAL_RCC_GetHCLKFreq</STRONG> (Thumb, 172 bytes, Stack size 8 bytes, stm32f4xx_hal_rcc.o(i.HAL_RCC_GetHCLKFreq))
<BR><BR>[Stack]<UL><LI>Max Depth = 8<LI>Call Chain = HAL_RCC_GetHCLKFreq
</UL>
<BR>[Called By]<UL><LI><a href="#[ed]">&gt;&gt;</a>&nbsp;&nbsp;&nbsp;HAL_RCC_GetPCLK2Freq
<LI><a href="#[eb]">&gt;&gt;</a>&nbsp;&nbsp;&nbsp;HAL_RCC_GetPCLK1Freq
</UL>

<P><STRONG><a name="[eb]"></a>HAL_RCC_GetPCLK1Freq</STRONG> (Thumb, 36 bytes, Stack size 4 bytes, stm32f4xx_hal_rcc.o(i.HAL_RCC_GetPCLK1Freq))
<BR><BR>[Stack]<UL><LI>Max Depth = 12<LI>Call Chain = HAL_RCC_GetPCLK1Freq &rArr; HAL_RCC_GetHCLKFreq
</UL>
<BR>[Calls]<UL><LI><a href="#[ec]">&gt;&gt;</a>&nbsp;&nbsp;&nbsp;HAL_RCC_GetHCLKFreq
</UL>
<BR>[Called By]<UL><LI><a href="#[f5]">&gt;&gt;</a>&nbsp;&nbsp;&nbsp;UART_SetConfig
</UL>

<P><STRONG><a name="[ed]"></a>HAL_RCC_GetPCLK2Freq</STRONG> (Thumb, 36 bytes, Stack size 4 bytes, stm32f4xx_hal_rcc.o(i.HAL_RCC_GetPCLK2Freq))
<BR><BR>[Stack]<UL><LI>Max Depth = 12<LI>Call Chain = HAL_RCC_GetPCLK2Freq &rArr; HAL_RCC_GetHCLKFreq
</UL>
<BR>[Calls]<UL><LI><a href="#[ec]">&gt;&gt;</a>&nbsp;&nbsp;&nbsp;HAL_RCC_GetHCLKFreq
</UL>
<BR>[Called By]<UL><LI><a href="#[f5]">&gt;&gt;</a>&nbsp;&nbsp;&nbsp;UART_SetConfig
</UL>

<P><STRONG><a name="[ee]"></a>HAL_RCC_OscConfig</STRONG> (Thumb, 916 bytes, Stack size 40 bytes, stm32f4xx_hal_rcc.o(i.HAL_RCC_OscConfig))
<BR><BR>[Stack]<UL><LI>Max Depth = 40<LI>Call Chain = HAL_RCC_OscConfig
</UL>
<BR>[Calls]<UL><LI><a href="#[ea]">&gt;&gt;</a>&nbsp;&nbsp;&nbsp;HAL_GetTick
</UL>
<BR>[Called By]<UL><LI><a href="#[5d]">&gt;&gt;</a>&nbsp;&nbsp;&nbsp;SystemInit
<LI><a href="#[f7]">&gt;&gt;</a>&nbsp;&nbsp;&nbsp;SetSysClock_PLL_HSE
</UL>

<P><STRONG><a name="[178]"></a>HAL_TIMEx_PWMN_Start</STRONG> (Thumb, 44 bytes, Stack size 0 bytes, stm32f4xx_hal_tim_ex.o(i.HAL_TIMEx_PWMN_Start))
<BR><BR>[Called By]<UL><LI><a href="#[124]">&gt;&gt;</a>&nbsp;&nbsp;&nbsp;pwmout_write
</UL>

<P><STRONG><a name="[e6]"></a>HAL_TIM_OC_Init</STRONG> (Thumb, 50 bytes, Stack size 8 bytes, stm32f4xx_hal_tim.o(i.HAL_TIM_OC_Init))
<BR><BR>[Stack]<UL><LI>Max Depth = 20<LI>Call Chain = HAL_TIM_OC_Init &rArr; TIM_Base_SetConfig
</UL>
<BR>[Calls]<UL><LI><a href="#[ef]">&gt;&gt;</a>&nbsp;&nbsp;&nbsp;HAL_TIM_OC_MspInit
[...]
</UL>
<BR>[Calls]<UL><LI><a href="#[186]">&gt;&gt;</a>&nbsp;&nbsp;&nbsp;std::basic_string&lang;char, std::char_traits&lang;char&rang;, std::allocator&lang;char&rang;&rang;::replace(unsigned, unsigned, const char*, unsigned)
<LI><a href="#[188]">&gt;&gt;</a>&nbsp;&nbsp;&nbsp;std::basic_string&lang;char, std::char_traits&lang;char&rang;, std::allocator&lang;char&rang;&rang;::_C_unlink()
<LI><a href="#[18a]">&gt;&gt;</a>&nbsp;&nbsp;&nbsp;__rw::__string_ref&lang;char, std::char_traits&lang;char&rang;, std::allocator&lang;char&rang;&rang;::_C_inc_ref()
</UL>
<BR>[Called By]<UL><LI><a href="#[10c]">&gt;&gt;</a>&nbsp;&nbsp;&nbsp;__rw::__rw_locale_imp::__rw_locale_imp(const char*, unsigned, unsigned)
</UL>

<P><STRONG><a name="[18f]"></a>std::vector&lang;int, std::allocator&lang;int&rang;&rang;::_C_destroy(int*, int*)</STRONG> (Thumb, 18 bytes, Stack size 0 bytes, main.o(t._ZNSt6vectorIiSaIiEE10_C_destroyEPiS2_))
<BR><BR>[Called By]<UL><LI><a href="#[aa]">&gt;&gt;</a>&nbsp;&nbsp;&nbsp;std::vector&lang;int, std::allocator&lang;int&rang;&rang;::~vector()
<LI><a href="#[a6]">&gt;&gt;</a>&nbsp;&nbsp;&nbsp;std::vector&lang;int, std::allocator&lang;int&rang;&rang;::_C_insert_aux(int*, const int&)
</UL>

<P><STRONG><a name="[a6]"></a>std::vector&lang;int, std::allocator&lang;int&rang;&rang;::_C_insert_aux(int*, const int&)</STRONG> (Thumb, 278 bytes, Stack size 40 bytes, main.o(t._ZNSt6vectorIiSaIiEE13_C_insert_auxEPiRKi))
<BR><BR>[Stack]<UL><LI>Max Depth = 504<LI>Call Chain = std::vector&lang;int, std::allocator&lang;int&rang;&rang;::_C_insert_aux(int*, const int&) &rArr; std::allocator&lang;int&rang;::allocate(unsigned, const void*) &rArr; __rw::__rw_allocate(unsigned, int) &rArr; __rw::__rw_throw(int, ...) &rArr; std::__rw_exception::_C_vformat(int, std::__va_list) &rArr; [local to rwstdexcept_cpp]::__rw::__rw_vfmatstr(char*, unsigned, int, std::__va_list) &rArr; sscanf &rArr; __vfscanf_char &rArr; __vfscanf &rArr; _scanf_real
</UL>
<BR>[Calls]<UL><LI><a href="#[18e]">&gt;&gt;</a>&nbsp;&nbsp;&nbsp;T2 std::uninitialized_copy&lang;int*, int*, std::allocator&lang;int&rang;&rang;(T1, T1, T2, T3&)
<LI><a href="#[18d]">&gt;&gt;</a>&nbsp;&nbsp;&nbsp;std::vector&lang;int, std::allocator&lang;int&rang;&rang;::begin()
<LI><a href="#[a5]">&gt;&gt;</a>&nbsp;&nbsp;&nbsp;std::vector&lang;int, std::allocator&lang;int&rang;&rang;::end()
<LI><a href="#[18f]">&gt;&gt;</a>&nbsp;&nbsp;&nbsp;std::vector&lang;int, std::allocator&lang;int&rang;&rang;::_C_destroy(int*, int*)
<LI><a href="#[a4]">&gt;&gt;</a>&nbsp;&nbsp;&nbsp;std::allocator&lang;int&rang;::construct(int*, const int&)
<LI><a href="#[182]">&gt;&gt;</a>&nbsp;&nbsp;&nbsp;std::allocator&lang;int&rang;::allocate(unsigned, const void*)
<LI><a href="#[181]">&gt;&gt;</a>&nbsp;&nbsp;&nbsp;std::allocator&lang;int&rang;::deallocate(int*, unsigned)
<LI><a href="#[18b]">&gt;&gt;</a>&nbsp;&nbsp;&nbsp;std::vector&lang;int, std::allocator&lang;int&rang;&rang;::capacity() const
<LI><a href="#[a0]">&gt;&gt;</a>&nbsp;&nbsp;&nbsp;std::vector&lang;int, std::allocator&lang;int&rang;&rang;::size() const
<LI><a href="#[18c]">&gt;&gt;</a>&nbsp;&nbsp;&nbsp;unsigned __rw::__rw_new_capacity&lang;std::vector&lang;int, std::allocator&lang;int&rang;&rang;&rang;(unsigned, const T1*)
</UL>
<BR>[Called By]<UL><LI><a href="#[a2]">&gt;&gt;</a>&nbsp;&nbsp;&nbsp;increment_sequence(std::vector&lang;int, std::allocator&lang;int&rang;&rang;&)
</UL>

<P><STRONG><a name="[a5]"></a>std::vector&lang;int, std::allocator&lang;int&rang;&rang;::end()</STRONG> (Thumb, 8 bytes, Stack size 0 bytes, main.o(t._ZNSt6vectorIiSaIiEE3endEv))
<BR><BR>[Called By]<UL><LI><a href="#[a2]">&gt;&gt;</a>&nbsp;&nbsp;&nbsp;increment_sequence(std::vector&lang;int, std::allocator&lang;int&rang;&rang;&)
<LI><a href="#[aa]">&gt;&gt;</a>&nbsp;&nbsp;&nbsp;std::vector&lang;int, std::allocator&lang;int&rang;&rang;::~vector()
<LI><a href="#[a6]">&gt;&gt;</a>&nbsp;&nbsp;&nbsp;std::vector&lang;int, std::allocator&lang;int&rang;&rang;::_C_insert_aux(int*, const int&)
</UL>

<P><STRONG><a name="[18d]"></a>std::vector&lang;int, std::allocator&lang;int&rang;&rang;::begin()</STRONG> (Thumb, 8 bytes, Stack size 0 bytes, main.o(t._ZNSt6vectorIiSaIiEE5beginEv))
<BR><BR>[Called By]<UL><LI><a href="#[9f]">&gt;&gt;</a>&nbsp;&nbsp;&nbsp;std::vector&lang;int, std::allocator&lang;int&rang;&rang;::operator [](unsigned)
<LI><a href="#[aa]">&gt;&gt;</a>&nbsp;&nbsp;&nbsp;std::vector&lang;int, std::allocator&lang;int&rang;&rang;::~vector()
<LI><a href="#[a9]">&gt;&gt;</a>&nbsp;&nbsp;&nbsp;std::vector&lang;int, std::allocator&lang;int&rang;&rang;::vector(const std::vector&lang;int, std::allocator&lang;int&rang;&rang;&)
<LI><a href="#[a6]">&gt;&gt;</a>&nbsp;&nbsp;&nbsp;std::vector&lang;int, std::allocator&lang;int&rang;&rang;::_C_insert_aux(int*, const int&)
</UL>

<P><STRONG><a name="[a9]"></a>std::vector&lang;int, std::allocator&lang;int&rang;&rang;::vector(const std::vector&lang;int, std::allocator&lang;int&rang;&rang;&)</STRONG> (Thumb, 162 bytes, Stack size 48 bytes, main.o(t._ZNSt6vectorIiSaIiEEC1ERKS1_))
<BR><BR>[Stack]<UL><LI>Max Depth = 512<LI>Call Chain = std::vector&lang;int, std::allocator&lang;int&rang;&rang;::vector(const std::vector&lang;int, std::allocator&lang;int&rang;&rang;&) &rArr; std::allocator&lang;int&rang;::allocate(unsigned, const void*) &rArr; __rw::__rw_allocate(unsigned, int) &rArr; __rw::__rw_throw(int, ...) &rArr; std::__rw_exception::_C_vformat(int, std::__va_list) &rArr; [local to rwstdexcept_cpp]::__rw::__rw_vfmatstr(char*, unsigned, int, std::__va_list) &rArr; sscanf &rArr; __vfscanf_char &rArr; __vfscanf &rArr; _scanf_real
</UL>
<BR>[Calls]<UL><LI><a href="#[18d]">&gt;&gt;</a>&nbsp;&nbsp;&nbsp;std::vector&lang;int, std::allocator&lang;int&rang;&rang;::begin()
<LI><a href="#[a4]">&gt;&gt;</a>&nbsp;&nbsp;&nbsp;std::allocator&lang;int&rang;::construct(int*, const int&)
<LI><a href="#[182]">&gt;&gt;</a>&nbsp;&nbsp;&nbsp;std::allocator&lang;int&rang;::allocate(unsigned, const void*)
<LI><a href="#[180]">&gt;&gt;</a>&nbsp;&nbsp;&nbsp;std::vector&lang;int, std::allocator&lang;int&rang;&rang;::begin() const
<LI><a href="#[a0]">&gt;&gt;</a>&nbsp;&nbsp;&nbsp;std::vector&lang;int, std::allocator&lang;int&rang;&rang;::size() const
<LI><a href="#[17f]">&gt;&gt;</a>&nbsp;&nbsp;&nbsp;std::vector&lang;int, std::allocator&lang;int&rang;&rang;::end() const
<LI><a href="#[18c]">&gt;&gt;</a>&nbsp;&nbsp;&nbsp;unsigned __rw::__rw_new_capacity&lang;std::vector&lang;int, std::allocator&lang;int&rang;&rang;&rang;(unsigned, const T1*)
</UL>
<BR>[Called By]<UL><LI><a href="#[a7]">&gt;&gt;</a>&nbsp;&nbsp;&nbsp;start()
</UL>

<P><STRONG><a name="[1e4]"></a>std::vector&lang;int, std::allocator&lang;int&rang;&rang;::vector__sub_object(const std::vector&lang;int, std::allocator&lang;int&rang;&rang;&)</STRONG> (Thumb, 0 bytes, Stack size 48 bytes, main.o(t._ZNSt6vectorIiSaIiEEC1ERKS1_), UNUSED)

<P><STRONG><a name="[aa]"></a>std::vector&lang;int, std::allocator&lang;int&rang;&rang;::~vector()</STRONG> (Thumb, 50 bytes, Stack size 16 bytes, main.o(t._ZNSt6vectorIiSaIiEED1Ev))
<BR><BR>[Stack]<UL><LI>Max Depth = 48<LI>Call Chain = std::vector&lang;int, std::allocator&lang;int&rang;&rang;::~vector() &rArr; std::allocator&lang;int&rang;::deallocate(int*, unsigned) &rArr; __rw::__rw_deallocate(void*, unsigned, int) &rArr; operator delete (void*) &rArr; free
</UL>
<BR>[Calls]<UL><LI><a href="#[18d]">&gt;&gt;</a>&nbsp;&nbsp;&nbsp;std::vector&lang;int, std::allocator&lang;int&rang;&rang;::begin()
<LI><a href="#[a5]">&gt;&gt;</a>&nbsp;&nbsp;&nbsp;std::vector&lang;int, std::allocator&lang;int&rang;&rang;::end()
<LI><a href="#[18f]">&gt;&gt;</a>&nbsp;&nbsp;&nbsp;std::vector&lang;int, std::allocator&lang;int&rang;&rang;::_C_destroy(int*, int*)
<LI><a href="#[181]">&gt;&gt;</a>&nbsp;&nbsp;&nbsp;std::allocator&lang;int&rang;::deallocate(int*, unsigned)
</UL>
<BR>[Called By]<UL><LI><a href="#[a7]">&gt;&gt;</a>&nbsp;&nbsp;&nbsp;start()
</UL>

<P><STRONG><a name="[1e5]"></a>std::vector&lang;int, std::allocator&lang;int&rang;&rang;::~vector__sub_object()</STRONG> (Thumb, 0 bytes, Stack size 16 bytes, main.o(t._ZNSt6vectorIiSaIiEED1Ev), UNUSED)

<P><STRONG><a name="[9f]"></a>std::vector&lang;int, std::allocator&lang;int&rang;&rang;::operator [](unsigned)</STRONG> (Thumb, 18 bytes, Stack size 16 bytes, main.o(t._ZNSt6vectorIiSaIiEEixEj))
<BR><BR>[Stack]<UL><LI>Max Depth = 16<LI>Call Chain = std::vector&lang;int, std::allocator&lang;int&rang;&rang;::operator [](unsigned)
</UL>
<BR>[Calls]<UL><LI><a href="#[18d]">&gt;&gt;</a>&nbsp;&nbsp;&nbsp;std::vector&lang;int, std::allocator&lang;int&rang;&rang;::begin()
</UL>
<BR>[Called By]<UL><LI><a href="#[a7]">&gt;&gt;</a>&nbsp;&nbsp;&nbsp;start()
<LI><a href="#[a1]">&gt;&gt;</a>&nbsp;&nbsp;&nbsp;display_sequence(std::vector&lang;int, std::allocator&lang;int&rang;&rang;&)
<LI><a href="#[9c]">&gt;&gt;</a>&nbsp;&nbsp;&nbsp;user_turn(std::vector&lang;int, std::allocator&lang;int&rang;&rang;)
</UL>

<P><STRONG><a name="[18e]"></a>T2 std::uninitialized_copy&lang;int*, int*, std::allocator&lang;int&rang;&rang;(T1, T1, T2, T3&)</STRONG> (Thumb, 44 bytes, Stack size 24 bytes, main.o(t._ZSt18uninitialized_copyIPiS0_SaIiEET0_T_S3_S2_RT1_))
<BR><BR>[Stack]<UL><LI>Max Depth = 36<LI>Call Chain = T2 std::uninitialized_copy&lang;int*, int*, std::allocator&lang;int&rang;&rang;(T1, T1, T2, T3&) &rArr; std::allocator&lang;int&rang;::construct(int*, const int&)
</UL>
<BR>[Calls]<UL><LI><a href="#[a4]">&gt;&gt;</a>&nbsp;&nbsp;&nbsp;std::allocator&lang;int&rang;::construct(int*, const int&)
</UL>
<BR>[Called By]<UL><LI><a href="#[a6]">&gt;&gt;</a>&nbsp;&nbsp;&nbsp;std::vector&lang;int, std::allocator&lang;int&rang;&rang;::_C_insert_aux(int*, const int&)
</UL>

<P><STRONG><a name="[184]"></a>const T1& std::max&lang;unsigned&rang;(const T1&, const T1&)</STRONG> (Thumb, 12 bytes, Stack size 0 bytes, char.o(t._ZSt3maxIjERKT_S2_S2_))
<BR><BR>[Called By]<UL><LI><a href="#[183]">&gt;&gt;</a>&nbsp;&nbsp;&nbsp;std::basic_string&lang;char, std::char_traits&lang;char&rang;, std::allocator&lang;char&rang;&rang;::_C_allocate(unsigned, unsigned, unsigned)
<LI><a href="#[187]">&gt;&gt;</a>&nbsp;&nbsp;&nbsp;std::basic_string&lang;char, std::char_traits&lang;char&rang;, std::allocator&lang;char&rang;&rang;::replace(unsigned, unsigned, const char*, unsigned, unsigned, unsigned)
</UL>
<P>
<H3>
Local Symbols
</H3>
<P><STRONG><a name="[8a]"></a>__sti___8_main_cpp_button1</STRONG> (Thumb, 98 bytes, Stack size 16 bytes, main.o(.text))
<BR><BR>[Stack]<UL><LI>Max Depth = 376<LI>Call Chain = __sti___8_main_cpp_button1 &rArr; mbed::Serial::Serial(PinName, PinName, const char*) &rArr; mbed::Stream::Stream__sub_object(const char*) &rArr; fopen &rArr; freopen &rArr; _sys_open &rArr; __0sscanf &rArr; __vfscanf_char &rArr; __vfscanf &rArr; _scanf_real
</UL>
<BR>[Calls]<UL><LI><a href="#[ad]">&gt;&gt;</a>&nbsp;&nbsp;&nbsp;mbed::DigitalIn::DigitalIn(PinName)
<LI><a href="#[ae]">&gt;&gt;</a>&nbsp;&nbsp;&nbsp;mbed::DigitalOut::DigitalOut(PinName)
<LI><a href="#[af]">&gt;&gt;</a>&nbsp;&nbsp;&nbsp;pwmout_init
<LI><a href="#[b0]">&gt;&gt;</a>&nbsp;&nbsp;&nbsp;mbed::Serial::Serial(PinName, PinName, const char*)
<LI><a href="#[b1]">&gt;&gt;</a>&nbsp;&nbsp;&nbsp;__aeabi_atexit
</UL>
<BR>[Address Reference Count : 1]<UL><LI> main.o(.init_array)
</UL>
<P><STRONG><a name="[f5]"></a>UART_SetConfig</STRONG> (Thumb, 522 bytes, Stack size 24 bytes, stm32f4xx_hal_uart.o(i.UART_SetConfig))
<BR><BR>[Stack]<UL><LI>Max Depth = 36<LI>Call Chain = UART_SetConfig &rArr; HAL_RCC_GetPCLK2Freq &rArr; HAL_RCC_GetHCLKFreq
</UL>
<BR>[Calls]<UL><LI><a href="#[ed]">&gt;&gt;</a>&nbsp;&nbsp;&nbsp;HAL_RCC_GetPCLK2Freq
<LI><a href="#[eb]">&gt;&gt;</a>&nbsp;&nbsp;&nbsp;HAL_RCC_GetPCLK1Freq
</UL>
<BR>[Called By]<UL><LI><a href="#[f3]">&gt;&gt;</a>&nbsp;&nbsp;&nbsp;HAL_UART_Init
</UL>

<P><STRONG><a name="[67]"></a>&lang;Func1&rang;</STRONG> (Thumb, 6 bytes, Stack size 0 bytes, SerialBase.o(i.<Func1>))
<BR><BR>[Calls]<UL><LI><a href="#[e0]">&gt;&gt;</a>&nbsp;&nbsp;&nbsp;mbed::FunctionPointer::FunctionPointer(void(*)())
</UL>
<BR>[Address Reference Count : 1]<UL><LI> SerialBase.o(i._ZN4mbed10SerialBaseC1E7PinNameS1_)
</UL>
<P><STRONG><a name="[15f]"></a>_fp_digits</STRONG> (Thumb, 366 bytes, Stack size 64 bytes, printfa.o(i._fp_digits), UNUSED)
<BR><BR>[Calls]<UL><LI><a href="#[c5]">&gt;&gt;</a>&nbsp;&nbsp;&nbsp;__aeabi_dmul
<LI><a href="#[c6]">&gt;&gt;</a>&nbsp;&nbsp;&nbsp;__aeabi_ddiv
<LI><a href="#[cc]">&gt;&gt;</a>&nbsp;&nbsp;&nbsp;__aeabi_dadd
<LI><a href="#[d2]">&gt;&gt;</a>&nbsp;&nbsp;&nbsp;__aeabi_d2ulz
<LI><a href="#[160]">&gt;&gt;</a>&nbsp;&nbsp;&nbsp;__aeabi_cdrcmple
<LI><a href="#[bf]">&gt;&gt;</a>&nbsp;&nbsp;&nbsp;__aeabi_uldivmod
</UL>
<BR>[Called By]<UL><LI><a href="#[152]">&gt;&gt;</a>&nbsp;&nbsp;&nbsp;_printf_core
</UL>

<P><STRONG><a name="[152]"></a>_printf_core</STRONG> (Thumb, 1744 bytes, Stack size 136 bytes, printfa.o(i._printf_core), UNUSED)
<BR><BR>[Calls]<UL><LI><a href="#[161]">&gt;&gt;</a>&nbsp;&nbsp;&nbsp;_printf_pre_padding
<LI><a href="#[162]">&gt;&gt;</a>&nbsp;&nbsp;&nbsp;_printf_post_padding
<LI><a href="#[15f]">&gt;&gt;</a>&nbsp;&nbsp;&nbsp;_fp_digits
<LI><a href="#[bf]">&gt;&gt;</a>&nbsp;&nbsp;&nbsp;__aeabi_uldivmod
<LI><a href="#[163]">&gt;&gt;</a>&nbsp;&nbsp;&nbsp;__aeabi_uidivmod
</UL>
<BR>[Called By]<UL><LI><a href="#[155]">&gt;&gt;</a>&nbsp;&nbsp;&nbsp;__0vsnprintf
<LI><a href="#[154]">&gt;&gt;</a>&nbsp;&nbsp;&nbsp;__0vfprintf
<LI><a href="#[153]">&gt;&gt;</a>&nbsp;&nbsp;&nbsp;__0sprintf
<LI><a href="#[151]">&gt;&gt;</a>&nbsp;&nbsp;&nbsp;__0fprintf
</UL>

<P><STRONG><a name="[162]"></a>_printf_post_padding</STRONG> (Thumb, 36 bytes, Stack size 24 bytes, printfa.o(i._printf_post_padding), UNUSED)
<BR><BR>[Called By]<UL><LI><a href="#[152]">&gt;&gt;</a>&nbsp;&nbsp;&nbsp;_printf_core
</UL>

<P><STRONG><a name="[161]"></a>_printf_pre_padding</STRONG> (Thumb, 46 bytes, Stack size 24 bytes, printfa.o(i._printf_pre_padding), UNUSED)
<BR><BR>[Called By]<UL><LI><a href="#[152]">&gt;&gt;</a>&nbsp;&nbsp;&nbsp;_printf_core
</UL>

<P><STRONG><a name="[6e]"></a>_snputc</STRONG> (Thumb, 22 bytes, Stack size 0 bytes, printfa.o(i._snputc))
<BR>[Address Reference Count : 1]<UL><LI> printfa.o(i.__0vsnprintf)
</UL>
<P><STRONG><a name="[6d]"></a>_sputc</STRONG> (Thumb, 10 bytes, Stack size 0 bytes, printfa.o(i._sputc))
<BR><BR>[Called By]<UL><LI><a href="#[153]">&gt;&gt;</a>&nbsp;&nbsp;&nbsp;__0sprintf
</UL>
<BR>[Address Reference Count : 1]<UL><LI> printfa.o(i.__0sprintf)
</UL>
<P><STRONG><a name="[ff]"></a>[local to rwstdexcept_cpp]::__rw::__rw_vfmatstr(char*, unsigned, const char*, std::__va_list)</STRONG> (Thumb, 88 bytes, Stack size 24 bytes, rwstdexcept.o(i._ZN37_INTERNAL_15_rwstdexcept_cpp_8697b68a4__rw13__rw_vfmatstrEPcjPKcSt9__va_list))
<BR><BR>[Stack]<UL><LI>Max Depth = 60<LI>Call Chain = [local to rwstdexcept_cpp]::__rw::__rw_vfmatstr(char*, unsigned, const char*, std::__va_list) &rArr; operator new[] (unsigned) &rArr; operator new(unsigned) &rArr; malloc
</UL>
<BR>[Calls]<UL><LI><a href="#[101]">&gt;&gt;</a>&nbsp;&nbsp;&nbsp;vsnprintf
<LI><a href="#[100]">&gt;&gt;</a>&nbsp;&nbsp;&nbsp;operator new[] (unsigned)
<LI><a href="#[6f]">&gt;&gt;</a>&nbsp;&nbsp;&nbsp;operator delete[] (void*)
</UL>
<BR>[Called By]<UL><LI><a href="#[109]">&gt;&gt;</a>&nbsp;&nbsp;&nbsp;std::__rw_exception::_C_vformat(int, std::__va_list)
<LI><a href="#[102]">&gt;&gt;</a>&nbsp;&nbsp;&nbsp;[local to rwstdexcept_cpp]::__rw::__rw_vfmatstr(char*, unsigned, int, std::__va_list)
</UL>

<P><STRONG><a name="[102]"></a>[local to rwstdexcept_cpp]::__rw::__rw_vfmatstr(char*, unsigned, int, std::__va_list)</STRONG> (Thumb, 296 bytes, Stack size 88 bytes, rwstdexcept.o(i._ZN37_INTERNAL_15_rwstdexcept_cpp_8697b68a4__rw13__rw_vfmatstrEPcjiSt9__va_list))
<BR><BR>[Stack]<UL><LI>Max Depth = 352<LI>Call Chain = [local to rwstdexcept_cpp]::__rw::__rw_vfmatstr(char*, unsigned, int, std::__va_list) &rArr; sscanf &rArr; __vfscanf_char &rArr; __vfscanf &rArr; _scanf_real
</UL>
<BR>[Calls]<UL><LI><a href="#[104]">&gt;&gt;</a>&nbsp;&nbsp;&nbsp;std::basic_string&lang;char, std::char_traits&lang;char&rang;, std::allocator&lang;char&rang;&rang;::basic_string(const char*, const std::allocator&lang;char&rang;&)
<LI><a href="#[69]">&gt;&gt;</a>&nbsp;&nbsp;&nbsp;std::locale::~locale()
<LI><a href="#[65]">&gt;&gt;</a>&nbsp;&nbsp;&nbsp;std::basic_string&lang;char, std::char_traits&lang;char&rang;, std::allocator&lang;char&rang;&rang;::~basic_string()
<LI><a href="#[105]">&gt;&gt;</a>&nbsp;&nbsp;&nbsp;std::basic_string&lang;char, std::char_traits&lang;char&rang;, std::allocator&lang;char&rang;&rang;::basic_string(const std::basic_string&lang;char, std::char_traits&lang;char&rang;, std::allocator&lang;char&rang;&rang;&)
<LI><a href="#[106]">&gt;&gt;</a>&nbsp;&nbsp;&nbsp;std::locale::locale()
<LI><a href="#[ff]">&gt;&gt;</a>&nbsp;&nbsp;&nbsp;[local to rwstdexcept_cpp]::__rw::__rw_vfmatstr(char*, unsigned, const char*, std::__va_list)
<LI><a href="#[d9]">&gt;&gt;</a>&nbsp;&nbsp;&nbsp;sscanf
<LI><a href="#[103]">&gt;&gt;</a>&nbsp;&nbsp;&nbsp;strrchr
</UL>
<BR>[Called By]<UL><LI><a href="#[109]">&gt;&gt;</a>&nbsp;&nbsp;&nbsp;std::__rw_exception::_C_vformat(int, std::__va_list)
</UL>

<P><STRONG><a name="[c3]"></a>_fp_value</STRONG> (Thumb, 296 bytes, Stack size 64 bytes, scanf_fp.o(.text), UNUSED)
<BR><BR>[Calls]<UL><LI><a href="#[c5]">&gt;&gt;</a>&nbsp;&nbsp;&nbsp;__aeabi_dmul
<LI><a href="#[c6]">&gt;&gt;</a>&nbsp;&nbsp;&nbsp;__aeabi_ddiv
<LI><a href="#[c4]">&gt;&gt;</a>&nbsp;&nbsp;&nbsp;__aeabi_ul2d
</UL>
<BR>[Called By]<UL><LI><a href="#[c7]">&gt;&gt;</a>&nbsp;&nbsp;&nbsp;_scanf_really_real
</UL>

<P><STRONG><a name="[61]"></a>_scanf_char_input</STRONG> (Thumb, 12 bytes, Stack size 0 bytes, scanf_char.o(.text))
<BR>[Address Reference Count : 1]<UL><LI> scanf_char.o(.text)
</UL>
<P><STRONG><a name="[8b]"></a>__sti___8_char_cpp_a3dc957a</STRONG> (Thumb, 12 bytes, Stack size 0 bytes, char.o(i.__sti___8_char_cpp_a3dc957a))
<BR>[Address Reference Count : 1]<UL><LI> char.o(.init_array)
</UL>
<P><STRONG><a name="[66]"></a>&lang;Func5&rang;</STRONG> (Thumb, 20 bytes, Stack size 16 bytes, locale.o(i.<Func5>))
<BR><BR>[Stack]<UL><LI>Max Depth = 24<LI>Call Chain = &lang;Func5&rang; &rArr; std::basic_string&lang;char, std::char_traits&lang;char&rang;, std::allocator&lang;char&rang;&rang;::basic_string(const std::allocator&lang;char&rang;&)
</UL>
<BR>[Calls]<UL><LI><a href="#[e1]">&gt;&gt;</a>&nbsp;&nbsp;&nbsp;std::basic_string&lang;char, std::char_traits&lang;char&rang;, std::allocator&lang;char&rang;&rang;::basic_string(const std::allocator&lang;char&rang;&)
</UL>
<BR>[Address Reference Count : 1]<UL><LI> locale.o(i._ZN4__rw15__rw_locale_impC1EPKcjj)
</UL>
<P><STRONG><a name="[8c]"></a>__sti___10_locale_cpp_ff99fc7b</STRONG> (Thumb, 12 bytes, Stack size 0 bytes, locale.o(i.__sti___10_locale_cpp_ff99fc7b))
<BR>[Address Reference Count : 1]<UL><LI> locale.o(.init_array)
</UL>
<P><STRONG><a name="[63]"></a>[local to arm_exceptions_c]::__default_terminate_handler()</STRONG> (Thumb, 6 bytes, Stack size 8 bytes, arm_exceptions_globs.o(.text))
<BR><BR>[Stack]<UL><LI>Max Depth = 8<LI>Call Chain = [local to arm_exceptions_c]::__default_terminate_handler()
</UL>
<BR>[Address Reference Count : 1]<UL><LI> arm_exceptions_globs.o(.text)
</UL>
<P><STRONG><a name="[8d]"></a>__sti___10_rwcats_cpp_64e8068e</STRONG> (Thumb, 42 bytes, Stack size 16 bytes, rwcats.o(i.__sti___10_rwcats_cpp_64e8068e))
<BR><BR>[Stack]<UL><LI>Max Depth = 60<LI>Call Chain = __sti___10_rwcats_cpp_64e8068e &rArr; __aeabi_atexit &rArr; malloc
</UL>
<BR>[Calls]<UL><LI><a href="#[b1]">&gt;&gt;</a>&nbsp;&nbsp;&nbsp;__aeabi_atexit
<LI><a href="#[100]">&gt;&gt;</a>&nbsp;&nbsp;&nbsp;operator new[] (unsigned)
</UL>
<BR>[Address Reference Count : 1]<UL><LI> rwcats.o(.init_array)
</UL><P>
<H3>
Undefined Global Symbols
</H3><HR></body></html>
