Component: ARM Compiler 5.06 update 5 (build 528) Tool: armlink [4d35e2]

==============================================================================

Section Cross References

    main.o(.text) refers to main.o(i._ZN4mbed10DigitalOutaSEi) for mbed::DigitalOut::operator =(int)
    main.o(.text) refers to main.o(i._ZN4mbed6PwmOut6periodEf) for mbed::PwmOut::period(float)
    main.o(.text) refers to main.o(i._ZN4mbed6PwmOutaSEf) for mbed::PwmOut::operator =(float)
    main.o(.text) refers to wait_api.o(i.wait) for wait
    main.o(.text) refers to main.o(i._ZN4mbed9DigitalIncviEv) for mbed::DigitalIn::operator int()
    main.o(.text) refers to Stream.o(i._ZN4mbed6Stream6printfEPKcz) for mbed::Stream::printf(const char*, ...)
    main.o(.text) refers to main.o(t._ZNSt6vectorIiSaIiEEixEj) for std::vector<int, std::allocator<int>>::operator [](unsigned)
    main.o(.text) refers to main.o(t._ZNKSt6vectorIiSaIiEE4sizeEv) for std::vector<int, std::allocator<int>>::size() const
    main.o(.text) refers to rand.o(.text) for rand
    main.o(.text) refers to main.o(t._ZNSaIiE9constructEPiRKi) for std::allocator<int>::construct(int*, const int&)
    main.o(.text) refers to main.o(t._ZNSt6vectorIiSaIiEE3endEv) for std::vector<int, std::allocator<int>>::end()
    main.o(.text) refers to main.o(t._ZNSt6vectorIiSaIiEE13_C_insert_auxEPiRKi) for std::vector<int, std::allocator<int>>::_C_insert_aux(int*, const int&)
    main.o(.text) refers to main.o(.bss) for redLed
    main.o(.text) refers to main.o(.data) for rand_seed_global
    main.o(.text) refers to main.o(t._ZNSt6vectorIiSaIiEEC1ERKS1_) for std::vector<int, std::allocator<int>>::vector(const std::vector<int, std::allocator<int>>&)
    main.o(.text) refers to main.o(t._ZNSt6vectorIiSaIiEED1Ev) for std::vector<int, std::allocator<int>>::~vector()
    main.o(.text) refers to SerialBase.o(i._ZN4mbed10SerialBase4baudEi) for mbed::SerialBase::baud(int)
    main.o(.text) refers to main.o(i._ZN4mbed9DigitalInC1E7PinName) for mbed::DigitalIn::DigitalIn(PinName)
    main.o(.text) refers to main.o(i._ZN4mbed10DigitalOutC1E7PinName) for mbed::DigitalOut::DigitalOut(PinName)
    main.o(.text) refers to pwmout_api.o(i.pwmout_init) for pwmout_init
    main.o(.text) refers to Serial.o(i._ZN4mbed6SerialC1E7PinNameS1_PKc) for mbed::Serial::Serial(PinName, PinName, const char*)
    main.o(.text) refers to aeabi_atexit.o(.text) for __aeabi_atexit
    main.o(.text) refers to Serial.o(i._ZN4mbed6SerialD1Ev) for mbed::Serial::~Serial()
    main.o(.ARM.exidx) refers to main.o(.text) for .text
    main.o(.init_array) refers to main.o(.text) for __sti___8_main_cpp_button1
    main.o(.init_array) refers to cpp_init.o(.text) for __cpp_initialize__aeabi_
    stm32f4xx_hal_pwr.o(i.HAL_PWR_PVD_IRQHandler) refers to stm32f4xx_hal_pwr.o(i.HAL_PWR_PVDCallback) for HAL_PWR_PVDCallback
    hal_tick.o(i.HAL_InitTick) refers to stm32f4xx_hal_tim.o(i.HAL_TIM_OC_Init) for HAL_TIM_OC_Init
    hal_tick.o(i.HAL_InitTick) refers to cmsis_nvic.o(i.NVIC_SetVector) for NVIC_SetVector
    hal_tick.o(i.HAL_InitTick) refers to stm32f4xx_hal_tim.o(i.HAL_TIM_OC_Start) for HAL_TIM_OC_Start
    hal_tick.o(i.HAL_InitTick) refers to hal_tick.o(.bss) for .bss
    hal_tick.o(i.HAL_InitTick) refers to system_stm32f4xx.o(.data) for SystemCoreClock
    hal_tick.o(i.HAL_InitTick) refers to hal_tick.o(i.timer_irq_handler) for timer_irq_handler
    hal_tick.o(i.HAL_InitTick) refers to hal_tick.o(.data) for .data
    hal_tick.o(i.timer_irq_handler) refers to us_ticker_api.o(i.us_ticker_irq_handler) for us_ticker_irq_handler
    hal_tick.o(i.timer_irq_handler) refers to stm32f4xx_hal.o(i.HAL_IncTick) for HAL_IncTick
    hal_tick.o(i.timer_irq_handler) refers to hal_tick.o(.bss) for .bss
    hal_tick.o(i.timer_irq_handler) refers to hal_tick.o(.data) for .data
    stm32f4xx_hal_wwdg.o(i.HAL_WWDG_DeInit) refers to stm32f4xx_hal_wwdg.o(i.HAL_WWDG_MspDeInit) for HAL_WWDG_MspDeInit
    stm32f4xx_hal_wwdg.o(i.HAL_WWDG_IRQHandler) refers to stm32f4xx_hal_wwdg.o(i.HAL_WWDG_WakeupCallback) for HAL_WWDG_WakeupCallback
    stm32f4xx_hal_wwdg.o(i.HAL_WWDG_Init) refers to stm32f4xx_hal_wwdg.o(i.HAL_WWDG_MspInit) for HAL_WWDG_MspInit
    stm32f4xx_hal_tim_ex.o(i.HAL_TIMEx_ConfigCommutationEvent_DMA) refers to stm32f4xx_hal_tim_ex.o(i.HAL_TIMEx_DMACommutationCplt) for HAL_TIMEx_DMACommutationCplt
    stm32f4xx_hal_tim_ex.o(i.HAL_TIMEx_ConfigCommutationEvent_DMA) refers to stm32f4xx_hal_tim.o(i.HAL_TIM_DMAError) for HAL_TIM_DMAError
    stm32f4xx_hal_tim_ex.o(i.HAL_TIMEx_DMACommutationCplt) refers to stm32f4xx_hal_tim_ex.o(i.HAL_TIMEx_CommutationCallback) for HAL_TIMEx_CommutationCallback
    stm32f4xx_hal_tim_ex.o(i.HAL_TIMEx_HallSensor_DeInit) refers to stm32f4xx_hal_tim_ex.o(i.HAL_TIMEx_HallSensor_MspDeInit) for HAL_TIMEx_HallSensor_MspDeInit
    stm32f4xx_hal_tim_ex.o(i.HAL_TIMEx_HallSensor_Init) refers to stm32f4xx_hal_tim_ex.o(i.HAL_TIMEx_HallSensor_MspInit) for HAL_TIMEx_HallSensor_MspInit
[...]
    HAL_UART_Init                            0x080029fb   Thumb Code    94  stm32f4xx_hal_uart.o(i.HAL_UART_Init)
    HAL_UART_MspInit                         0x08002a59   Thumb Code     2  stm32f4xx_hal_uart.o(i.HAL_UART_MspInit)
    NVIC_SetVector                           0x08002a5d   Thumb Code   102  cmsis_nvic.o(i.NVIC_SetVector)
    SetSysClock_PLL_HSE                      0x08002ac9   Thumb Code   116  system_stm32f4xx.o(i.SetSysClock_PLL_HSE)
    Set_GPIO_Clock                           0x08002b45   Thumb Code    86  pinmap.o(i.Set_GPIO_Clock)
    SystemCoreClockUpdate                    0x08002bb9   Thumb Code   112  system_stm32f4xx.o(i.SystemCoreClockUpdate)
    SystemInit                               0x08002c3d   Thumb Code   210  system_stm32f4xx.o(i.SystemInit)
    TIM_Base_SetConfig                       0x08002d3d   Thumb Code   132  stm32f4xx_hal_tim.o(i.TIM_Base_SetConfig)
    catgets(__rw::__rw_cat*, int, int, const char*) 0x08002fe9   Thumb Code    28  rwcats.o(i._Z7catgetsPN4__rw8__rw_catEiiPKc)
    catopen(const char*, int)                0x08003009   Thumb Code    34  rwcats.o(i._Z7catopenPKci)
    __rw::__rw_throw(int, ...)               0x080031d1   Thumb Code    86  rwstdexcept.o(i._ZN4__rw10__rw_throwEiz)
    __rw::__rw_allocate(unsigned, int)       0x0800322d   Thumb Code    32  rwalloc.o(i._ZN4__rw13__rw_allocateEji)
    __rw::__rw_deallocate(void*, unsigned, int) 0x0800324d   Thumb Code     4  rwalloc.o(i._ZN4__rw15__rw_deallocateEPvji)
    __rw::__rw_facet_base::_C_initfacet(const std::locale&) 0x08003251   Thumb Code     2  char.o(i._ZN4__rw15__rw_facet_base12_C_initfacetERKSt6locale)
    __rw::__rw_locale_imp::__rw_locale_imp(const char*, unsigned, unsigned) 0x08003255   Thumb Code   226  locale.o(i._ZN4__rw15__rw_locale_impC1EPKcjj)
    __rw::__rw_locale_imp::__rw_locale_imp__sub_object(const char*, unsigned, unsigned) 0x08003255   Thumb Code     0  locale.o(i._ZN4__rw15__rw_locale_impC1EPKcjj)
    __rw::__rw_locale_imp::~__rw_locale_imp() 0x08003341   Thumb Code    26  locale.o(i._ZN4__rw15__rw_locale_impD1Ev)
    __rw::__rw_locale_imp::~__rw_locale_imp__sub_object() 0x08003341   Thumb Code     0  locale.o(i._ZN4__rw15__rw_locale_impD1Ev)
    __rw::__rw_use_c_lib_locale::__rw_use_c_lib_locale(const char*, int) 0x0800335b   Thumb Code    58  locale.o(i._ZN4__rw21__rw_use_c_lib_localeC1EPKci)
    __rw::__rw_use_c_lib_locale::__rw_use_c_lib_locale__sub_object(const char*, int) 0x0800335b   Thumb Code     0  locale.o(i._ZN4__rw21__rw_use_c_lib_localeC1EPKci)
    __rw::__rw_use_c_lib_locale::~__rw_use_c_lib_locale() 0x08003395   Thumb Code    24  char.o(i._ZN4__rw21__rw_use_c_lib_localeD1Ev)
    __rw::__rw_use_c_lib_locale::~__rw_use_c_lib_locale__sub_object() 0x08003395   Thumb Code     0  char.o(i._ZN4__rw21__rw_use_c_lib_localeD1Ev)
    __rw::__rw_throw_exception_noex(int, char*) 0x080033ad   Thumb Code    58  rwthrowproc_impl_noex.o(i._ZN4__rw25__rw_throw_exception_noexEiPc)
    __rw::__catfind(__rw::__rw_cat*)         0x08003445   Thumb Code    42  rwcats.o(i._ZN4__rw9__catfindEPNS_8__rw_catE)
    mbed::DigitalOut::DigitalOut(PinName)    0x08003475   Thumb Code    26  main.o(i._ZN4mbed10DigitalOutC1E7PinName)
    mbed::DigitalOut::DigitalOut__sub_object(PinName) 0x08003475   Thumb Code     0  main.o(i._ZN4mbed10DigitalOutC1E7PinName)
    mbed::DigitalOut::operator =(int)        0x08003491   Thumb Code    64  main.o(i._ZN4mbed10DigitalOutaSEi)
    mbed::FileHandle::~FileHandle()          0x080034ed   Thumb Code     0  retarget.o(i._ZN4mbed10FileHandleD2Ev)
    mbed::FileHandle::~FileHandle__sub_object() 0x080034ed   Thumb Code    38  retarget.o(i._ZN4mbed10FileHandleD2Ev)
    mbed::SerialBase::_base_putc(int)        0x0800351d   Thumb Code    14  SerialBase.o(i._ZN4mbed10SerialBase10_base_putcEi)
    mbed::SerialBase::_irq_handler(unsigned, SerialIrq) 0x0800352b   Thumb Code    14  SerialBase.o(i._ZN4mbed10SerialBase12_irq_handlerEj9SerialIrq)
    mbed::SerialBase::baud(int)              0x08003539   Thumb Code    16  SerialBase.o(i._ZN4mbed10SerialBase4baudEi)
    mbed::SerialBase::SerialBase(PinName, PinName) 0x08003549   Thumb Code    72  SerialBase.o(i._ZN4mbed10SerialBaseC1E7PinNameS1_)
    mbed::SerialBase::SerialBase__sub_object(PinName, PinName) 0x08003549   Thumb Code     0  SerialBase.o(i._ZN4mbed10SerialBaseC1E7PinNameS1_)
    mbed::FunctionPointer::call()            0x0800359d   Thumb Code    24  FunctionPointer.o(i._ZN4mbed15FunctionPointer4callEv)
    mbed::FunctionPointer::FunctionPointer(void(*)()) 0x080035b5   Thumb Code    10  FunctionPointer.o(i._ZN4mbed15FunctionPointerC1EPFvvE)
    mbed::FunctionPointer::FunctionPointer__sub_object(void(*)()) 0x080035b5   Thumb Code     0  FunctionPointer.o(i._ZN4mbed15FunctionPointerC1EPFvvE)
    mbed::PwmOut::period(float)              0x080035bf   Thumb Code    28  main.o(i._ZN4mbed6PwmOut6periodEf)
    mbed::PwmOut::operator =(float)          0x080035db   Thumb Code    34  main.o(i._ZN4mbed6PwmOutaSEf)
    mbed::Serial::Serial(PinName, PinName, const char*) 0x080035fd   Thumb Code    32  Serial.o(i._ZN4mbed6SerialC1E7PinNameS1_PKc)
    mbed::Serial::Serial__sub_object(PinName, PinName, const char*) 0x080035fd   Thumb Code     0  Serial.o(i._ZN4mbed6SerialC1E7PinNameS1_PKc)
    mbed::Serial::~Serial()                  0x08003621   Thumb Code    12  Serial.o(i._ZN4mbed6SerialD1Ev)
    mbed::Serial::~Serial__sub_object()      0x08003621   Thumb Code     0  Serial.o(i._ZN4mbed6SerialD1Ev)
    mbed::Stream::close()                    0x0800362d   Thumb Code     4  Stream.o(i._ZN4mbed6Stream5closeEv)
    mbed::Stream::lseek(long, int)           0x08003631   Thumb Code     4  Stream.o(i._ZN4mbed6Stream5lseekEli)
    mbed::Stream::write(const void*, unsigned) 0x08003635   Thumb Code    42  Stream.o(i._ZN4mbed6Stream5writeEPKvj)
    mbed::Stream::printf(const char*, ...)   0x0800365f   Thumb Code    30  Stream.o(i._ZN4mbed6Stream6printfEPKcz)
    mbed::Stream::Stream__sub_object(const char*) 0x0800367d   Thumb Code    54  Stream.o(i._ZN4mbed6StreamC2EPKc)
    mbed::Stream::~Stream()                  0x080036c1   Thumb Code     0  Stream.o(i._ZN4mbed6StreamD2Ev)
    mbed::Stream::~Stream__sub_object()      0x080036c1   Thumb Code    28  Stream.o(i._ZN4mbed6StreamD2Ev)
    mbed::FileBase::getPathType()            0x080036e1   Thumb Code     4  FileBase.o(i._ZN4mbed8FileBase11getPathTypeEv)
    mbed::FileBase::lookup(const char*, unsigned) 0x080036e5   Thumb Code    50  FileBase.o(i._ZN4mbed8FileBase6lookupEPKcj)
    mbed::FileBase::FileBase(const char*, mbed::PathType) 0x0800371d   Thumb Code    28  FileBase.o(i._ZN4mbed8FileBaseC1EPKcNS_8PathTypeE)
    mbed::FileBase::FileBase__sub_object(const char*, mbed::PathType) 0x0800371d   Thumb Code     0  FileBase.o(i._ZN4mbed8FileBaseC1EPKcNS_8PathTypeE)
    mbed::FileBase::~FileBase()              0x08003741   Thumb Code    46  FileBase.o(i._ZN4mbed8FileBaseD1Ev)
    mbed::FileBase::~FileBase__sub_object()  0x08003741   Thumb Code     0  FileBase.o(i._ZN4mbed8FileBaseD1Ev)
    mbed::FileLike::FileLike__sub_object(const char*) 0x08003779   Thumb Code    26  FileLike.o(i._ZN4mbed8FileLikeC2EPKc)
    mbed::FileLike::~FileLike()              0x0800379d   Thumb Code     0  FileLike.o(i._ZN4mbed8FileLikeD2Ev)
    mbed::FileLike::~FileLike__sub_object()  0x0800379d   Thumb Code    18  FileLike.o(i._ZN4mbed8FileLikeD2Ev)
    mbed::FilePath::fileSystem()             0x080037af   Thumb Code    24  FilePath.o(i._ZN4mbed8FilePath10fileSystemEv)
    mbed::FilePath::file()                   0x080037c7   Thumb Code    28  FilePath.o(i._ZN4mbed8FilePath4fileEv)
    mbed::FilePath::exists()                 0x080037e3   Thumb Code    10  FilePath.o(i._ZN4mbed8FilePath6existsEv)
    mbed::FilePath::isFile()                 0x080037ed   Thumb Code    24  FilePath.o(i._ZN4mbed8FilePath6isFileEv)
    mbed::FilePath::fileName()               0x08003805   Thumb Code     4  FilePath.o(i._ZN4mbed8FilePath8fileNameEv)
    mbed::FilePath::FilePath(const char*)    0x08003809   Thumb Code    64  FilePath.o(i._ZN4mbed8FilePathC1EPKc)
    mbed::FilePath::FilePath__sub_object(const char*) 0x08003809   Thumb Code     0  FilePath.o(i._ZN4mbed8FilePathC1EPKc)
    mbed::DigitalIn::DigitalIn(PinName)      0x08003849   Thumb Code    26  main.o(i._ZN4mbed9DigitalInC1E7PinName)
    mbed::DigitalIn::DigitalIn__sub_object(PinName) 0x08003849   Thumb Code     0  main.o(i._ZN4mbed9DigitalInC1E7PinName)
    mbed::DigitalIn::operator int()          0x08003865   Thumb Code    52  main.o(i._ZN4mbed9DigitalIncviEv)
    std::__rw_exception::what() const        0x080038b5   Thumb Code     4  rwstdexcept.o(i._ZNKSt14__rw_exception4whatEv)
    std::__rw_messages_base::_C_cat_open(const std::basic_string<char, std::char_traits<char>, std::allocator<char>>&, const std::locale&) const 0x080038b9   Thumb Code   114  messages.o(i._ZNKSt18__rw_messages_base11_C_cat_openERKSsRKSt6locale)
    std::__rw_messages_base::_C_get_locale(int) const 0x0800392b   Thumb Code    32  messages.o(i._ZNKSt18__rw_messages_base13_C_get_localeEi)
    std::__rw_messages_base::_C_get_message(int, int, int) const 0x0800394b   Thumb Code    52  messages.o(i._ZNKSt18__rw_messages_base14_C_get_messageEiii)
    std::ctype<char>::is(std::ctype_base::mask, char) const 0x0800397f   Thumb Code    14  char.o(i._ZNKSt5ctypeIcE2isENSt10ctype_base4maskEc)
    std::locale::_C_make_facet(const std::locale::id&, bool, int, __rw::__rw_facet_base*(*)(int, const char*, unsigned)) const 0x0800398d   Thumb Code   252  locale.o(i._ZNKSt6locale13_C_make_facetERKNS_2idEbiPFPN4__rw15__rw_facet_baseEiPKcjE)
    std::locale::_C_install_facet(__rw::__rw_facet_base*, const std::locale::id&) const 0x08003a95   Thumb Code   112  locale.o(i._ZNKSt6locale16_C_install_facetEPN4__rw15__rw_facet_baseERKNS_2idE)
    std::locale::name() const                0x08003b09   Thumb Code    44  locale.o(i._ZNKSt6locale4nameEv)
    std::char_traits<char>::copy(char*, const char*, unsigned) 0x08003b39   Thumb Code    12  char.o(i._ZNSt11char_traitsIcE4copyEPcPKcj)
    std::ctype_byname<char>::_C_get_mask_table(const char*) 0x08003b45   Thumb Code   186  char.o(i._ZNSt12ctype_bynameIcE17_C_get_mask_tableEPKc)
    std::ctype_byname<char>::ctype_byname(const char*, unsigned) 0x08003c11   Thumb Code   280  char.o(i._ZNSt12ctype_bynameIcEC1EPKcj)
    std::ctype_byname<char>::ctype_byname__sub_object(const char*, unsigned) 0x08003c11   Thumb Code     0  char.o(i._ZNSt12ctype_bynameIcEC1EPKcj)
    std::ctype_byname<char>::~ctype_byname__deallocating() 0x08003d31   Thumb Code    14  char.o(i._ZNSt12ctype_bynameIcED0Ev)
    std::ctype_byname<char>::~ctype_byname() 0x08003d3f   Thumb Code     8  char.o(i._ZNSt12ctype_bynameIcED1Ev)
    std::ctype_byname<char>::~ctype_byname__sub_object() 0x08003d3f   Thumb Code     0  char.o(i._ZNSt12ctype_bynameIcED1Ev)
    std::__rw_exception::_C_vformat(int, std::__va_list) 0x08003d49   Thumb Code   128  rwstdexcept.o(i._ZNSt14__rw_exception10_C_vformatEiSt9__va_list)
    std::__rw_exception::__rw_exception()    0x08003dcd   Thumb Code    16  rwstdexcept.o(i._ZNSt14__rw_exceptionC1Ev)
    std::__rw_exception::__rw_exception__sub_object() 0x08003dcd   Thumb Code     0  rwstdexcept.o(i._ZNSt14__rw_exceptionC1Ev)
    std::__rw_exception::~__rw_exception()   0x08003de1   Thumb Code    22  rwstdexcept.o(i._ZNSt14__rw_exceptionD1Ev)
    std::__rw_exception::~__rw_exception__sub_object() 0x08003de1   Thumb Code     0  rwstdexcept.o(i._ZNSt14__rw_exceptionD1Ev)
    std::__rw_messages_base::~__rw_messages_base() 0x08003dfd   Thumb Code     8  rwstdexcept.o(i._ZNSt18__rw_messages_baseD1Ev)
    std::__rw_messages_base::~__rw_messages_base__sub_object() 0x08003dfd   Thumb Code     0  rwstdexcept.o(i._ZNSt18__rw_messages_baseD1Ev)
    std::__rw_open_cat_data::__rw_open_cat_data() 0x08003e05   Thumb Code    26  messages.o(i._ZNSt18__rw_open_cat_dataC1Ev)
    std::__rw_open_cat_data::__rw_open_cat_data__sub_object() 0x08003e05   Thumb Code     0  messages.o(i._ZNSt18__rw_open_cat_dataC1Ev)
    std::__rw_open_cat_data::~__rw_open_cat_data() 0x08003e1f   Thumb Code    12  messages.o(i._ZNSt18__rw_open_cat_dataD1Ev)
    std::__rw_open_cat_data::~__rw_open_cat_data__sub_object() 0x08003e1f   Thumb Code     0  messages.o(i._ZNSt18__rw_open_cat_dataD1Ev)
    std::__rw_open_cat_data::operator =(const std::__rw_open_cat_data&) 0x08003e2b   Thumb Code    18  messages.o(i._ZNSt18__rw_open_cat_dataaSERKS_)
    std::ctype<char>::_C_initfacet(const std::locale&) 0x08003e3d   Thumb Code   250  char.o(i._ZNSt5ctypeIcE12_C_initfacetERKSt6locale)
    std::ctype<char>::ctype(const std::ctype_base::mask*, bool, unsigned) 0x08003f39   Thumb Code   270  char.o(i._ZNSt5ctypeIcEC1EPKNSt10ctype_base4maskEbj)
    std::ctype<char>::ctype__sub_object(const std::ctype_base::mask*, bool, unsigned) 0x08003f39   Thumb Code     0  char.o(i._ZNSt5ctypeIcEC1EPKNSt10ctype_base4maskEbj)
    std::ctype<char>::~ctype__deallocating() 0x08004051   Thumb Code    14  char.o(i._ZNSt5ctypeIcED0Ev)
    std::ctype<char>::~ctype()               0x08004061   Thumb Code    38  char.o(i._ZNSt5ctypeIcED1Ev)
    std::ctype<char>::~ctype__sub_object()   0x08004061   Thumb Code     0  char.o(i._ZNSt5ctypeIcED1Ev)
    std::locale::facet::~facet__deallocating() 0x0800408d   Thumb Code    14  rwstdexcept.o(i._ZNSt6locale5facetD0Ev)
    std::locale::_C_init()                   0x0800409d   Thumb Code   120  locale.o(i._ZNSt6locale7_C_initEv)
    std::locale::classic()                   0x08004121   Thumb Code    56  locale.o(i._ZNSt6locale7classicEv)
    std::locale::locale(__rw::__rw_locale_imp*) 0x08004165   Thumb Code    28  locale.o(i._ZNSt6localeC1EPN4__rw15__rw_locale_impE)
    std::locale::locale__sub_object(__rw::__rw_locale_imp*) 0x08004165   Thumb Code     0  locale.o(i._ZNSt6localeC1EPN4__rw15__rw_locale_impE)
    std::locale::locale(const std::locale&)  0x08004185   Thumb Code    12  messages.o(i._ZNSt6localeC1ERKS_)
    std::locale::locale__sub_object(const std::locale&) 0x08004185   Thumb Code     0  messages.o(i._ZNSt6localeC1ERKS_)
    std::locale::locale()                    0x08004191   Thumb Code    28  rwstdexcept.o(i._ZNSt6localeC1Ev)
    std::locale::locale__sub_object()        0x08004191   Thumb Code     0  rwstdexcept.o(i._ZNSt6localeC1Ev)
    std::locale::~locale()                   0x080041b1   Thumb Code    32  locale.o(i._ZNSt6localeD1Ev)
    std::locale::~locale__sub_object()       0x080041b1   Thumb Code     0  locale.o(i._ZNSt6localeD1Ev)
    std::locale::operator =(const std::locale&) 0x080041d1   Thumb Code    50  locale.o(i._ZNSt6localeaSERKS_)
    std::messages<char>::~messages__deallocating() 0x08004203   Thumb Code    14  rwstdexcept.o(i._ZNSt8messagesIcED0Ev)
    std::messages<char>::~messages()         0x08004211   Thumb Code    16  rwstdexcept.o(i._ZNSt8messagesIcED1Ev)
    std::messages<char>::~messages__sub_object() 0x08004211   Thumb Code     0  rwstdexcept.o(i._ZNSt8messagesIcED1Ev)
    std::exception::exception()              0x08004221   Thumb Code     6  exception_ctor.o(i._ZNSt9exceptionC1Ev)
    std::exception::exception__sub_object()  0x08004221   Thumb Code     0  exception_ctor.o(i._ZNSt9exceptionC1Ev)
    std::__rw_get_cats()                     0x0800422d   Thumb Code    44  messages.o(i._ZSt13__rw_get_catsv)
    thunk{-92} to mbed::Serial::_putc(int)   0x08004269   Thumb Code     6  Serial.o(i._ZThn92_N4mbed6Serial5_putcEi)
    operator delete[] (void*)                0x0800426f   Thumb Code     8  array_del.o(i._ZdaPv)
    operator delete (void*)                  0x08004277   Thumb Code     8  delete.o(i._ZdlPv)
    operator new[] (unsigned)                0x0800427f   Thumb Code     8  array_new.o(i._Znaj)
    operator new(unsigned)                   0x08004289   Thumb Code    34  new.o(i._Znwj)
    __0fprintf                               0x080042b1   Thumb Code    22  printfa.o(i.__0fprintf)
    __1fprintf                               0x080042b1   Thumb Code     0  printfa.o(i.__0fprintf)
    __2fprintf                               0x080042b1   Thumb Code     0  printfa.o(i.__0fprintf)
    __c89fprintf                             0x080042b1   Thumb Code     0  printfa.o(i.__0fprintf)
    fprintf                                  0x080042b1   Thumb Code     0  printfa.o(i.__0fprintf)
    __0sprintf                               0x080042cd   Thumb Code    34  printfa.o(i.__0sprintf)
    __1sprintf                               0x080042cd   Thumb Code     0  printfa.o(i.__0sprintf)
    __2sprintf                               0x080042cd   Thumb Code     0  printfa.o(i.__0sprintf)
    __c89sprintf                             0x080042cd   Thumb Code     0  printfa.o(i.__0sprintf)
    sprintf                                  0x080042cd   Thumb Code     0  printfa.o(i.__0sprintf)
    __0vfprintf                              0x080042f5   Thumb Code    20  printfa.o(i.__0vfprintf)
    __1vfprintf                              0x080042f5   Thumb Code     0  printfa.o(i.__0vfprintf)
    __2vfprintf                              0x080042f5   Thumb Code     0  printfa.o(i.__0vfprintf)
    __c89vfprintf                            0x080042f5   Thumb Code     0  printfa.o(i.__0vfprintf)
    vfprintf                                 0x080042f5   Thumb Code     0  printfa.o(i.__0vfprintf)
    __0vsnprintf                             0x0800430d   Thumb Code    40  printfa.o(i.__0vsnprintf)
    __1vsnprintf                             0x0800430d   Thumb Code     0  printfa.o(i.__0vsnprintf)
    __2vsnprintf                             0x0800430d   Thumb Code     0  printfa.o(i.__0vsnprintf)
    __c89vsnprintf                           0x0800430d   Thumb Code     0  printfa.o(i.__0vsnprintf)
    vsnprintf                                0x0800430d   Thumb Code     0  printfa.o(i.__0vsnprintf)
    __ARM_array_new_general                  0x08004339   Thumb Code   146  array_new_general.o(i.__ARM_array_new_general)
    __aeabi_vec_ctor_nocookie_nodtor         0x080043cb   Thumb Code    36  aeabi_vec_ctor_nocookie_nodtor.o(i.__aeabi_vec_ctor_nocookie_nodtor)
    __aeabi_vec_dtor_cookie                  0x080043ef   Thumb Code    16  aeabi_vec_dtor_cookie.o(i.__aeabi_vec_dtor_cookie)
    __aeabi_vec_new_cookie                   0x080043ff   Thumb Code    20  aeabi_vec_new_cookie.o(i.__aeabi_vec_new_cookie)
    __cxa_guard_acquire                      0x08004413   Thumb Code    16  cxa_guard_acquire.o(i.__cxa_guard_acquire)
    __cxa_pure_virtual                       0x08004423   Thumb Code     6  pure_virt.o(i.__cxa_pure_virtual)
    __cxa_vec_new                            0x08004429   Thumb Code    18  cxa_vec_new.o(i.__cxa_vec_new)
    __scatterload_copy                       0x08004441   Thumb Code    14  handlers.o(i.__scatterload_copy)
    __scatterload_null                       0x0800444f   Thumb Code     2  handlers.o(i.__scatterload_null)
    __scatterload_zeroinit                   0x08004451   Thumb Code    14  handlers.o(i.__scatterload_zeroinit)
    fclose                                   0x080044b9   Thumb Code    30  fclose_f.o(i._fclose$full)
    fflush                                   0x080044d7   Thumb Code    24  fflush_f.o(i._fflush$full)
    fopen                                    0x080044ef   Thumb Code    52  fopen_f.o(i._fopen$full)
    freopen                                  0x080046a9   Thumb Code    94  fopen_f.o(i._freopen$full)
    _is_digit                                0x08004707   Thumb Code    14  scanf_fp.o(i._is_digit)
    _sys_close                               0x08004e65   Thumb Code    40  retarget.o(i._sys_close)
    _sys_open                                0x08004e91   Thumb Code   212  retarget.o(i._sys_open)
    _sys_seek                                0x08004f75   Thumb Code    36  retarget.o(i._sys_seek)
    _sys_write                               0x08004f9d   Thumb Code    82  retarget.o(i._sys_write)
    error                                    0x08004ffd   Thumb Code    20  error.o(i.error)
    exit                                     0x08005015   Thumb Code    24  exit.o(i.exit)
    free                                     0x08005035   Thumb Code    76  malloc.o(i.free)
    gpio_dir                                 0x08005085   Thumb Code    52  gpio_api.o(i.gpio_dir)
    gpio_init                                0x080050d5   Thumb Code    60  gpio_api.o(i.gpio_init)
    gpio_init_in                             0x08005111   Thumb Code    38  gpio.o(i.gpio_init_in)
    gpio_init_out                            0x08005139   Thumb Code    64  gpio.o(i.gpio_init_out)
    gpio_mode                                0x0800517d   Thumb Code     8  gpio_api.o(i.gpio_mode)
    malloc                                   0x08005185   Thumb Code    92  malloc.o(i.malloc)
    mbed_assert_internal                     0x080051f1   Thumb Code    24  assert.o(i.mbed_assert_internal)
    mbed_die                                 0x08005241   Thumb Code    16  board.o(i.mbed_die)
    mbed_main                                0x08005251   Thumb Code     2  retarget.o(i.mbed_main)
    mbed_sdk_init                            0x08005253   Thumb Code    14  mbed_overrides.o(i.mbed_sdk_init)
    pin_function                             0x08005261   Thumb Code    78  pinmap.o(i.pin_function)
    pin_mode                                 0x080052cd   Thumb Code    62  pinmap.o(i.pin_mode)
    pinmap_merge                             0x08005325   Thumb Code    34  pinmap_common.o(i.pinmap_merge)
    pinmap_peripheral                        0x0800535d   Thumb Code    58  pinmap_common.o(i.pinmap_peripheral)
    pinmap_pinout                            0x080053b9   Thumb Code    66  pinmap_common.o(i.pinmap_pinout)
    pwmout_init                              0x08005411   Thumb Code   196  pwmout_api.o(i.pwmout_init)
    pwmout_period                            0x08005505   Thumb Code    20  pwmout_api.o(i.pwmout_period)
    pwmout_period_us                         0x0800551d   Thumb Code   148  pwmout_api.o(i.pwmout_period_us)
    pwmout_write                             0x080055c5   Thumb Code   204  pwmout_api.o(i.pwmout_write)
    serial_baud                              0x0800569d   Thumb Code    62  serial_api.o(i.serial_baud)
    serial_init                              0x080056e1   Thumb Code   288  serial_api.o(i.serial_init)
    serial_irq_handler                       0x08005841   Thumb Code    14  serial_api.o(i.serial_irq_handler)
    serial_putc                              0x08005859   Thumb Code    30  serial_api.o(i.serial_putc)
    timer_irq_handler                        0x0800587d   Thumb Code    80  hal_tick.o(i.timer_irq_handler)
    us_ticker_clear_interrupt                0x080058d5   Thumb Code    14  us_ticker.o(i.us_ticker_clear_interrupt)
    us_ticker_disable_interrupt              0x080058e9   Thumb Code    14  us_ticker.o(i.us_ticker_disable_interrupt)
    us_ticker_irq_handler                    0x080058fd   Thumb Code    60  us_ticker_api.o(i.us_ticker_irq_handler)
    us_ticker_read                           0x0800593d   Thumb Code    30  us_ticker.o(i.us_ticker_read)
    us_ticker_set_interrupt                  0x0800596d   Thumb Code    16  us_ticker.o(i.us_ticker_set_interrupt)
    wait                                     0x08005981   Thumb Code    36  wait_api.o(i.wait)
    wait_ms                                  0x080059a9   Thumb Code    28  wait_api.o(i.wait_ms)
    __rw::__string_ref<char, std::char_traits<char>, std::allocator<char>>::_C_inc_ref() 0x080059c5   Thumb Code    14  char.o(t._ZN4__rw12__string_refIcSt11char_traitsIcESaIcEE10_C_inc_refEv)
    __rw::__rw_facet_maker<std::ctype<char>>::_C_maker_func(int, const char*, unsigned) 0x080059d9   Thumb Code    70  rwstdexcept.o(t._ZN4__rw16__rw_facet_makerISt5ctypeIcEE13_C_maker_funcEiPKcj)
    unsigned __rw::__rw_new_capacity<std::vector<int, std::allocator<int>>>(unsigned, const T1*) 0x08005a1f   Thumb Code    30  main.o(t._ZN4__rw17__rw_new_capacityISt6vectorIiSaIiEEEEjjPKT_)
    __rw::__rw_locale_vector<__rw::__rw_facet_base*>::resize(unsigned, __rw::__rw_facet_base*const &) 0x08005a3d   Thumb Code    86  locale.o(t._ZN4__rw18__rw_locale_vectorIPNS_15__rw_facet_baseEE6resizeEjRKS2_)
    __rw::__rw_locale_vector<__rw::__rw_facet_base*>::~__rw_locale_vector() 0x08005a93   Thumb Code    14  locale.o(t._ZN4__rw18__rw_locale_vectorIPNS_15__rw_facet_baseEED1Ev)
    __rw::__rw_locale_vector<__rw::__rw_facet_base*>::~__rw_locale_vector__sub_object() 0x08005a93   Thumb Code     0  locale.o(t._ZN4__rw18__rw_locale_vectorIPNS_15__rw_facet_baseEED1Ev)
    __rw::__rw_locale_vector<__rw::__rw_cat*>::~__rw_locale_vector() 0x08005aa1   Thumb Code    14  rwcats.o(t._ZN4__rw18__rw_locale_vectorIPNS_8__rw_catEED1Ev)
    __rw::__rw_locale_vector<__rw::__rw_cat*>::~__rw_locale_vector__sub_object() 0x08005aa1   Thumb Code     0  rwcats.o(t._ZN4__rw18__rw_locale_vectorIPNS_8__rw_catEED1Ev)
    __rw::__rw_locale_vector<std::basic_string<char, std::char_traits<char>, std::allocator<char>>>::~__rw_locale_vector() 0x08005ab1   Thumb Code    16  locale.o(t._ZN4__rw18__rw_locale_vectorISsED1Ev)
    __rw::__rw_locale_vector<std::basic_string<char, std::char_traits<char>, std::allocator<char>>>::~__rw_locale_vector__sub_object() 0x08005ab1   Thumb Code     0  locale.o(t._ZN4__rw18__rw_locale_vectorISsED1Ev)
    __rw::__rw_locale_vector<std::__rw_open_cat_data>::resize(unsigned) 0x08005ac5   Thumb Code   122  messages.o(t._ZN4__rw18__rw_locale_vectorISt18__rw_open_cat_dataE6resizeEj)
    __rw::__rw_locale_vector<std::__rw_open_cat_data>::~__rw_locale_vector() 0x08005b4d   Thumb Code    16  messages.o(t._ZN4__rw18__rw_locale_vectorISt18__rw_open_cat_dataED1Ev)
    __rw::__rw_locale_vector<std::__rw_open_cat_data>::~__rw_locale_vector__sub_object() 0x08005b4d   Thumb Code     0  messages.o(t._ZN4__rw18__rw_locale_vectorISt18__rw_open_cat_dataED1Ev)
    std::vector<int, std::allocator<int>>::end() const 0x08005b61   Thumb Code     8  main.o(t._ZNKSt6vectorIiSaIiEE3endEv)
    std::vector<int, std::allocator<int>>::size() const 0x08005b69   Thumb Code    24  main.o(t._ZNKSt6vectorIiSaIiEE4sizeEv)
    std::vector<int, std::allocator<int>>::begin() const 0x08005b81   Thumb Code     8  main.o(t._ZNKSt6vectorIiSaIiEE5beginEv)
    std::vector<int, std::allocator<int>>::capacity() const 0x08005b89   Thumb Code    12  main.o(t._ZNKSt6vectorIiSaIiEE8capacityEv)
    std::messages<char>::do_get(int, int, int, const std::basic_string<char, std::char_traits<char>, std::allocator<char>>&) const 0x08005b95   Thumb Code   136  rwstdexcept.o(t._ZNKSt8messagesIcE6do_getEiiiRKSs)
    std::messages<char>::do_open(const std::basic_string<char, std::char_traits<char>, std::allocator<char>>&, const std::locale&) const 0x08005c25   Thumb Code     6  rwstdexcept.o(t._ZNKSt8messagesIcE7do_openERKSsRKSt6locale)
    std::allocator<int>::deallocate(int*, unsigned) 0x08005c2b   Thumb Code    20  main.o(t._ZNSaIiE10deallocateEPij)
    std::allocator<int>::allocate(unsigned, const void*) 0x08005c3f   Thumb Code    18  main.o(t._ZNSaIiE8allocateEjPKv)
    std::allocator<int>::construct(int*, const int&) 0x08005c51   Thumb Code    22  main.o(t._ZNSaIiE9constructEPiRKi)
    std::basic_string<char, std::char_traits<char>, std::allocator<char>>::_C_allocate(unsigned, unsigned, unsigned) 0x08005c67   Thumb Code    50  locale.o(t._ZNSs11_C_allocateEjjj)
    std::basic_string<char, std::char_traits<char>, std::allocator<char>>::replace(unsigned, unsigned, const char*, unsigned) 0x08005c99   Thumb Code    24  locale.o(t._ZNSs7replaceEjjPKcj)
    std::basic_string<char, std::char_traits<char>, std::allocator<char>>::replace(unsigned, unsigned, const char*, unsigned, unsigned, unsigned) 0x08005cb1   Thumb Code   352  char.o(t._ZNSs7replaceEjjPKcjjj)
    std::basic_string<char, std::char_traits<char>, std::allocator<char>>::_C_getRep(unsigned, unsigned) 0x08005e19   Thumb Code   108  char.o(t._ZNSs9_C_getRepEjj)
    std::basic_string<char, std::char_traits<char>, std::allocator<char>>::_C_unlink() 0x08005e8d   Thumb Code    66  char.o(t._ZNSs9_C_unlinkEv)
    std::basic_string<char, std::char_traits<char>, std::allocator<char>>::basic_string(const char*, const std::allocator<char>&) 0x08005ed5   Thumb Code    52  locale.o(t._ZNSsC1EPKcRKSaIcE)
    std::basic_string<char, std::char_traits<char>, std::allocator<char>>::basic_string__sub_object(const char*, const std::allocator<char>&) 0x08005ed5   Thumb Code     0  locale.o(t._ZNSsC1EPKcRKSaIcE)
    std::basic_string<char, std::char_traits<char>, std::allocator<char>>::basic_string(const std::allocator<char>&) 0x08005f0d   Thumb Code    12  locale.o(t._ZNSsC1ERKSaIcE)
    std::basic_string<char, std::char_traits<char>, std::allocator<char>>::basic_string__sub_object(const std::allocator<char>&) 0x08005f0d   Thumb Code     0  locale.o(t._ZNSsC1ERKSaIcE)
    std::basic_string<char, std::char_traits<char>, std::allocator<char>>::basic_string(const std::basic_string<char, std::char_traits<char>, std::allocator<char>>&) 0x08005f1d   Thumb Code    62  char.o(t._ZNSsC1ERKSs)
    std::basic_string<char, std::char_traits<char>, std::allocator<char>>::basic_string__sub_object(const std::basic_string<char, std::char_traits<char>, std::allocator<char>>&) 0x08005f1d   Thumb Code     0  char.o(t._ZNSsC1ERKSs)
    std::basic_string<char, std::char_traits<char>, std::allocator<char>>::~basic_string() 0x08005f5b   Thumb Code    12  char.o(t._ZNSsD1Ev)
    std::basic_string<char, std::char_traits<char>, std::allocator<char>>::~basic_string__sub_object() 0x08005f5b   Thumb Code     0  char.o(t._ZNSsD1Ev)
    std::basic_string<char, std::char_traits<char>, std::allocator<char>>::operator =(const char*) 0x08005f69   Thumb Code    70  locale.o(t._ZNSsaSEPKc)
    std::basic_string<char, std::char_traits<char>, std::allocator<char>>::operator =(const std::basic_string<char, std::char_traits<char>, std::allocator<char>>&) 0x08005fb5   Thumb Code    62  locale.o(t._ZNSsaSERKSs)
    std::vector<int, std::allocator<int>>::_C_destroy(int*, int*) 0x08005ff3   Thumb Code    18  main.o(t._ZNSt6vectorIiSaIiEE10_C_destroyEPiS2_)
    std::vector<int, std::allocator<int>>::_C_insert_aux(int*, const int&) 0x08006005   Thumb Code   278  main.o(t._ZNSt6vectorIiSaIiEE13_C_insert_auxEPiRKi)
    std::vector<int, std::allocator<int>>::end() 0x0800611b   Thumb Code     8  main.o(t._ZNSt6vectorIiSaIiEE3endEv)
    std::vector<int, std::allocator<int>>::begin() 0x08006123   Thumb Code     8  main.o(t._ZNSt6vectorIiSaIiEE5beginEv)
    std::vector<int, std::allocator<int>>::vector(const std::vector<int, std::allocator<int>>&) 0x0800612b   Thumb Code   162  main.o(t._ZNSt6vectorIiSaIiEEC1ERKS1_)
    std::vector<int, std::allocator<int>>::vector__sub_object(const std::vector<int, std::allocator<int>>&) 0x0800612b   Thumb Code     0  main.o(t._ZNSt6vectorIiSaIiEEC1ERKS1_)
    std::vector<int, std::allocator<int>>::~vector() 0x080061cd   Thumb Code    50  main.o(t._ZNSt6vectorIiSaIiEED1Ev)
    std::vector<int, std::allocator<int>>::~vector__sub_object() 0x080061cd   Thumb Code     0  main.o(t._ZNSt6vectorIiSaIiEED1Ev)
    std::vector<int, std::allocator<int>>::operator [](unsigned) 0x080061ff   Thumb Code    18  main.o(t._ZNSt6vectorIiSaIiEEixEj)
    T2 std::uninitialized_copy<int*, int*, std::allocator<int>>(T1, T1, T2, T3&) 0x08006211   Thumb Code    44  main.o(t._ZSt18uninitialized_copyIPiS0_SaIiEET0_T_S3_S2_RT1_)
    const T1& std::max<unsigned>(const T1&, const T1&) 0x0800623d   Thumb Code    12  char.o(t._ZSt3maxIjERKT_S2_S2_)
    APBAHBPrescTable                         0x08006248   Data          16  stm32f4xx_hal_rcc.o(.constdata)
    AHBPrescTable                            0x08006258   Data          16  system_stm32f4xx.o(.constdata)
    std::ctype<char>::_C_classic_table       0x080066a8   Data         512  char.o(.constdata)
    __ctype_table                            0x080068a8   Data         129  ctype_o.o(.constdata)
    vtable for mbed::FileHandle              0x08006930   Data          44  retarget.o(.constdata__ZTVN4mbed10FileHandleE)
    vtable for mbed::SerialBase              0x0800695c   Data          16  SerialBase.o(.constdata__ZTVN4mbed10SerialBaseE)
    vtable for mbed::Serial                  0x0800696c   Data          92  Serial.o(.constdata__ZTVN4mbed6SerialE)
    vtable for mbed::Stream                  0x080069c8   Data          68  Stream.o(.constdata__ZTVN4mbed6StreamE)
    vtable for mbed::FileBase                0x08006a0c   Data          16  FileBase.o(.constdata__ZTVN4mbed8FileBaseE)
    vtable for mbed::FileLike                0x08006a1c   Data          60  FileLike.o(.constdata__ZTVN4mbed8FileLikeE)
    vtable for std::locale::facet            0x08006a58   Data          20  rwstdexcept.o(.constdata__ZTVNSt6locale5facetE)
    vtable for std::ctype_byname<char>       0x08006a6c   Data          52  char.o(.constdata__ZTVSt12ctype_bynameIcE)
    vtable for std::__rw_exception           0x08006aa0   Data          20  rwstdexcept.o(.constdata__ZTVSt14__rw_exception)
    vtable for std::ctype<char>              0x08006ab4   Data          52  char.o(.constdata__ZTVSt5ctypeIcE)
    vtable for std::messages<char>           0x08006ae8   Data          32  rwstdexcept.o(.constdata__ZTVSt8messagesIcE)
    vtable for std::exception                0x08006b08   Data          20  exception_dtor.o(.constdata__ZTVSt9exception)
    __rw::__rw_locale_imp::_C_category_name(int) const::string 0x08006b1c   Data           1  locale.o(.constdata__ZZNK4__rw15__rw_locale_imp16_C_category_nameEiEs)
    std::basic_string<char, std::char_traits<char>, std::allocator<char>>::replace(unsigned, unsigned, const char*, unsigned, unsigned, unsigned)::string 0x08006b1d   Data           1  char.o(.constdata__ZZNSs7replaceEjjPKcjjjEs)
    std::basic_string<char, std::char_traits<char>, std::allocator<char>>::_C_getRep(unsigned, unsigned)::string 0x08006b1e   Data           1  char.o(.constdata__ZZNSs9_C_getRepEjjEs)
    std::messages<char>::messages(unsigned)::string 0x08006b1f   Data           2  rwstdexcept.o(.constdata__ZZNSt8messagesIcEC1EjEs)
    Region$$Table$$Base                      0x08006de0   Number         0  anon$$obj.o(Region$$Table)
    Region$$Table$$Limit                     0x08006e00   Number         0  anon$$obj.o(Region$$Table)
    SHT$$INIT_ARRAY$$Base                    0x08006e00   Number         0  main.o(.init_array)
    SHT$$INIT_ARRAY$$Limit                   0x08006e10   Number         0  rwcats.o(.init_array)
    rand_seed_global                         0x20000194   Data           4  main.o(.data)
    PreviousVal                              0x20000198   Data           4  hal_tick.o(.data)
    SystemCoreClock                          0x200001a0   Data           4  system_stm32f4xx.o(.data)
    stdio_uart_inited                        0x200001a8   Data           4  serial_api.o(.data)
    mbed::FileBase::_head                    0x200001bc   Data           4  FileBase.o(.data)
    ___stderr$base                           0x200001c0   Data           4  stderr.o(.data)
    std::ctype<char>::id                     0x200001f0   Data           4  char.o(.data)
    std::ctype<wchar_t>::id                  0x200001f4   Data           4  char.o(.data)
    std::locale::_C_classic                  0x20000200   Data           4  locale.o(.data)
    std::locale::_C_native                   0x20000204   Data           4  locale.o(.data)
    std::locale::_C_global                   0x20000208   Data           4  locale.o(.data)
    std::codecvt<char, char, std::__mbstate_t>::id 0x2000020c   Data           4  locale.o(.data)
    std::codecvt<wchar_t, char, std::__mbstate_t>::id 0x20000210   Data           4  locale.o(.data)
    __rw_throw_proc                          0x20000214   Data           4  rwthrowproc_noex.o(.data)
    __microlib_freelist                      0x20000218   Data           4  mvars.o(.data)
    __microlib_freelist_initialised          0x2000021c   Data           4  mvars.o(.data)
    std::locale::id::_C_init() const::_C_id_gen 0x20000228   Data           4  locale.o(.data__ZZNKSt6locale2id7_C_initEvE9_C_id_gen)
    guard variable for std::__rw_get_cats()::__open_cats 0x2000022c   Data           4  messages.o(.data__ZZSt13__rw_get_catsvE11__open_cats)
    std::__rw_get_cats()::__open_cats        0x20000230   Data           8  messages.o(.data__ZZSt13__rw_get_catsvE11__open_cats)
    button1                                  0x20000238   Data          20  main.o(.bss)
    button2                                  0x2000024c   Data          20  main.o(.bss)
    button3                                  0x20000260   Data          20  main.o(.bss)
    button4                                  0x20000274   Data          20  main.o(.bss)
    redLed                                   0x20000288   Data          20  main.o(.bss)
    greenLed                                 0x2000029c   Data          20  main.o(.bss)
    blueLed                                  0x200002b0   Data          20  main.o(.bss)
    speaker                                  0x200002c4   Data          16  main.o(.bss)
    computer                                 0x200002d4   Data         116  main.o(.bss)
    TimMasterHandle                          0x20000348   Data          60  hal_tick.o(.bss)
    UartHandle                               0x2000040c   Data          60  serial_api.o(.bss)
    stdio_uart                               0x20000448   Data          28  serial_api.o(.bss)
    __stdout                                 0x200004a0   Data          20  stdout_f.o(.bss)
    __stderr                                 0x200004b4   Data          20  stderr_f.o(.bss)
    std::basic_string<char, std::char_traits<char>, std::allocator<char>>::__nullref 0x200004e0   Data          16  vendor.o(.bss__ZNSs9__nullrefE)
    __heap_base                              0x200004f0   Data           0  startup_stm32f401xe.o(HEAP)
    Image$$RW_IRAM1$$ZI$$Limit               0x200008f0   Number         0  anon$$obj.o ABSOLUTE
    __heap_limit                             0x200008f0   Data           0  startup_stm32f401xe.o(HEAP)
    __initial_sp                             0x20018000   Number         0  startup_stm32f401xe.o ABSOLUTE



==============================================================================

Memory Map of the image

  Image Entry point : 0x08000195

  Load Region LR_IROM1 (Base: 0x08000000, Size: 0x00006eb4, Max: 0x00080000, ABSOLUTE)

    Execution Region ER_IROM1 (Exec base: 0x08000000, Load base: 0x08000000, Size: 0x00006e10, Max: 0x00080000, ABSOLUTE)

    Exec Addr    Load Addr    Size         Type   Attr      Idx    E Section Name        Object

    0x08000000   0x08000000   0x00000194   Data   RO         2326    RESET               startup_stm32f401xe.o
    0x08000194   0x08000194   0x00000000   Code   RO         3314  * .ARM.Collect$$$$00000000  mc_w.l(entry.o)
    0x08000194   0x08000194   0x00000004   Code   RO         3845    .ARM.Collect$$$$00000001  mc_w.l(entry2.o)
    0x08000198   0x08000198   0x00000004   Code   RO         3848    .ARM.Collect$$$$00000004  mc_w.l(entry5.o)
    0x0800019c   0x0800019c   0x00000004   Code   RO         3316    .ARM.Collect$$$$00000006  mc_w.l(entry6b.o)
    0x080001a0   0x080001a0   0x00000000   Code   RO         3850    .ARM.Collect$$$$00000008  mc_w.l(entry7b.o)
    0x080001a0   0x080001a0   0x00000004   Code   RO         3851    .ARM.Collect$$$$00000009  mc_w.l(entry8a.o)
    0x080001a4   0x080001a4   0x00000000   Code   RO         3852    .ARM.Collect$$$$0000000A  mc_w.l(entry8b.o)
    0x080001a4   0x080001a4   0x00000008   Code   RO         3853    .ARM.Collect$$$$0000000B  mc_w.l(entry9a.o)
    0x080001ac   0x080001ac   0x00000000   Code   RO         3855    .ARM.Collect$$$$0000000D  mc_w.l(entry10a.o)
    0x080001ac   0x080001ac   0x00000004   Code   RO         3856    .ARM.Collect$$$$0000000E  mc_w.l(entry10b.o)
    0x080001b0   0x080001b0   0x00000000   Code   RO         3857    .ARM.Collect$$$$0000000F  mc_w.l(entry11a.o)
    0x080001b0   0x080001b0   0x00000004   Code   RO         3846    .ARM.Collect$$$$00002712  mc_w.l(entry2.o)
    0x080001b4   0x080001b4   0x00000620   Code   RO            3    .text               main.o
    0x080007d4   0x080007d4   0x00000024   Code   RO         2327    .text               startup_stm32f401xe.o
    0x080007f8   0x080007f8   0x00000020   Code   RO         3360    .text               mc_w.l(initio_oe.o)
    0x08000818   0x08000818   0x00000028   Code   RO         3366    .text               mc_w.l(fputc_fp.o)
    0x08000840   0x08000840   0x00000024   Code   RO         3382    .text               mc_w.l(rand.o)
    0x08000864   0x08000864   0x00000040   Code   RO         3385    .text               mc_w.l(memmovea.o)
    0x080008a4   0x080008a4   0x00000024   Code   RO         3387    .text               mc_w.l(memseta.o)
    0x080008c8   0x080008c8   0x0000000e   Code   RO         3391    .text               mc_w.l(strlen.o)
    0x080008d6   0x080008d6   0x0000001c   Code   RO         3393    .text               mc_w.l(strcmp.o)
    0x080008f2   0x080008f2   0x0000001e   Code   RO         3395    .text               mc_w.l(strncmp.o)
    0x08000910   0x08000910   0x00000038   Code   RO         3662    .text               mc_w.l(__0sscanf.o)
    0x08000948   0x08000948   0x0000014c   Code   RO         3664    .text               mc_w.l(_scanf_int.o)
    0x08000a94   0x08000a94   0x00000020   Code   RO         3669    .text               mc_w.l(cpp_init.o)
    0x08000ab4   0x08000ab4   0x0000002e   Code   RO         3671    .text               mc_w.l(aeabi_atexit.o)
    0x08000ae2   0x08000ae2   0x00000004   Code   RO         3807    .text               cpprt_w.l(arm_newhandler_noexceptions.o)
    0x08000ae6   0x08000ae6   0x0000002c   Code   RO         3864    .text               mc_w.l(uidiv.o)
    0x08000b12   0x08000b12   0x00000062   Code   RO         3866    .text               mc_w.l(uldiv.o)
    0x08000b74   0x08000b74   0x00000024   Code   RO         3868    .text               mc_w.l(memcpya.o)
    0x08000b98   0x08000b98   0x0000001c   Code   RO         3900    .text               mc_w.l(_chval.o)
    0x08000bb4   0x08000bb4   0x00000156   Code   RO         3902    .text               mc_w.l(_scanf_longlong.o)
    0x08000d0a   0x08000d0a   0x000000e0   Code   RO         3904    .text               mc_w.l(_scanf_str.o)
    0x08000dea   0x08000dea   0x00000002   PAD
    0x08000dec   0x08000dec   0x00000360   Code   RO         3906    .text               mc_w.l(scanf_fp.o)
    0x0800114c   0x0800114c   0x00000028   Code   RO         3910    .text               mc_w.l(scanf_char.o)
    0x08001174   0x08001174   0x00000040   Code   RO         3912    .text               mc_w.l(_sgetc.o)
    0x080011b4   0x080011b4   0x00000000   Code   RO         3916    .text               mc_w.l(iusefp.o)
    0x080011b4   0x080011b4   0x00000008   Code   RO         3919    .text               mc_w.l(cpp_dtor.o)
    0x080011bc   0x080011bc   0x00000014   Code   RO         3922    .text               mc_w.l(cpp_memory.o)
    0x080011d0   0x080011d0   0x00000002   Code   RO         3925    .text               mc_w.l(cpp_signal.o)
    0x080011d2   0x080011d2   0x00000042   Code   RO         3927    .text               mc_w.l(cxa_finalize.o)
    0x08001214   0x08001214   0x0000014e   Code   RO         3929    .text               mf_w.l(dadd.o)
    0x08001362   0x08001362   0x000000e4   Code   RO         3931    .text               mf_w.l(dmul.o)
    0x08001446   0x08001446   0x000000de   Code   RO         3933    .text               mf_w.l(ddiv.o)
    0x08001524   0x08001524   0x00000030   Code   RO         3935    .text               mf_w.l(dfixul.o)
    0x08001554   0x08001554   0x00000030   Code   RO         3937    .text               mf_w.l(cdrcmple.o)
    0x08001584   0x08001584   0x0000000e   Code   RO         4448    .text               cpprt_w.l(aeabi_vec_delete_noexceptions.o)
    0x08001592   0x08001592   0x0000001a   Code   RO         4458    .text               cpprt_w.l(arm_exceptions_terminate.o)
    0x080015ac   0x080015ac   0x00000050   Code   RO         4461    .text               cpprt_w.l(arm_exceptions_globs.o)
    0x080015fc   0x080015fc   0x00000024   Code   RO         4470    .text               mc_w.l(init.o)
    0x08001620   0x08001620   0x0000001e   Code   RO         4472    .text               mc_w.l(llshl.o)
    0x0800163e   0x0800163e   0x00000020   Code   RO         4474    .text               mc_w.l(llushr.o)
    0x0800165e   0x0800165e   0x00000024   Code   RO         4476    .text               mc_w.l(llsshr.o)
    0x08001682   0x08001682   0x00000018   Code   RO         4484    .text               mc_w.l(strcat.o)
    0x0800169a   0x0800169a   0x00000012   Code   RO         4486    .text               mc_w.l(strcpy.o)
    0x080016ac   0x080016ac   0x00000020   Code   RO         4488    .text               mc_w.l(strrchr.o)
    0x080016cc   0x080016cc   0x00000038   Code   RO         4492    .text               mc_w.l(sscanf.o)
    0x08001704   0x08001704   0x0000032c   Code   RO         4494    .text               mc_w.l(_scanf.o)
    0x08001a30   0x08001a30   0x00000002   Code   RO         4497    .text               mc_w.l(cpp_final.o)
    0x08001a32   0x08001a32   0x000000ba   Code   RO         4499    .text               mf_w.l(depilogue.o)
    0x08001aec   0x08001aec   0x00000018   Code   RO         4501    .text               mf_w.l(dfltul.o)
    0x08001b04   0x08001b04   0x00000038   Code   RO         4503    .text               mf_w.l(d2f.o)
    0x08001b3c   0x08001b3c   0x0000003c   Code   RO         4615    .text               cpprt_w.l(arm_exceptions_mem.o)
    0x08001b78   0x08001b78   0x00000008   Code   RO         4631    .text               mc_w.l(ctype_o.o)
    0x08001b80   0x08001b80   0x00000012   Code   RO         4653    .text               mc_w.l(isspace_o.o)
    0x08001b92   0x08001b92   0x00000042   Code   RO         4667    .text               mc_w.l(memmove.o)
    0x08001bd4   0x08001bd4   0x0000006e   Code   RO         4681    .text               mf_w.l(fepilogue.o)
    0x08001c42   0x08001c42   0x00000002   Code   RO         4683    .text               cpprt_w.l(arm_rethrow_noexceptions.o)
    0x08001c44   0x08001c44   0x00000022   Code   RO         4689    .text               cpprt_w.l(aeabi_vec_dtor_noexceptions.o)
    0x08001c66   0x08001c66   0x0000001c   Code   RO         4708    .text               cpprt_w.l(ARM_vec_cleanup_noexceptions.o)
    0x08001c82   0x08001c82   0x00000012   Code   RO         2345    i.$Sub$$main        retarget.o
    0x08001c94   0x08001c94   0x00000006   Code   RO         2811    i.<Func1>           mbed.ar(SerialBase.o)
    0x08001c9a   0x08001c9a   0x00000014   Code   RO         4195    i.<Func5>           cpp_ws.l(locale.o)
    0x08001cae   0x08001cae   0x00000002   PAD
    0x08001cb0   0x08001cb0   0x00000248   Code   RO         2019    i.HAL_GPIO_Init     stm32f4xx_hal_gpio.o
    0x08001ef8   0x08001ef8   0x0000000c   Code   RO         1978    i.HAL_GetTick       stm32f4xx_hal.o
    0x08001f04   0x08001f04   0x00000010   Code   RO         1979    i.HAL_IncTick       stm32f4xx_hal.o
    0x08001f14   0x08001f14   0x00000034   Code   RO         1980    i.HAL_Init          stm32f4xx_hal.o
    0x08001f48   0x08001f48   0x000000a8   Code   RO          791    i.HAL_InitTick      hal_tick.o
    0x08001ff0   0x08001ff0   0x00000002   Code   RO         1983    i.HAL_MspInit       stm32f4xx_hal.o
    0x08001ff2   0x08001ff2   0x00000002   PAD
    0x08001ff4   0x08001ff4   0x00000024   Code   RO         1185    i.HAL_NVIC_SetPriorityGrouping  stm32f4xx_hal_cortex.o
    0x08002018   0x08002018   0x00000200   Code   RO         1240    i.HAL_RCC_ClockConfig  stm32f4xx_hal_rcc.o
    0x08002218   0x08002218   0x000000c0   Code   RO         1245    i.HAL_RCC_GetHCLKFreq  stm32f4xx_hal_rcc.o
    0x080022d8   0x080022d8   0x0000002c   Code   RO         1247    i.HAL_RCC_GetPCLK1Freq  stm32f4xx_hal_rcc.o
    0x08002304   0x08002304   0x0000002c   Code   RO         1248    i.HAL_RCC_GetPCLK2Freq  stm32f4xx_hal_rcc.o
    0x08002330   0x08002330   0x000003b4   Code   RO         1252    i.HAL_RCC_OscConfig  stm32f4xx_hal_rcc.o
    0x080026e4   0x080026e4   0x0000002c   Code   RO          854    i.HAL_TIMEx_PWMN_Start  stm32f4xx_hal_tim_ex.o
    0x08002710   0x08002710   0x00000032   Code   RO         1324    i.HAL_TIM_OC_Init   stm32f4xx_hal_tim.o
    0x08002742   0x08002742   0x00000002   Code   RO         1326    i.HAL_TIM_OC_MspInit  stm32f4xx_hal_tim.o
    0x08002744   0x08002744   0x00000036   Code   RO         1327    i.HAL_TIM_OC_Start  stm32f4xx_hal_tim.o
    0x0800277a   0x0800277a   0x00000002   PAD
    0x0800277c   0x0800277c   0x00000214   Code   RO         1343    i.HAL_TIM_PWM_ConfigChannel  stm32f4xx_hal_tim.o
    0x08002990   0x08002990   0x00000032   Code   RO         1346    i.HAL_TIM_PWM_Init  stm32f4xx_hal_tim.o
    0x080029c2   0x080029c2   0x00000002   Code   RO         1348    i.HAL_TIM_PWM_MspInit  stm32f4xx_hal_tim.o
    0x080029c4   0x080029c4   0x00000036   Code   RO         1350    i.HAL_TIM_PWM_Start  stm32f4xx_hal_tim.o
    0x080029fa   0x080029fa   0x0000005e   Code   RO         2194    i.HAL_UART_Init     stm32f4xx_hal_uart.o
    0x08002a58   0x08002a58   0x00000002   Code   RO         2196    i.HAL_UART_MspInit  stm32f4xx_hal_uart.o
    0x08002a5a   0x08002a5a   0x00000002   PAD
    0x08002a5c   0x08002a5c   0x0000006c   Code   RO         1135    i.NVIC_SetVector    cmsis_nvic.o
    0x08002ac8   0x08002ac8   0x0000007c   Code   RO         2101    i.SetSysClock_PLL_HSE  system_stm32f4xx.o
    0x08002b44   0x08002b44   0x00000074   Code   RO         2933    i.Set_GPIO_Clock    mbed.ar(pinmap.o)
    0x08002bb8   0x08002bb8   0x00000084   Code   RO         2103    i.SystemCoreClockUpdate  system_stm32f4xx.o
    0x08002c3c   0x08002c3c   0x00000100   Code   RO         2104    i.SystemInit        system_stm32f4xx.o
    0x08002d3c   0x08002d3c   0x00000094   Code   RO         1360    i.TIM_Base_SetConfig  stm32f4xx_hal_tim.o
    0x08002dd0   0x08002dd0   0x00000218   Code   RO         2212    i.UART_SetConfig    stm32f4xx_hal_uart.o
    0x08002fe8   0x08002fe8   0x00000020   Code   RO         4505    i._Z7catgetsPN4__rw8__rw_catEiiPKc  cpp_ws.l(rwcats.o)
    0x08003008   0x08003008   0x00000022   Code   RO         4506    i._Z7catopenPKci    cpp_ws.l(rwcats.o)
    0x0800302a   0x0800302a   0x00000058   Code   RO         3673    i._ZN37_INTERNAL_15_rwstdexcept_cpp_8697b68a4__rw13__rw_vfmatstrEPcjPKcSt9__va_list  cpp_ws.l(rwstdexcept.o)
    0x08003082   0x08003082   0x00000002   PAD
    0x08003084   0x08003084   0x0000014c   Code   RO         3674    i._ZN37_INTERNAL_15_rwstdexcept_cpp_8697b68a4__rw13__rw_vfmatstrEPcjiSt9__va_list  cpp_ws.l(rwstdexcept.o)
    0x080031d0   0x080031d0   0x0000005c   Code   RO         3676    i._ZN4__rw10__rw_throwEiz  cpp_ws.l(rwstdexcept.o)
    0x0800322c   0x0800322c   0x00000020   Code   RO         3044    i._ZN4__rw13__rw_allocateEji  cpp_ws.l(rwalloc.o)
    0x0800324c   0x0800324c   0x00000004   Code   RO         3045    i._ZN4__rw15__rw_deallocateEPvji  cpp_ws.l(rwalloc.o)
    0x08003250   0x08003250   0x00000002   Code   RO         4142    i._ZN4__rw15__rw_facet_base12_C_initfacetERKSt6locale  cpp_ws.l(char.o)
    0x08003252   0x08003252   0x00000002   PAD
    0x08003254   0x08003254   0x000000ec   Code   RO         4298    i._ZN4__rw15__rw_locale_impC1EPKcjj  cpp_ws.l(locale.o)
    0x08003340   0x08003340   0x0000001a   Code   RO         4336    i._ZN4__rw15__rw_locale_impD1Ev  cpp_ws.l(locale.o)
    0x0800335a   0x0800335a   0x0000003a   Code   RO         4196    i._ZN4__rw21__rw_use_c_lib_localeC1EPKci  cpp_ws.l(locale.o)
    0x08003394   0x08003394   0x00000018   Code   RO         4112    i._ZN4__rw21__rw_use_c_lib_localeD1Ev  cpp_ws.l(char.o)
    0x080033ac   0x080033ac   0x00000098   Code   RO         4529    i._ZN4__rw25__rw_throw_exception_noexEiPc  cpp_ws.l(rwthrowproc_impl_noex.o)
    0x08003444   0x08003444   0x00000030   Code   RO         4509    i._ZN4__rw9__catfindEPNS_8__rw_catE  cpp_ws.l(rwcats.o)
    0x08003474   0x08003474   0x0000001a   Code   RO          152    i._ZN4mbed10DigitalOutC1E7PinName  main.o
    0x0800348e   0x0800348e   0x00000002   PAD
    0x08003490   0x08003490   0x0000005c   Code   RO           38    i._ZN4mbed10DigitalOutaSEi  main.o
    0x080034ec   0x080034ec   0x00000030   Code   RO         2347    i._ZN4mbed10FileHandleD2Ev  retarget.o
    0x0800351c   0x0800351c   0x0000000e   Code   RO         2813    i._ZN4mbed10SerialBase10_base_putcEi  mbed.ar(SerialBase.o)
    0x0800352a   0x0800352a   0x0000000e   Code   RO         2815    i._ZN4mbed10SerialBase12_irq_handlerEj9SerialIrq  mbed.ar(SerialBase.o)
    0x08003538   0x08003538   0x00000010   Code   RO         2816    i._ZN4mbed10SerialBase4baudEi  mbed.ar(SerialBase.o)
    0x08003548   0x08003548   0x00000054   Code   RO         2821    i._ZN4mbed10SerialBaseC1E7PinNameS1_  mbed.ar(SerialBase.o)
    0x0800359c   0x0800359c   0x00000018   Code   RO         3029    i._ZN4mbed15FunctionPointer4callEv  mbed.ar(FunctionPointer.o)
    0x080035b4   0x080035b4   0x0000000a   Code   RO         3031    i._ZN4mbed15FunctionPointerC1EPFvvE  mbed.ar(FunctionPointer.o)
    0x080035be   0x080035be   0x0000001c   Code   RO          104    i._ZN4mbed6PwmOut6periodEf  main.o
    0x080035da   0x080035da   0x00000022   Code   RO           98    i._ZN4mbed6PwmOutaSEf  main.o
    0x080035fc   0x080035fc   0x00000024   Code   RO         2769    i._ZN4mbed6SerialC1E7PinNameS1_PKc  mbed.ar(Serial.o)
    0x08003620   0x08003620   0x0000000c   Code   RO         2787    i._ZN4mbed6SerialD1Ev  mbed.ar(Serial.o)
    0x0800362c   0x0800362c   0x00000004   Code   RO         2862    i._ZN4mbed6Stream5closeEv  mbed.ar(Stream.o)
    0x08003630   0x08003630   0x00000004   Code   RO         2864    i._ZN4mbed6Stream5lseekEli  mbed.ar(Stream.o)
    0x08003634   0x08003634   0x0000002a   Code   RO         2866    i._ZN4mbed6Stream5writeEPKvj  mbed.ar(Stream.o)
    0x0800365e   0x0800365e   0x0000001e   Code   RO         2868    i._ZN4mbed6Stream6printfEPKcz  mbed.ar(Stream.o)
    0x0800367c   0x0800367c   0x00000044   Code   RO         2869    i._ZN4mbed6StreamC2EPKc  mbed.ar(Stream.o)
    0x080036c0   0x080036c0   0x00000020   Code   RO         2871    i._ZN4mbed6StreamD2Ev  mbed.ar(Stream.o)
    0x080036e0   0x080036e0   0x00000004   Code   RO         2978    i._ZN4mbed8FileBase11getPathTypeEv  mbed.ar(FileBase.o)
    0x080036e4   0x080036e4   0x00000038   Code   RO         2980    i._ZN4mbed8FileBase6lookupEPKcj  mbed.ar(FileBase.o)
    0x0800371c   0x0800371c   0x00000024   Code   RO         2982    i._ZN4mbed8FileBaseC1EPKcNS_8PathTypeE  mbed.ar(FileBase.o)
    0x08003740   0x08003740   0x00000038   Code   RO         2984    i._ZN4mbed8FileBaseD1Ev  mbed.ar(FileBase.o)
    0x08003778   0x08003778   0x00000024   Code   RO         3008    i._ZN4mbed8FileLikeC2EPKc  mbed.ar(FileLike.o)
    0x0800379c   0x0800379c   0x00000012   Code   RO         3010    i._ZN4mbed8FileLikeD2Ev  mbed.ar(FileLike.o)
    0x080037ae   0x080037ae   0x00000018   Code   RO         2682    i._ZN4mbed8FilePath10fileSystemEv  mbed.ar(FilePath.o)
    0x080037c6   0x080037c6   0x0000001c   Code   RO         2684    i._ZN4mbed8FilePath4fileEv  mbed.ar(FilePath.o)
    0x080037e2   0x080037e2   0x0000000a   Code   RO         2685    i._ZN4mbed8FilePath6existsEv  mbed.ar(FilePath.o)
    0x080037ec   0x080037ec   0x00000018   Code   RO         2686    i._ZN4mbed8FilePath6isFileEv  mbed.ar(FilePath.o)
    0x08003804   0x08003804   0x00000004   Code   RO         2687    i._ZN4mbed8FilePath8fileNameEv  mbed.ar(FilePath.o)
    0x08003808   0x08003808   0x00000040   Code   RO         2688    i._ZN4mbed8FilePathC1EPKc  mbed.ar(FilePath.o)
    0x08003848   0x08003848   0x0000001a   Code   RO          146    i._ZN4mbed9DigitalInC1E7PinName  main.o
    0x08003862   0x08003862   0x00000002   PAD
    0x08003864   0x08003864   0x00000050   Code   RO           62    i._ZN4mbed9DigitalIncviEv  main.o
    0x080038b4   0x080038b4   0x00000004   Code   RO         3795    i._ZNKSt14__rw_exception4whatEv  cpp_ws.l(rwstdexcept.o)
    0x080038b8   0x080038b8   0x00000072   Code   RO         4373    i._ZNKSt18__rw_messages_base11_C_cat_openERKSsRKSt6locale  cpp_ws.l(messages.o)
    0x0800392a   0x0800392a   0x00000020   Code   RO         4376    i._ZNKSt18__rw_messages_base13_C_get_localeEi  cpp_ws.l(messages.o)
    0x0800394a   0x0800394a   0x00000034   Code   RO         4377    i._ZNKSt18__rw_messages_base14_C_get_messageEiii  cpp_ws.l(messages.o)
    0x0800397e   0x0800397e   0x0000000e   Code   RO         4082    i._ZNKSt5ctypeIcE2isENSt10ctype_base4maskEc  cpp_ws.l(char.o)
    0x0800398c   0x0800398c   0x00000108   Code   RO         4201    i._ZNKSt6locale13_C_make_facetERKNS_2idEbiPFPN4__rw15__rw_facet_baseEiPKcjE  cpp_ws.l(locale.o)
    0x08003a94   0x08003a94   0x00000074   Code   RO         4203    i._ZNKSt6locale16_C_install_facetEPN4__rw15__rw_facet_baseERKNS_2idE  cpp_ws.l(locale.o)
    0x08003b08   0x08003b08   0x00000030   Code   RO         4204    i._ZNKSt6locale4nameEv  cpp_ws.l(locale.o)
    0x08003b38   0x08003b38   0x0000000c   Code   RO         4057    i._ZNSt11char_traitsIcE4copyEPcPKcj  cpp_ws.l(char.o)
    0x08003b44   0x08003b44   0x000000cc   Code   RO         3943    i._ZNSt12ctype_bynameIcE17_C_get_mask_tableEPKc  cpp_ws.l(char.o)
    0x08003c10   0x08003c10   0x00000120   Code   RO         3945    i._ZNSt12ctype_bynameIcEC1EPKcj  cpp_ws.l(char.o)
    0x08003d30   0x08003d30   0x0000000e   Code   RO         4189    i._ZNSt12ctype_bynameIcED0Ev  cpp_ws.l(char.o)
    0x08003d3e   0x08003d3e   0x00000008   Code   RO         4186    i._ZNSt12ctype_bynameIcED1Ev  cpp_ws.l(char.o)
    0x08003d46   0x08003d46   0x00000002   PAD
    0x08003d48   0x08003d48   0x00000084   Code   RO         3679    i._ZNSt14__rw_exception10_C_vformatEiSt9__va_list  cpp_ws.l(rwstdexcept.o)
    0x08003dcc   0x08003dcc   0x00000014   Code   RO         3745    i._ZNSt14__rw_exceptionC1Ev  cpp_ws.l(rwstdexcept.o)
    0x08003de0   0x08003de0   0x0000001c   Code   RO         3789    i._ZNSt14__rw_exceptionD1Ev  cpp_ws.l(rwstdexcept.o)
    0x08003dfc   0x08003dfc   0x00000008   Code   RO         3742    i._ZNSt18__rw_messages_baseD1Ev  cpp_ws.l(rwstdexcept.o)
    0x08003e04   0x08003e04   0x0000001a   Code   RO         4413    i._ZNSt18__rw_open_cat_dataC1Ev  cpp_ws.l(messages.o)
    0x08003e1e   0x08003e1e   0x0000000c   Code   RO         4410    i._ZNSt18__rw_open_cat_dataD1Ev  cpp_ws.l(messages.o)
    0x08003e2a   0x08003e2a   0x00000012   Code   RO         4416    i._ZNSt18__rw_open_cat_dataaSERKS_  cpp_ws.l(messages.o)
    0x08003e3c   0x08003e3c   0x000000fa   Code   RO         3947    i._ZNSt5ctypeIcE12_C_initfacetERKSt6locale  cpp_ws.l(char.o)
    0x08003f36   0x08003f36   0x00000002   PAD
    0x08003f38   0x08003f38   0x00000118   Code   RO         3949    i._ZNSt5ctypeIcEC1EPKNSt10ctype_base4maskEbj  cpp_ws.l(char.o)
    0x08004050   0x08004050   0x0000000e   Code   RO         4085    i._ZNSt5ctypeIcED0Ev  cpp_ws.l(char.o)
    0x0800405e   0x0800405e   0x00000002   PAD
    0x08004060   0x08004060   0x0000002c   Code   RO         4014    i._ZNSt5ctypeIcED1Ev  cpp_ws.l(char.o)
    0x0800408c   0x0800408c   0x0000000e   Code   RO         3786    i._ZNSt6locale5facetD0Ev  cpp_ws.l(rwstdexcept.o)
    0x0800409a   0x0800409a   0x00000002   PAD
    0x0800409c   0x0800409c   0x00000084   Code   RO         4207    i._ZNSt6locale7_C_initEv  cpp_ws.l(locale.o)
    0x08004120   0x08004120   0x00000044   Code   RO         4209    i._ZNSt6locale7classicEv  cpp_ws.l(locale.o)
    0x08004164   0x08004164   0x00000020   Code   RO         4339    i._ZNSt6localeC1EPN4__rw15__rw_locale_impE  cpp_ws.l(locale.o)
    0x08004184   0x08004184   0x0000000c   Code   RO         4419    i._ZNSt6localeC1ERKS_  cpp_ws.l(messages.o)
    0x08004190   0x08004190   0x00000020   Code   RO         3738    i._ZNSt6localeC1Ev  cpp_ws.l(rwstdexcept.o)
    0x080041b0   0x080041b0   0x00000020   Code   RO         4314    i._ZNSt6localeD1Ev  cpp_ws.l(locale.o)
    0x080041d0   0x080041d0   0x00000032   Code   RO         4217    i._ZNSt6localeaSERKS_  cpp_ws.l(locale.o)
    0x08004202   0x08004202   0x0000000e   Code   RO         3760    i._ZNSt8messagesIcED0Ev  cpp_ws.l(rwstdexcept.o)
    0x08004210   0x08004210   0x00000010   Code   RO         3729    i._ZNSt8messagesIcED1Ev  cpp_ws.l(rwstdexcept.o)
    0x08004220   0x08004220   0x0000000c   Code   RO         4435    i._ZNSt9exceptionC1Ev  cpprt_w.l(exception_ctor.o)
    0x0800422c   0x0800422c   0x0000003c   Code   RO         4394    i._ZSt13__rw_get_catsv  cpp_ws.l(messages.o)
    0x08004268   0x08004268   0x00000006   Code   RO         2771    i._ZThn92_N4mbed6Serial5_putcEi  mbed.ar(Serial.o)
    0x0800426e   0x0800426e   0x00000008   Code   RO         4425    i._ZdaPv            cpprt_w.l(array_del.o)
    0x08004276   0x08004276   0x00000008   Code   RO         3198    i._ZdlPv            cpprt_w.l(delete.o)
    0x0800427e   0x0800427e   0x00000008   Code   RO         4428    i._Znaj             cpprt_w.l(array_new.o)
    0x08004286   0x08004286   0x00000002   PAD
    0x08004288   0x08004288   0x00000028   Code   RO         3201    i._Znwj             cpprt_w.l(new.o)
    0x080042b0   0x080042b0   0x0000001c   Code   RO         3631    i.__0fprintf        mc_w.l(printfa.o)
    0x080042cc   0x080042cc   0x00000028   Code   RO         3634    i.__0sprintf        mc_w.l(printfa.o)
    0x080042f4   0x080042f4   0x00000018   Code   RO         3635    i.__0vfprintf       mc_w.l(printfa.o)
    0x0800430c   0x0800430c   0x0000002c   Code   RO         3637    i.__0vsnprintf      mc_w.l(printfa.o)
    0x08004338   0x08004338   0x00000092   Code   RO         4700    i.__ARM_array_new_general  cpprt_w.l(array_new_general.o)
    0x080043ca   0x080043ca   0x00000024   Code   RO         3311    i.__aeabi_vec_ctor_nocookie_nodtor  cpprt_w.l(aeabi_vec_ctor_nocookie_nodtor.o)
    0x080043ee   0x080043ee   0x00000010   Code   RO         4612    i.__aeabi_vec_dtor_cookie  cpprt_w.l(aeabi_vec_dtor_cookie.o)
    0x080043fe   0x080043fe   0x00000014   Code   RO         4609    i.__aeabi_vec_new_cookie  cpprt_w.l(aeabi_vec_new_cookie.o)
    0x08004412   0x08004412   0x00000010   Code   RO         4597    i.__cxa_guard_acquire  cpprt_w.l(cxa_guard_acquire.o)
    0x08004422   0x08004422   0x00000006   Code   RO         3205    i.__cxa_pure_virtual  cpprt_w.l(pure_virt.o)
    0x08004428   0x08004428   0x00000018   Code   RO         4686    i.__cxa_vec_new     cpprt_w.l(cxa_vec_new.o)
    0x08004440   0x08004440   0x0000000e   Code   RO         4721    i.__scatterload_copy  mc_w.l(handlers.o)
    0x0800444e   0x0800444e   0x00000002   Code   RO         4722    i.__scatterload_null  mc_w.l(handlers.o)
    0x08004450   0x08004450   0x0000000e   Code   RO         4723    i.__scatterload_zeroinit  mc_w.l(handlers.o)
    0x0800445e   0x0800445e   0x00000002   PAD
    0x08004460   0x08004460   0x00000010   Code   RO         4218    i.__sti___10_locale_cpp_ff99fc7b  cpp_ws.l(locale.o)
    0x08004470   0x08004470   0x00000038   Code   RO         4510    i.__sti___10_rwcats_cpp_64e8068e  cpp_ws.l(rwcats.o)
    0x080044a8   0x080044a8   0x00000010   Code   RO         3951    i.__sti___8_char_cpp_a3dc957a  cpp_ws.l(char.o)
    0x080044b8   0x080044b8   0x0000001e   Code   RO         3356    i._fclose$full      mc_w.l(fclose_f.o)
    0x080044d6   0x080044d6   0x00000018   Code   RO         3358    i._fflush$full      mc_w.l(fflush_f.o)
    0x080044ee   0x080044ee   0x00000034   Code   RO         3352    i._fopen$full       mc_w.l(fopen_f.o)
    0x08004522   0x08004522   0x00000002   PAD
    0x08004524   0x08004524   0x00000184   Code   RO         3639    i._fp_digits        mc_w.l(printfa.o)
    0x080046a8   0x080046a8   0x0000005e   Code   RO         3353    i._freopen$full     mc_w.l(fopen_f.o)
    0x08004706   0x08004706   0x0000000e   Code   RO         3908    i._is_digit         mc_w.l(scanf_fp.o)
    0x08004714   0x08004714   0x000006dc   Code   RO         3640    i._printf_core      mc_w.l(printfa.o)
    0x08004df0   0x08004df0   0x00000024   Code   RO         3641    i._printf_post_padding  mc_w.l(printfa.o)
    0x08004e14   0x08004e14   0x0000002e   Code   RO         3642    i._printf_pre_padding  mc_w.l(printfa.o)
    0x08004e42   0x08004e42   0x00000016   Code   RO         3643    i._snputc           mc_w.l(printfa.o)
    0x08004e58   0x08004e58   0x0000000a   Code   RO         3644    i._sputc            mc_w.l(printfa.o)
    0x08004e62   0x08004e62   0x00000002   PAD
    0x08004e64   0x08004e64   0x0000002c   Code   RO         2348    i._sys_close        retarget.o
    0x08004e90   0x08004e90   0x000000e4   Code   RO         2353    i._sys_open         retarget.o
    0x08004f74   0x08004f74   0x00000028   Code   RO         2355    i._sys_seek         retarget.o
    0x08004f9c   0x08004f9c   0x00000060   Code   RO         2356    i._sys_write        retarget.o
    0x08004ffc   0x08004ffc   0x00000018   Code   RO         2960    i.error             mbed.ar(error.o)
    0x08005014   0x08005014   0x00000020   Code   RO         3040    i.exit              mbed.ar(exit.o)
    0x08005034   0x08005034   0x00000050   Code   RO         3872    i.free              mc_w.l(malloc.o)
    0x08005084   0x08005084   0x00000050   Code   RO         2920    i.gpio_dir          mbed.ar(gpio_api.o)
    0x080050d4   0x080050d4   0x0000003c   Code   RO         2921    i.gpio_init         mbed.ar(gpio_api.o)
    0x08005110   0x08005110   0x00000026   Code   RO         2648    i.gpio_init_in      mbed.ar(gpio.o)
    0x08005136   0x08005136   0x00000002   PAD
    0x08005138   0x08005138   0x00000044   Code   RO         2651    i.gpio_init_out     mbed.ar(gpio.o)
    0x0800517c   0x0800517c   0x00000008   Code   RO         2922    i.gpio_mode         mbed.ar(gpio_api.o)
    0x08005184   0x08005184   0x0000006c   Code   RO         3873    i.malloc            mc_w.l(malloc.o)
    0x080051f0   0x080051f0   0x00000050   Code   RO         2642    i.mbed_assert_internal  mbed.ar(assert.o)
    0x08005240   0x08005240   0x00000010   Code   RO         2331    i.mbed_die          board.o
    0x08005250   0x08005250   0x00000002   Code   RO         2358    i.mbed_main         retarget.o
    0x08005252   0x08005252   0x0000000e   Code   RO         2070    i.mbed_sdk_init     mbed_overrides.o
    0x08005260   0x08005260   0x0000006c   Code   RO         2934    i.pin_function      mbed.ar(pinmap.o)
    0x080052cc   0x080052cc   0x00000058   Code   RO         2935    i.pin_mode          mbed.ar(pinmap.o)
    0x08005324   0x08005324   0x00000038   Code   RO         2967    i.pinmap_merge      mbed.ar(pinmap_common.o)
    0x0800535c   0x0800535c   0x0000005c   Code   RO         2968    i.pinmap_peripheral  mbed.ar(pinmap_common.o)
    0x080053b8   0x080053b8   0x00000058   Code   RO         2969    i.pinmap_pinout     mbed.ar(pinmap_common.o)
    0x08005410   0x08005410   0x000000f4   Code   RO         2576    i.pwmout_init       mbed.ar(pwmout_api.o)
    0x08005504   0x08005504   0x00000018   Code   RO         2577    i.pwmout_period     mbed.ar(pwmout_api.o)
    0x0800551c   0x0800551c   0x000000a8   Code   RO         2579    i.pwmout_period_us  mbed.ar(pwmout_api.o)
    0x080055c4   0x080055c4   0x000000d8   Code   RO         2584    i.pwmout_write      mbed.ar(pwmout_api.o)
    0x0800569c   0x0800569c   0x00000044   Code   RO         2601    i.serial_baud       mbed.ar(serial_api.o)
    0x080056e0   0x080056e0   0x00000160   Code   RO         2608    i.serial_init       mbed.ar(serial_api.o)
    0x08005840   0x08005840   0x00000018   Code   RO         2609    i.serial_irq_handler  mbed.ar(serial_api.o)
    0x08005858   0x08005858   0x00000024   Code   RO         2612    i.serial_putc       mbed.ar(serial_api.o)
    0x0800587c   0x0800587c   0x00000058   Code   RO          792    i.timer_irq_handler  hal_tick.o
    0x080058d4   0x080058d4   0x00000014   Code   RO         2944    i.us_ticker_clear_interrupt  mbed.ar(us_ticker.o)
    0x080058e8   0x080058e8   0x00000014   Code   RO         2945    i.us_ticker_disable_interrupt  mbed.ar(us_ticker.o)
    0x080058fc   0x080058fc   0x00000040   Code   RO         2664    i.us_ticker_irq_handler  mbed.ar(us_ticker_api.o)
    0x0800593c   0x0800593c   0x00000030   Code   RO         2947    i.us_ticker_read    mbed.ar(us_ticker.o)
    0x0800596c   0x0800596c   0x00000014   Code   RO         2948    i.us_ticker_set_interrupt  mbed.ar(us_ticker.o)
    0x08005980   0x08005980   0x00000028   Code   RO         2674    i.wait              mbed.ar(wait_api.o)
    0x080059a8   0x080059a8   0x0000001c   Code   RO         2675    i.wait_ms           mbed.ar(wait_api.o)
    0x080059c4   0x080059c4   0x00000014   Code   RO         4066    t._ZN4__rw12__string_refIcSt11char_traitsIcESaIcEE10_C_inc_refEv  cpp_ws.l(char.o)
    0x080059d8   0x080059d8   0x00000046   Code   RO         3751    t._ZN4__rw16__rw_facet_makerISt5ctypeIcEE13_C_maker_funcEiPKcj  cpp_ws.l(rwstdexcept.o)
    0x08005a1e   0x08005a1e   0x0000001e   Code   RO           50    t._ZN4__rw17__rw_new_capacityISt6vectorIiSaIiEEEEjjPKT_  main.o
    0x08005a3c   0x08005a3c   0x00000056   Code   RO         4317    t._ZN4__rw18__rw_locale_vectorIPNS_15__rw_facet_baseEE6resizeEjRKS2_  cpp_ws.l(locale.o)
    0x08005a92   0x08005a92   0x0000000e   Code   RO         4329    t._ZN4__rw18__rw_locale_vectorIPNS_15__rw_facet_baseEED1Ev  cpp_ws.l(locale.o)
    0x08005aa0   0x08005aa0   0x0000000e   Code   RO         4526    t._ZN4__rw18__rw_locale_vectorIPNS_8__rw_catEED1Ev  cpp_ws.l(rwcats.o)
    0x08005aae   0x08005aae   0x00000002   PAD
    0x08005ab0   0x08005ab0   0x00000014   Code   RO         4332    t._ZN4__rw18__rw_locale_vectorISsED1Ev  cpp_ws.l(locale.o)
    0x08005ac4   0x08005ac4   0x00000088   Code   RO         4400    t._ZN4__rw18__rw_locale_vectorISt18__rw_open_cat_dataE6resizeEj  cpp_ws.l(messages.o)
    0x08005b4c   0x08005b4c   0x00000014   Code   RO         4406    t._ZN4__rw18__rw_locale_vectorISt18__rw_open_cat_dataED1Ev  cpp_ws.l(messages.o)
    0x08005b60   0x08005b60   0x00000008   Code   RO          116    t._ZNKSt6vectorIiSaIiEE3endEv  main.o
    0x08005b68   0x08005b68   0x00000018   Code   RO          122    t._ZNKSt6vectorIiSaIiEE4sizeEv  main.o
    0x08005b80   0x08005b80   0x00000008   Code   RO          110    t._ZNKSt6vectorIiSaIiEE5beginEv  main.o
    0x08005b88   0x08005b88   0x0000000c   Code   RO          140    t._ZNKSt6vectorIiSaIiEE8capacityEv  main.o
    0x08005b94   0x08005b94   0x00000090   Code   RO         3723    t._ZNKSt8messagesIcE6do_getEiiiRKSs  cpp_ws.l(rwstdexcept.o)
    0x08005c24   0x08005c24   0x00000006   Code   RO         3748    t._ZNKSt8messagesIcE7do_openERKSsRKSt6locale  cpp_ws.l(rwstdexcept.o)
    0x08005c2a   0x08005c2a   0x00000014   Code   RO           80    t._ZNSaIiE10deallocateEPij  main.o
    0x08005c3e   0x08005c3e   0x00000012   Code   RO          128    t._ZNSaIiE8allocateEjPKv  main.o
    0x08005c50   0x08005c50   0x00000016   Code   RO           44    t._ZNSaIiE9constructEPiRKi  main.o
    0x08005c66   0x08005c66   0x00000032   Code   RO         4286    t._ZNSs11_C_allocateEjjj  cpp_ws.l(locale.o)
    0x08005c98   0x08005c98   0x00000018   Code   RO         4326    t._ZNSs7replaceEjjPKcj  cpp_ws.l(locale.o)
    0x08005cb0   0x08005cb0   0x00000168   Code   RO         4004    t._ZNSs7replaceEjjPKcjjj  cpp_ws.l(char.o)
    0x08005e18   0x08005e18   0x00000074   Code   RO         3992    t._ZNSs9_C_getRepEjj  cpp_ws.l(char.o)
    0x08005e8c   0x08005e8c   0x00000048   Code   RO         4001    t._ZNSs9_C_unlinkEv  cpp_ws.l(char.o)
    0x08005ed4   0x08005ed4   0x00000038   Code   RO         4289    t._ZNSsC1EPKcRKSaIcE  cpp_ws.l(locale.o)
    0x08005f0c   0x08005f0c   0x00000010   Code   RO         4323    t._ZNSsC1ERKSaIcE   cpp_ws.l(locale.o)
    0x08005f1c   0x08005f1c   0x0000003e   Code   RO         3995    t._ZNSsC1ERKSs      cpp_ws.l(char.o)
    0x08005f5a   0x08005f5a   0x0000000c   Code   RO         4075    t._ZNSsD1Ev         cpp_ws.l(char.o)
    0x08005f66   0x08005f66   0x00000002   PAD
    0x08005f68   0x08005f68   0x0000004c   Code   RO         4295    t._ZNSsaSEPKc       cpp_ws.l(locale.o)
    0x08005fb4   0x08005fb4   0x0000003e   Code   RO         4292    t._ZNSsaSERKSs      cpp_ws.l(locale.o)
    0x08005ff2   0x08005ff2   0x00000012   Code   RO           26    t._ZNSt6vectorIiSaIiEE10_C_destroyEPiS2_  main.o
    0x08006004   0x08006004   0x00000116   Code   RO           74    t._ZNSt6vectorIiSaIiEE13_C_insert_auxEPiRKi  main.o
    0x0800611a   0x0800611a   0x00000008   Code   RO           86    t._ZNSt6vectorIiSaIiEE3endEv  main.o
    0x08006122   0x08006122   0x00000008   Code   RO           92    t._ZNSt6vectorIiSaIiEE5beginEv  main.o
    0x0800612a   0x0800612a   0x000000a2   Code   RO           56    t._ZNSt6vectorIiSaIiEEC1ERKS1_  main.o
    0x080061cc   0x080061cc   0x00000032   Code   RO           32    t._ZNSt6vectorIiSaIiEED1Ev  main.o
    0x080061fe   0x080061fe   0x00000012   Code   RO          134    t._ZNSt6vectorIiSaIiEEixEj  main.o
    0x08006210   0x08006210   0x0000002c   Code   RO           68    t._ZSt18uninitialized_copyIPiS0_SaIiEET0_T_S3_S2_RT1_  main.o
    0x0800623c   0x0800623c   0x0000000c   Code   RO         4069    t._ZSt3maxIjERKT_S2_S2_  cpp_ws.l(char.o)
    0x08006248   0x08006248   0x00000010   Data   RO         1253    .constdata          stm32f4xx_hal_rcc.o
    0x08006258   0x08006258   0x00000010   Data   RO         2105    .constdata          system_stm32f4xx.o
    0x08006268   0x08006268   0x00000168   Data   RO         2586    .constdata          mbed.ar(pwmout_api.o)
    0x080063d0   0x080063d0   0x000000ec   Data   RO         2619    .constdata          mbed.ar(serial_api.o)
    0x080064bc   0x080064bc   0x00000073   Data   RO         2653    .constdata          mbed.ar(gpio.o)
    0x0800652f   0x0800652f   0x00000001   PAD
    0x08006530   0x08006530   0x00000070   Data   RO         2924    .constdata          mbed.ar(gpio_api.o)
    0x080065a0   0x080065a0   0x000000ac   Data   RO         2936    .constdata          mbed.ar(pinmap.o)
    0x0800664c   0x0800664c   0x0000005c   Data   RO         3699    .constdata          cpp_ws.l(rwstdexcept.o)
    0x080066a8   0x080066a8   0x00000200   Data   RO         3971    .constdata          cpp_ws.l(char.o)
    0x080068a8   0x080068a8   0x00000081   Data   RO         4632    .constdata          mc_w.l(ctype_o.o)
    0x08006929   0x08006929   0x00000003   PAD
    0x0800692c   0x0800692c   0x00000004   Data   RO         4633    .constdata          mc_w.l(ctype_o.o)
    0x08006930   0x08006930   0x0000002c   Data   RO         2444    .constdata__ZTVN4mbed10FileHandleE  retarget.o
    0x0800695c   0x0800695c   0x00000010   Data   RO         2847    .constdata__ZTVN4mbed10SerialBaseE  mbed.ar(SerialBase.o)
    0x0800696c   0x0800696c   0x0000005c   Data   RO         2785    .constdata__ZTVN4mbed6SerialE  mbed.ar(Serial.o)
    0x080069c8   0x080069c8   0x00000044   Data   RO         2915    .constdata__ZTVN4mbed6StreamE  mbed.ar(Stream.o)
    0x08006a0c   0x08006a0c   0x00000010   Data   RO         3003    .constdata__ZTVN4mbed8FileBaseE  mbed.ar(FileBase.o)
    0x08006a1c   0x08006a1c   0x0000003c   Data   RO         3026    .constdata__ZTVN4mbed8FileLikeE  mbed.ar(FileLike.o)
    0x08006a58   0x08006a58   0x00000014   Data   RO         3774    .constdata__ZTVNSt6locale5facetE  cpp_ws.l(rwstdexcept.o)
    0x08006a6c   0x08006a6c   0x00000034   Data   RO         4153    .constdata__ZTVSt12ctype_bynameIcE  cpp_ws.l(char.o)
    0x08006aa0   0x08006aa0   0x00000014   Data   RO         3776    .constdata__ZTVSt14__rw_exception  cpp_ws.l(rwstdexcept.o)
    0x08006ab4   0x08006ab4   0x00000034   Data   RO         3982    .constdata__ZTVSt5ctypeIcE  cpp_ws.l(char.o)
    0x08006ae8   0x08006ae8   0x00000020   Data   RO         3712    .constdata__ZTVSt8messagesIcE  cpp_ws.l(rwstdexcept.o)
    0x08006b08   0x08006b08   0x00000014   Data   RO         4445    .constdata__ZTVSt9exception  cpprt_w.l(exception_dtor.o)
    0x08006b1c   0x08006b1c   0x00000001   Data   RO         4283    .constdata__ZZNK4__rw15__rw_locale_imp16_C_category_nameEiEs  cpp_ws.l(locale.o)
    0x08006b1d   0x08006b1d   0x00000001   Data   RO         3990    .constdata__ZZNSs7replaceEjjPKcjjjEs  cpp_ws.l(char.o)
    0x08006b1e   0x08006b1e   0x00000001   Data   RO         3991    .constdata__ZZNSs9_C_getRepEjjEs  cpp_ws.l(char.o)
    0x08006b1f   0x08006b1f   0x00000002   Data   RO         3713    .constdata__ZZNSt8messagesIcEC1EjEs  cpp_ws.l(rwstdexcept.o)
    0x08006b21   0x08006b21   0x00000003   PAD
    0x08006b24   0x08006b24   0x00000048   Data   RO            6    .conststring        main.o
    0x08006b6c   0x08006b6c   0x00000272   Data   RO         3700    .conststring        cpp_ws.l(rwstdexcept.o)
    0x08006dde   0x08006dde   0x00000002   PAD
    0x08006de0   0x08006de0   0x00000020   Data   RO         4720    Region$$Table       anon$$obj.o
    0x08006e00   0x08006e00   0x00000004   Data   RO            8    .init_array         main.o
    0x08006e04   0x08006e00   0x00000000   Data   RO         3667    .init_array         mc_w.l(cpp_init.o)
    0x08006e04   0x08006e00   0x00000004   Data   RO         3973    .init_array         cpp_ws.l(char.o)
    0x08006e08   0x08006e00   0x00000004   Data   RO         4266    .init_array         cpp_ws.l(locale.o)
    0x08006e0c   0x08006e00   0x00000004   Data   RO         4520    .init_array         cpp_ws.l(rwcats.o)


    Execution Region RW_IRAM1 (Exec base: 0x20000194, Load base: 0x08006e10, Size: 0x0000075c, Max: 0x00017e6c, ABSOLUTE)

    Exec Addr    Load Addr    Size         Type   Attr      Idx    E Section Name        Object

    0x20000194   0x08006e10   0x00000004   Data   RW            7    .data               main.o
    0x20000198   0x08006e14   0x00000004   Data   RW          794    .data               hal_tick.o
    0x2000019c   0x08006e18   0x00000004   Data   RW         1986    .data               stm32f4xx_hal.o
    0x200001a0   0x08006e1c   0x00000004   Data   RW         2106    .data               system_stm32f4xx.o
    0x200001a4   0x08006e20   0x00000004   Data   RW         2399    .data               retarget.o
    0x200001a8   0x08006e24   0x00000008   Data   RW         2620    .data               mbed.ar(serial_api.o)
    0x200001b0   0x08006e2c   0x00000008   Data   RW         2667    .data               mbed.ar(us_ticker_api.o)
    0x200001b8   0x08006e34   0x00000004   Data   RW         2950    .data               mbed.ar(us_ticker.o)
    0x200001bc   0x08006e38   0x00000004   Data   RW         2992    .data               mbed.ar(FileBase.o)
    0x200001c0   0x08006e3c   0x00000004   Data   RW         3379    .data               mc_w.l(stderr.o)
    0x200001c4   0x08006e40   0x00000004   Data   RW         3383    .data               mc_w.l(rand.o)
    0x200001c8   0x08006e44   0x00000017   Data   RW         3701    .data               cpp_ws.l(rwstdexcept.o)
    0x200001df   0x08006e5b   0x00000001   PAD
    0x200001e0   0x08006e5c   0x00000004   Data   RW         3920    .data               mc_w.l(cpp_dtor.o)
    0x200001e4   0x08006e60   0x0000000c   Data   RW         3923    .data               mc_w.l(cpp_memory.o)
    0x200001f0   0x08006e6c   0x00000008   Data   RW         3972    .data               cpp_ws.l(char.o)
    0x200001f8   0x08006e74   0x0000001c   Data   RW         4265    .data               cpp_ws.l(locale.o)
    0x20000214   0x08006e90   0x00000004   Data   RW         4424    .data               cpp_ws.l(rwthrowproc_noex.o)
    0x20000218   0x08006e94   0x00000004   Data   RW         4490    .data               mc_w.l(mvars.o)
    0x2000021c   0x08006e98   0x00000004   Data   RW         4491    .data               mc_w.l(mvars.o)
    0x20000220   0x08006e9c   0x00000008   Data   RW         4519    .data               cpp_ws.l(rwcats.o)
    0x20000228   0x08006ea4   0x00000004   Data   RW         4366    .data__ZZNKSt6locale2id7_C_initEvE9_C_id_gen  cpp_ws.l(locale.o)
    0x2000022c   0x08006ea8   0x0000000c   Data   RW         4422    .data__ZZSt13__rw_get_catsvE11__open_cats  cpp_ws.l(messages.o)
    0x20000238        -       0x00000110   Zero   RW            5    .bss                main.o
    0x20000348        -       0x0000003c   Zero   RW          793    .bss                hal_tick.o
    0x20000384        -       0x00000040   Zero   RW         2395    .bss                retarget.o
    0x200003c4        -       0x0000003c   Zero   RW         2585    .bss                mbed.ar(pwmout_api.o)
    0x20000400        -       0x00000064   Zero   RW         2618    .bss                mbed.ar(serial_api.o)
    0x20000464        -       0x0000003c   Zero   RW         2949    .bss                mbed.ar(us_ticker.o)
    0x200004a0        -       0x00000014   Zero   RW         3380    .bss                mc_w.l(stdout_f.o)
    0x200004b4        -       0x00000014   Zero   RW         3381    .bss                mc_w.l(stderr_f.o)
    0x200004c8        -       0x00000018   Zero   RW         3698    .bss                cpp_ws.l(rwstdexcept.o)
    0x200004e0        -       0x00000010   Zero   RW         4593    .bss__ZNSs9__nullrefE  cpp_ws.l(vendor.o)
    0x200004f0        -       0x00000400   Zero   RW         2325    HEAP                startup_stm32f401xe.o


==============================================================================

Image component sizes


      Code (inc. data)   RO Data    RW Data    ZI Data      Debug   Object Name

        16          0          0          0          0        120   board.o
       108          6          0          0          0        132   cmsis_nvic.o
       256         46          0          4         60        252   hal_tick.o
      2582        342         76          4        272     186653   main.o
        14          0          0          0          0        128   mbed_overrides.o
       476         48         44          4         64        884   retarget.o
        36          8        404          0       1024        276   startup_stm32f401xe.o
        82         16          0          4          0        472   stm32f4xx_hal.o
        36          6          0          0          0        116   stm32f4xx_hal_cortex.o
       584         24          0          0          0        140   stm32f4xx_hal_gpio.o
      1740         82         16          0          0        656   stm32f4xx_hal_rcc.o
       892         22          0          0          0        980   stm32f4xx_hal_tim.o
        44          0          0          0          0        116   stm32f4xx_hal_tim_ex.o
       632         14          0          0          0        372   stm32f4xx_hal_uart.o
       512         74         16          4          0        400   system_stm32f4xx.o

    ----------------------------------------------------------------------
      8020        688        588         20       1420     191697   Object Totals
         0          0         32          0          0          0   (incl. Generated)
        10          0          0          0          0          0   (incl. Padding)

    ----------------------------------------------------------------------

      Code (inc. data)   RO Data    RW Data    ZI Data      Debug   Library Member Name

      1824         74        622          8          0       1552   char.o
      1502         80          5         32          0       1760   locale.o
       482         34          0         12          0        784   messages.o
        36          0          0          0          0        144   rwalloc.o
       184         24          4          8          0        400   rwcats.o
      1000         68        792         23         24       1220   rwstdexcept.o
       152         94          0          0          0         72   rwthrowproc_impl_noex.o
         0          0          0          4          0          0   rwthrowproc_noex.o
         0          0          0          0         16          0   vendor.o
        28          0          0          0          0         84   ARM_vec_cleanup_noexceptions.o
        36          0          0          0          0         84   aeabi_vec_ctor_nocookie_nodtor.o
        14          0          0          0          0         80   aeabi_vec_delete_noexceptions.o
        16          0          0          0          0         68   aeabi_vec_dtor_cookie.o
        34          0          0          0          0         84   aeabi_vec_dtor_noexceptions.o
        20          0          0          0          0         80   aeabi_vec_new_cookie.o
        80         12          0          0          0        104   arm_exceptions_globs.o
        60          0          0          0          0        108   arm_exceptions_mem.o
        26          0          0          0          0         76   arm_exceptions_terminate.o
         4          0          0          0          0         68   arm_newhandler_noexceptions.o
         2          0          0          0          0         68   arm_rethrow_noexceptions.o
         8          0          0          0          0         76   array_del.o
         8          0          0          0          0         76   array_new.o
       146          0          0          0          0         96   array_new_general.o
        16          0          0          0          0         68   cxa_guard_acquire.o
        24          6          0          0          0         84   cxa_vec_new.o
         8          0          0          0          0         76   delete.o
        12          6          0          0          0         68   exception_ctor.o
         0          0         20          0          0          0   exception_dtor.o
        40          6          0          0          0         76   new.o
         6          0          0          0          0         68   pure_virt.o
       152         24         16          4          0        476   FileBase.o
        54         10         60          0          0        252   FileLike.o
       154          0          0          0          0        728   FilePath.o
        34          0          0          0          0        232   FunctionPointer.o
        54          4         92          0          0        364   Serial.o
       134         12         16          0          0        612   SerialBase.o
       180         18         68          0          0        760   Stream.o
        80         56          0          0          0        128   assert.o
        24          4          0          0          0        128   error.o
        32          8          0          0          0        120   exit.o
       106          4        115          0          0        272   gpio.o
       148         28        112          0          0        388   gpio_api.o
       312         94        172          0          0        388   pinmap.o
       236         78          0          0          0        384   pinmap_common.o
       652        126        360          0         60        540   pwmout_api.o
       480         86        236          8        100        484   serial_api.o
       108         34          0          4         60        472   us_ticker.o
        64          4          0          8          0        136   us_ticker_api.o
        68          4          0          0          0        256   wait_api.o
        56          8          0          0          0         84   __0sscanf.o
        28          0          0          0          0         68   _chval.o
       812          4          0          0          0        112   _scanf.o
       332          0          0          0          0         96   _scanf_int.o
       342          0          0          0          0        100   _scanf_longlong.o
       224          0          0          0          0         96   _scanf_str.o
        64          0          0          0          0         84   _sgetc.o
        46          0          0          0          0         84   aeabi_atexit.o
         8          4          0          4          0         68   cpp_dtor.o
         2          0          0          0          0         68   cpp_final.o
        32         10          0          0          0         80   cpp_init.o
        20          4          0         12          0        136   cpp_memory.o
         2          0          0          0          0         68   cpp_signal.o
         8          4        133          0          0         68   ctype_o.o
        66          0          0          0          0         84   cxa_finalize.o
         0          0          0          0          0          0   entry.o
         0          0          0          0          0          0   entry10a.o
         4          0          0          0          0          0   entry10b.o
         0          0          0          0          0          0   entry11a.o
         8          4          0          0          0          0   entry2.o
         4          0          0          0          0          0   entry5.o
         4          0          0          0          0          0   entry6b.o
         0          0          0          0          0          0   entry7b.o
         4          0          0          0          0          0   entry8a.o
         0          0          0          0          0          0   entry8b.o
         8          4          0          0          0          0   entry9a.o
        30          0          0          0          0         76   fclose_f.o
        24          0          0          0          0         76   fflush_f.o
       146          0          0          0          0        160   fopen_f.o
        40          0          0          0          0         80   fputc_fp.o
        30          0          0          0          0          0   handlers.o
        36          8          0          0          0         68   init.o
        32         12          0          0          0         72   initio_oe.o
        18          0          0          0          0         76   isspace_o.o
         0          0          0          0          0          0   iusefp.o
        30          0          0          0          0         68   llshl.o
        36          0          0          0          0         68   llsshr.o
        32          0          0          0          0         68   llushr.o
       188         20          0          0          0        160   malloc.o
        36          0          0          0          0         68   memcpya.o
        66          0          0          0          0         76   memmove.o
        64          0          0          0          0         76   memmovea.o
        36          0          0          0          0        108   memseta.o
         0          0          0          8          0          0   mvars.o
      2394        100          0          0          0        832   printfa.o
        36         10          0          4          0        136   rand.o
        40          8          0          0          0         84   scanf_char.o
       878         12          0          0          0        216   scanf_fp.o
        56          8          0          0          0         84   sscanf.o
         0          0          0          4          0          0   stderr.o
         0          0          0          0         20          0   stderr_f.o
         0          0          0          0         20          0   stdout_f.o
        24          0          0          0          0         68   strcat.o
        28          0          0          0          0         76   strcmp.o
        18          0          0          0          0         68   strcpy.o
        14          0          0          0          0         68   strlen.o
        30          0          0          0          0         80   strncmp.o
        32          0          0          0          0         68   strrchr.o
        44          0          0          0          0         80   uidiv.o
        98          0          0          0          0         92   uldiv.o
        48          0          0          0          0         68   cdrcmple.o
        56          0          0          0          0         88   d2f.o
       334          0          0          0          0        148   dadd.o
       222          0          0          0          0        100   ddiv.o
       186          0          0          0          0        176   depilogue.o
        48          0          0          0          0         68   dfixul.o
        24          0          0          0          0         76   dfltul.o
       228          0          0          0          0         96   dmul.o
       110          0          0          0          0        168   fepilogue.o

    ----------------------------------------------------------------------
     16736       1218       2832        144        300      20180   Library Totals
        30          0          9          1          0          0   (incl. Padding)

    ----------------------------------------------------------------------

      Code (inc. data)   RO Data    RW Data    ZI Data      Debug   Library Name

      5180        374       1423         87         40       5932   cpp_ws.l
       588         30         20          0          0       1592   cpprt_w.l
      3072        594       1247         24        220       7120   mbed.ar
      6610        220        133         32         40       4548   mc_w.l
      1256          0          0          0          0        988   mf_w.l

    ----------------------------------------------------------------------
     16736       1218       2832        144        300      20180   Library Totals

    ----------------------------------------------------------------------

==============================================================================


      Code (inc. data)   RO Data    RW Data    ZI Data      Debug   

     24756       1906       3420        164       1720     192769   Grand Totals
     24756       1906       3420        164       1720     192769   ELF Image Totals
     24756       1906       3420        164          0          0   ROM Totals

==============================================================================

    Total RO  Size (Code + RO Data)                28176 (  27.52kB)
    Total RW  Size (RW Data + ZI Data)              1884 (   1.84kB)
    Total ROM Size (Code + RO Data + RW Data)      28340 (  27.68kB)

==============================================================================

