<html>
<body>
<pre>
<h1>µVision Build Log</h1>
<h2>Tool Versions:</h2>
IDE-Version: µVision V5.24.2.0
Copyright (C) 2017 ARM Ltd and ARM Germany GmbH. All rights reserved.
License Information: Jason Martin, csusm, LIC=----
 
Tool Versions:
Toolchain:       MDK-Lite  Version: 5.24.1
Toolchain Path:  C:\Keil_v5\ARM\ARMCC\Bin
C Compiler:      Armcc.exe V5.06 update 5 (build 528)
Assembler:       Armasm.exe V5.06 update 5 (build 528)
Linker/Locator:  ArmLink.exe V5.06 update 5 (build 528)
Library Manager: ArmAr.exe V5.06 update 5 (build 528)
Hex Converter:   FromElf.exe V5.06 update 5 (build 528)
CPU DLL:         SARMCM3.DLL V5.24.1
Dialog DLL:      DCM.DLL V1.16.0.0
Target DLL:      STLink\ST-LINKIII-KEIL_SWO.dll V3.0.1.0
Dialog DLL:      TCM.DLL V1.32.0.0
 
<h2>Project:</h2>
C:\Users\D\Documents\3_School Documents\435\lab 4\Lab4-Skeleton-Code\audio\audio.uvproj
Project File Date:  11/22/2017

<h2>Output:</h2>
*** Using Compiler 'V5.06 update 5 (build 528)', folder: 'C:\Keil_v5\ARM\ARMCC\Bin'
*** Warning: Using Microlib and C++ file(s) might cause the linker to fail !
  
Rebuild target 'mbed NUCLEO_F401RE'
compiling main.cpp...
src\main.cpp(189): warning:  #780-D: reference is to variable "i"  (declared at line 138) -- under old for-init scoping rules it would have been variable "i"  (declared at line 147)
  			if(sequence[i] == 0 && pressed[0])
src\main.cpp(193): warning:  #780-D: reference is to variable "i"  (declared at line 138) -- under old for-init scoping rules it would have been variable "i"  (declared at line 147)
  			else if(sequence[i] == 1 && pressed[1])
src\main.cpp(197): warning:  #780-D: reference is to variable "i"  (declared at line 138) -- under old for-init scoping rules it would have been variable "i"  (declared at line 147)
  			else if(sequence[i] == 2 && pressed[2])
src\main.cpp: 3 warnings, 0 errors
linking...
Program Size: Code=24756 RO-data=3420 RW-data=164 ZI-data=1720  
".\build\audio.axf" - 0 Error(s), 3 Warning(s).
Build Time Elapsed:  00:00:01
</pre>
</body>
</html>
